Archive member included to satisfy reference by file (symbol)

c:/st/stm32cubeide_1.10.1/stm32cubeide/plugins/com.st.stm32cube.ide.mcu.externaltools.gnu-tools-for-stm32.10.3-2021.10.win32_1.0.0.202111181127/tools/bin/../lib/gcc/arm-none-eabi/10.3.1/../../../../arm-none-eabi/lib/thumb/v7e-m+fp/hard\libstdc++_nano.a(del_ops.o)
                              ./Core/srccpp/Common/common.o (operator delete(void*, unsigned int))
c:/st/stm32cubeide_1.10.1/stm32cubeide/plugins/com.st.stm32cube.ide.mcu.externaltools.gnu-tools-for-stm32.10.3-2021.10.win32_1.0.0.202111181127/tools/bin/../lib/gcc/arm-none-eabi/10.3.1/../../../../arm-none-eabi/lib/thumb/v7e-m+fp/hard\libstdc++_nano.a(del_op.o)
                              c:/st/stm32cubeide_1.10.1/stm32cubeide/plugins/com.st.stm32cube.ide.mcu.externaltools.gnu-tools-for-stm32.10.3-2021.10.win32_1.0.0.202111181127/tools/bin/../lib/gcc/arm-none-eabi/10.3.1/../../../../arm-none-eabi/lib/thumb/v7e-m+fp/hard\libstdc++_nano.a(del_ops.o) (operator delete(void*))
c:/st/stm32cubeide_1.10.1/stm32cubeide/plugins/com.st.stm32cube.ide.mcu.externaltools.gnu-tools-for-stm32.10.3-2021.10.win32_1.0.0.202111181127/tools/bin/../lib/gcc/arm-none-eabi/10.3.1/../../../../arm-none-eabi/lib/thumb/v7e-m+fp/hard\libc_nano.a(lib_a-errno.o)
                              ./Core/Src/syscalls.o (__errno)
c:/st/stm32cubeide_1.10.1/stm32cubeide/plugins/com.st.stm32cube.ide.mcu.externaltools.gnu-tools-for-stm32.10.3-2021.10.win32_1.0.0.202111181127/tools/bin/../lib/gcc/arm-none-eabi/10.3.1/../../../../arm-none-eabi/lib/thumb/v7e-m+fp/hard\libc_nano.a(lib_a-exit.o)
                              c:/st/stm32cubeide_1.10.1/stm32cubeide/plugins/com.st.stm32cube.ide.mcu.externaltools.gnu-tools-for-stm32.10.3-2021.10.win32_1.0.0.202111181127/tools/bin/../lib/gcc/arm-none-eabi/10.3.1/../../../../arm-none-eabi/lib/thumb/v7e-m+fp/hard/crt0.o (exit)
c:/st/stm32cubeide_1.10.1/stm32cubeide/plugins/com.st.stm32cube.ide.mcu.externaltools.gnu-tools-for-stm32.10.3-2021.10.win32_1.0.0.202111181127/tools/bin/../lib/gcc/arm-none-eabi/10.3.1/../../../../arm-none-eabi/lib/thumb/v7e-m+fp/hard\libc_nano.a(lib_a-impure.o)
                              c:/st/stm32cubeide_1.10.1/stm32cubeide/plugins/com.st.stm32cube.ide.mcu.externaltools.gnu-tools-for-stm32.10.3-2021.10.win32_1.0.0.202111181127/tools/bin/../lib/gcc/arm-none-eabi/10.3.1/../../../../arm-none-eabi/lib/thumb/v7e-m+fp/hard\libc_nano.a(lib_a-exit.o) (_global_impure_ptr)
c:/st/stm32cubeide_1.10.1/stm32cubeide/plugins/com.st.stm32cube.ide.mcu.externaltools.gnu-tools-for-stm32.10.3-2021.10.win32_1.0.0.202111181127/tools/bin/../lib/gcc/arm-none-eabi/10.3.1/../../../../arm-none-eabi/lib/thumb/v7e-m+fp/hard\libc_nano.a(lib_a-init.o)
                              c:/st/stm32cubeide_1.10.1/stm32cubeide/plugins/com.st.stm32cube.ide.mcu.externaltools.gnu-tools-for-stm32.10.3-2021.10.win32_1.0.0.202111181127/tools/bin/../lib/gcc/arm-none-eabi/10.3.1/../../../../arm-none-eabi/lib/thumb/v7e-m+fp/hard/crt0.o (__libc_init_array)
c:/st/stm32cubeide_1.10.1/stm32cubeide/plugins/com.st.stm32cube.ide.mcu.externaltools.gnu-tools-for-stm32.10.3-2021.10.win32_1.0.0.202111181127/tools/bin/../lib/gcc/arm-none-eabi/10.3.1/../../../../arm-none-eabi/lib/thumb/v7e-m+fp/hard\libc_nano.a(lib_a-malloc.o)
                              c:/st/stm32cubeide_1.10.1/stm32cubeide/plugins/com.st.stm32cube.ide.mcu.externaltools.gnu-tools-for-stm32.10.3-2021.10.win32_1.0.0.202111181127/tools/bin/../lib/gcc/arm-none-eabi/10.3.1/../../../../arm-none-eabi/lib/thumb/v7e-m+fp/hard\libstdc++_nano.a(del_op.o) (free)
c:/st/stm32cubeide_1.10.1/stm32cubeide/plugins/com.st.stm32cube.ide.mcu.externaltools.gnu-tools-for-stm32.10.3-2021.10.win32_1.0.0.202111181127/tools/bin/../lib/gcc/arm-none-eabi/10.3.1/../../../../arm-none-eabi/lib/thumb/v7e-m+fp/hard\libc_nano.a(lib_a-memcpy-stub.o)
                              ./Core/srccpp/Modbus/Modbusrtu.o (memcpy)
c:/st/stm32cubeide_1.10.1/stm32cubeide/plugins/com.st.stm32cube.ide.mcu.externaltools.gnu-tools-for-stm32.10.3-2021.10.win32_1.0.0.202111181127/tools/bin/../lib/gcc/arm-none-eabi/10.3.1/../../../../arm-none-eabi/lib/thumb/v7e-m+fp/hard\libc_nano.a(lib_a-memset.o)
                              c:/st/stm32cubeide_1.10.1/stm32cubeide/plugins/com.st.stm32cube.ide.mcu.externaltools.gnu-tools-for-stm32.10.3-2021.10.win32_1.0.0.202111181127/tools/bin/../lib/gcc/arm-none-eabi/10.3.1/../../../../arm-none-eabi/lib/thumb/v7e-m+fp/hard/crt0.o (memset)
c:/st/stm32cubeide_1.10.1/stm32cubeide/plugins/com.st.stm32cube.ide.mcu.externaltools.gnu-tools-for-stm32.10.3-2021.10.win32_1.0.0.202111181127/tools/bin/../lib/gcc/arm-none-eabi/10.3.1/../../../../arm-none-eabi/lib/thumb/v7e-m+fp/hard\libc_nano.a(lib_a-nano-freer.o)
[...]
Memory Configuration

Name             Origin             Length             Attributes
RAM              0x0000000020000000 0x0000000000010000 xrw
RAM2             0x0000000010000000 0x0000000000004000 xrw
FLASH            0x0000000008000000 0x0000000000040000 xr
*default*        0x0000000000000000 0xffffffffffffffff

Linker script and memory map

LOAD c:/st/stm32cubeide_1.10.1/stm32cubeide/plugins/com.st.stm32cube.ide.mcu.externaltools.gnu-tools-for-stm32.10.3-2021.10.win32_1.0.0.202111181127/tools/bin/../lib/gcc/arm-none-eabi/10.3.1/thumb/v7e-m+fp/hard/crti.o
LOAD c:/st/stm32cubeide_1.10.1/stm32cubeide/plugins/com.st.stm32cube.ide.mcu.externaltools.gnu-tools-for-stm32.10.3-2021.10.win32_1.0.0.202111181127/tools/bin/../lib/gcc/arm-none-eabi/10.3.1/thumb/v7e-m+fp/hard/crtbegin.o
LOAD c:/st/stm32cubeide_1.10.1/stm32cubeide/plugins/com.st.stm32cube.ide.mcu.externaltools.gnu-tools-for-stm32.10.3-2021.10.win32_1.0.0.202111181127/tools/bin/../lib/gcc/arm-none-eabi/10.3.1/../../../../arm-none-eabi/lib/thumb/v7e-m+fp/hard/crt0.o
LOAD ./Core/Src/ESP8266/esp8266.o
LOAD ./Core/Src/ESP8266/esp8266_rx.o
LOAD ./Core/Src/GLCD_clib.o
LOAD ./Core/Src/TimerIntHandler.o
LOAD ./Core/Src/UARTTxRxHandle.o
LOAD ./Core/Src/main.o
LOAD ./Core/Src/stm32l4xx_hal_msp.o
LOAD ./Core/Src/stm32l4xx_it.o
LOAD ./Core/Src/syscalls.o
LOAD ./Core/Src/sysmem.o
LOAD ./Core/Src/system_stm32l4xx.o
LOAD ./Core/Src/Internet/DHCP/dhcp.o
LOAD ./Core/Src/Internet/DNS/dns.o
LOAD ./Core/Src/RTC/ds1307.o
LOAD ./Core/Src/W25Q64/w25qxx.o
LOAD ./Core/Src/W5500_C/W5500/w5500.o
LOAD ./Core/Src/W5500_C/httpClient.o
LOAD ./Core/Src/W5500_C/socket.o
LOAD ./Core/Src/W5500_C/w5500_spi.o
LOAD ./Core/Src/W5500_C/wizchip_conf.o
LOAD ./Core/Startup/startup_stm32l433rctx.o
LOAD ./Core/srccpp/Common/common.o
LOAD ./Core/srccpp/DisplayCPP/DisplayRoutine.o
LOAD ./Core/srccpp/DisplayCPP/GLCD.o
LOAD ./Core/srccpp/Ethernet/W5500.o
LOAD ./Core/srccpp/HeattreatmentLogic/ApplicationSW.o
LOAD ./Core/srccpp/Modbus/Modbusrtu.o
LOAD ./Core/srccpp/OfflineStorage/OfflineStorage.o
LOAD ./Core/srccpp/Shift/SHIFT.o
LOAD ./Core/srccpp/WifiEsp8266/ESP8266.o
LOAD ./Core/srccpp/main.o
LOAD ./Drivers/STM32L4xx_HAL_Driver/Src/stm32l4xx_hal.o
LOAD ./Drivers/STM32L4xx_HAL_Driver/Src/stm32l4xx_hal_cortex.o
LOAD ./Drivers/STM32L4xx_HAL_Driver/Src/stm32l4xx_hal_dma.o
LOAD ./Drivers/STM32L4xx_HAL_Driver/Src/stm32l4xx_hal_dma_ex.o
LOAD ./Drivers/STM32L4xx_HAL_Driver/Src/stm32l4xx_hal_exti.o
LOAD ./Drivers/STM32L4xx_HAL_Driver/Src/stm32l4xx_hal_flash.o
LOAD ./Drivers/STM32L4xx_HAL_Driver/Src/stm32l4xx_hal_flash_ex.o
LOAD ./Drivers/STM32L4xx_HAL_Driver/Src/stm32l4xx_hal_flash_ramfunc.o
LOAD ./Drivers/STM32L4xx_HAL_Driver/Src/stm32l4xx_hal_gpio.o
LOAD ./Drivers/STM32L4xx_HAL_Driver/Src/stm32l4xx_hal_i2c.o
LOAD ./Drivers/STM32L4xx_HAL_Driver/Src/stm32l4xx_hal_i2c_ex.o
LOAD ./Drivers/STM32L4xx_HAL_Driver/Src/stm32l4xx_hal_pwr.o
LOAD ./Drivers/STM32L4xx_HAL_Driver/Src/stm32l4xx_hal_pwr_ex.o
LOAD ./Drivers/STM32L4xx_HAL_Driver/Src/stm32l4xx_hal_rcc.o
LOAD ./Drivers/STM32L4xx_HAL_Driver/Src/stm32l4xx_hal_rcc_ex.o
LOAD ./Drivers/STM32L4xx_HAL_Driver/Src/stm32l4xx_hal_spi.o
LOAD ./Drivers/STM32L4xx_HAL_Driver/Src/stm32l4xx_hal_spi_ex.o
LOAD ./Drivers/STM32L4xx_HAL_Driver/Src/stm32l4xx_hal_tim.o
LOAD ./Drivers/STM32L4xx_HAL_Driver/Src/stm32l4xx_hal_tim_ex.o
LOAD ./Drivers/STM32L4xx_HAL_Driver/Src/stm32l4xx_hal_uart.o
LOAD ./Drivers/STM32L4xx_HAL_Driver/Src/stm32l4xx_hal_uart_ex.o
START GROUP
LOAD c:/st/stm32cubeide_1.10.1/stm32cubeide/plugins/com.st.stm32cube.ide.mcu.externaltools.gnu-tools-for-stm32.10.3-2021.10.win32_1.0.0.202111181127/tools/bin/../lib/gcc/arm-none-eabi/10.3.1/../../../../arm-none-eabi/lib/thumb/v7e-m+fp/hard\libstdc++_nano.a
LOAD c:/st/stm32cubeide_1.10.1/stm32cubeide/plugins/com.st.stm32cube.ide.mcu.externaltools.gnu-tools-for-stm32.10.3-2021.10.win32_1.0.0.202111181127/tools/bin/../lib/gcc/arm-none-eabi/10.3.1/../../../../arm-none-eabi/lib/thumb/v7e-m+fp/hard\libsupc++_nano.a
END GROUP
LOAD c:/st/stm32cubeide_1.10.1/stm32cubeide/plugins/com.st.stm32cube.ide.mcu.externaltools.gnu-tools-for-stm32.10.3-2021.10.win32_1.0.0.202111181127/tools/bin/../lib/gcc/arm-none-eabi/10.3.1/../../../../arm-none-eabi/lib/thumb/v7e-m+fp/hard\libstdc++_nano.a
LOAD c:/st/stm32cubeide_1.10.1/stm32cubeide/plugins/com.st.stm32cube.ide.mcu.externaltools.gnu-tools-for-stm32.10.3-2021.10.win32_1.0.0.202111181127/tools/bin/../lib/gcc/arm-none-eabi/10.3.1/../../../../arm-none-eabi/lib/thumb/v7e-m+fp/hard\libm.a
LOAD c:/st/stm32cubeide_1.10.1/stm32cubeide/plugins/com.st.stm32cube.ide.mcu.externaltools.gnu-tools-for-stm32.10.3-2021.10.win32_1.0.0.202111181127/tools/bin/../lib/gcc/arm-none-eabi/10.3.1/../../../../arm-none-eabi/lib/thumb/v7e-m+fp/hard\libc_nano.a
START GROUP
LOAD c:/st/stm32cubeide_1.10.1/stm32cubeide/plugins/com.st.stm32cube.ide.mcu.externaltools.gnu-tools-for-stm32.10.3-2021.10.win32_1.0.0.202111181127/tools/bin/../lib/gcc/arm-none-eabi/10.3.1/thumb/v7e-m+fp/hard\libgcc.a
LOAD c:/st/stm32cubeide_1.10.1/stm32cubeide/plugins/com.st.stm32cube.ide.mcu.externaltools.gnu-tools-for-stm32.10.3-2021.10.win32_1.0.0.202111181127/tools/bin/../lib/gcc/arm-none-eabi/10.3.1/../../../../arm-none-eabi/lib/thumb/v7e-m+fp/hard\libc_nano.a
END GROUP
START GROUP
LOAD c:/st/stm32cubeide_1.10.1/stm32cubeide/plugins/com.st.stm32cube.ide.mcu.externaltools.gnu-tools-for-stm32.10.3-2021.10.win32_1.0.0.202111181127/tools/bin/../lib/gcc/arm-none-eabi/10.3.1/thumb/v7e-m+fp/hard\libgcc.a
LOAD c:/st/stm32cubeide_1.10.1/stm32cubeide/plugins/com.st.stm32cube.ide.mcu.externaltools.gnu-tools-for-stm32.10.3-2021.10.win32_1.0.0.202111181127/tools/bin/../lib/gcc/arm-none-eabi/10.3.1/../../../../arm-none-eabi/lib/thumb/v7e-m+fp/hard\libc_nano.a
LOAD c:/st/stm32cubeide_1.10.1/stm32cubeide/plugins/com.st.stm32cube.ide.mcu.externaltools.gnu-tools-for-stm32.10.3-2021.10.win32_1.0.0.202111181127/tools/bin/../lib/gcc/arm-none-eabi/10.3.1/../../../../arm-none-eabi/lib/thumb/v7e-m+fp/hard\libnosys.a
END GROUP
START GROUP
LOAD c:/st/stm32cubeide_1.10.1/stm32cubeide/plugins/com.st.stm32cube.ide.mcu.externaltools.gnu-tools-for-stm32.10.3-2021.10.win32_1.0.0.202111181127/tools/bin/../lib/gcc/arm-none-eabi/10.3.1/thumb/v7e-m+fp/hard\libgcc.a
LOAD c:/st/stm32cubeide_1.10.1/stm32cubeide/plugins/com.st.stm32cube.ide.mcu.externaltools.gnu-tools-for-stm32.10.3-2021.10.win32_1.0.0.202111181127/tools/bin/../lib/gcc/arm-none-eabi/10.3.1/../../../../arm-none-eabi/lib/thumb/v7e-m+fp/hard\libc_nano.a
LOAD c:/st/stm32cubeide_1.10.1/stm32cubeide/plugins/com.st.stm32cube.ide.mcu.externaltools.gnu-tools-for-stm32.10.3-2021.10.win32_1.0.0.202111181127/tools/bin/../lib/gcc/arm-none-eabi/10.3.1/../../../../arm-none-eabi/lib/thumb/v7e-m+fp/hard\libnosys.a
END GROUP
LOAD c:/st/stm32cubeide_1.10.1/stm32cubeide/plugins/com.st.stm32cube.ide.mcu.externaltools.gnu-tools-for-stm32.10.3-2021.10.win32_1.0.0.202111181127/tools/bin/../lib/gcc/arm-none-eabi/10.3.1/thumb/v7e-m+fp/hard/crtend.o
LOAD c:/st/stm32cubeide_1.10.1/stm32cubeide/plugins/com.st.stm32cube.ide.mcu.externaltools.gnu-tools-for-stm32.10.3-2021.10.win32_1.0.0.202111181127/tools/bin/../lib/gcc/arm-none-eabi/10.3.1/thumb/v7e-m+fp/hard/crtn.o
                0x0000000020010000                _estack = (ORIGIN (RAM) + LENGTH (RAM))
                0x0000000000000200                _Min_Heap_Size = 0x200
                0x0000000000000400                _Min_Stack_Size = 0x400

.isr_vector     0x0000000008000000      0x18c
                0x0000000008000000                . = ALIGN (0x4)
 *(.isr_vector)
 .isr_vector    0x0000000008000000      0x18c ./Core/Startup/startup_stm32l433rctx.o
                0x0000000008000000                g_pfnVectors
                0x000000000800018c                . = ALIGN (0x4)

.text           0x0000000008000190    0x10a38
                0x0000000008000190                . = ALIGN (0x4)
 *(.text)
 .text          0x0000000008000190       0x40 c:/st/stm32cubeide_1.10.1/stm32cubeide/plugins/com.st.stm32cube.ide.mcu.externaltools.gnu-tools-for-stm32.10.3-2021.10.win32_1.0.0.202111181127/tools/bin/../lib/gcc/arm-none-eabi/10.3.1/thumb/v7e-m+fp/hard/crtbegin.o
 .text          0x00000000080001d0       0xa0 c:/st/stm32cubeide_1.10.1/stm32cubeide/plugins/com.st.stm32cube.ide.mcu.externaltools.gnu-tools-for-stm32.10.3-2021.10.win32_1.0.0.202111181127/tools/bin/../lib/gcc/arm-none-eabi/10.3.1/../../../../arm-none-eabi/lib/thumb/v7e-m+fp/hard\libc_nano.a(lib_a-memchr.o)
                0x00000000080001d0                memchr
 .text          0x0000000008000270       0x30 c:/st/stm32cubeide_1.10.1/stm32cubeide/plugins/com.st.stm32cube.ide.mcu.externaltools.gnu-tools-for-stm32.10.3-2021.10.win32_1.0.0.202111181127/tools/bin/../lib/gcc/arm-none-eabi/10.3.1/thumb/v7e-m+fp/hard\libgcc.a(_aeabi_uldivmod.o)
                0x0000000008000270                __aeabi_uldivmod
 .text          0x00000000080002a0      0x2d0 c:/st/stm32cubeide_1.10.1/stm32cubeide/plugins/com.st.stm32cube.ide.mcu.externaltools.gnu-tools-for-stm32.10.3-2021.10.win32_1.0.0.202111181127/tools/bin/../lib/gcc/arm-none-eabi/10.3.1/thumb/v7e-m+fp/hard\libgcc.a(_udivmoddi4.o)
                0x00000000080002a0                __udivmoddi4
 .text          0x0000000008000570        0x4 c:/st/stm32cubeide_1.10.1/stm32cubeide/plugins/com.st.stm32cube.ide.mcu.externaltools.gnu-tools-for-stm32.10.3-2021.10.win32_1.0.0.202111181127/tools/bin/../lib/gcc/arm-none-eabi/10.3.1/thumb/v7e-m+fp/hard\libgcc.a(_dvmd_tls.o)
                0x0000000008000570                __aeabi_idiv0
                0x0000000008000570                __aeabi_ldiv0
 *(.text*)
 .text.ESPRxDecoder
                0x0000000008000574     0x162c ./Core/Src/ESP8266/esp8266_rx.o
                0x0000000008000574                ESPRxDecoder
 .text.DecToASCIIFun
                0x0000000008001ba0       0xe4 ./Core/Src/ESP8266/esp8266_rx.o
                0x0000000008001ba0                DecToASCIIFun
 .text.HAL_TIM_PeriodElapsedCallback
                0x0000000008001c84      0x364 ./Core/Src/TimerIntHandler.o
                0x0000000008001c84                HAL_TIM_PeriodElapsedCallback
 .text.HAL_UART_RxCpltCallback
                0x0000000008001fe8      0x2ec ./Core/Src/UARTTxRxHandle.o
                0x0000000008001fe8                HAL_UART_RxCpltCallback
 .text.DwinFrameDecode
                0x00000000080022d4      0x10c ./Core/Src/UARTTxRxHandle.o
                0x00000000080022d4                DwinFrameDecode
 .text.main     0x00000000080023e0       0xb4 ./Core/Src/main.o
                0x00000000080023e0                main
 .text.SystemClock_Config
                0x0000000008002494       0xa4 ./Core/Src/main.o
                0x0000000008002494                SystemClock_Config
 .text.MX_I2C1_Init
                0x0000000008002538       0x80 ./Core/Src/main.o
 .text.MX_LPUART1_UART_Init
                0x00000000080025b8       0x58 ./Core/Src/main.o
 .text.MX_USART1_UART_Init
                0x0000000008002610       0x60 ./Core/Src/main.o
 .text.MX_USART2_UART_Init
                0x0000000008002670       0x60 ./Core/Src/main.o
 .text.MX_SPI1_Init
                0x00000000080026d0       0x90 ./Core/Src/main.o
 .text.MX_SPI2_Init
                0x0000000008002760       0x90 ./Core/Src/main.o
 .text.MX_TIM1_Init
                0x00000000080027f0       0xa8 ./Core/Src/main.o
 .text.MX_TIM6_Init
                0x0000000008002898       0x6c ./Core/Src/main.o
 .text.MX_TIM7_Init
                0x0000000008002904       0x70 ./Core/Src/main.o
 .text.MX_GPIO_Init
                0x0000000008002974      0x1e4 ./Core/Src/main.o
 .text.Error_Handler
                0x0000000008002b58        0xa ./Core/Src/main.o
                0x0000000008002b58                Error_Handler
 *fill*         0x0000000008002b62        0x2 
 .text.HAL_MspInit
                0x0000000008002b64       0x48 ./Core/Src/stm32l4xx_hal_msp.o
                0x0000000008002b64                HAL_MspInit
 .text.HAL_I2C_MspInit
                0x0000000008002bac       0xb8 ./Core/Src/stm32l4xx_hal_msp.o
                0x0000000008002bac                HAL_I2C_MspInit
 .text.HAL_UART_MspInit
                0x0000000008002c64      0x1fc ./Core/Src/stm32l4xx_hal_msp.o
                0x0000000008002c64                HAL_UART_MspInit
 .text.HAL_SPI_MspInit
                0x0000000008002e60       0xec ./Core/Src/stm32l4xx_hal_msp.o
                0x0000000008002e60                HAL_SPI_MspInit
 .text.HAL_TIM_Base_MspInit
                0x0000000008002f4c       0xac ./Core/Src/stm32l4xx_hal_msp.o
                0x0000000008002f4c                HAL_TIM_Base_MspInit
 .text.NMI_Handler
                0x0000000008002ff8        0x6 ./Core/Src/stm32l4xx_it.o
                0x0000000008002ff8                NMI_Handler
 .text.HardFault_Handler
                0x0000000008002ffe        0x6 ./Core/Src/stm32l4xx_it.o
                0x0000000008002ffe                HardFault_Handler
 .text.MemManage_Handler
                0x0000000008003004        0x6 ./Core/Src/stm32l4xx_it.o
                0x0000000008003004                MemManage_Handler
 .text.BusFault_Handler
                0x000000000800300a        0x6 ./Core/Src/stm32l4xx_it.o
                0x000000000800300a                BusFault_Handler
 .text.UsageFault_Handler
                0x0000000008003010        0x6 ./Core/Src/stm32l4xx_it.o
                0x0000000008003010                UsageFault_Handler
 .text.SVC_Handler
                0x0000000008003016        0xe ./Core/Src/stm32l4xx_it.o
                0x0000000008003016                SVC_Handler
 .text.DebugMon_Handler
                0x0000000008003024        0xe ./Core/Src/stm32l4xx_it.o
                0x0000000008003024                DebugMon_Handler
 .text.PendSV_Handler
                0x0000000008003032        0xe ./Core/Src/stm32l4xx_it.o
                0x0000000008003032                PendSV_Handler
 .text.SysTick_Handler
                0x0000000008003040        0xc ./Core/Src/stm32l4xx_it.o
                0x0000000008003040                SysTick_Handler
 .text.USART1_IRQHandler
                0x000000000800304c       0x14 ./Core/Src/stm32l4xx_it.o
                0x000000000800304c                USART1_IRQHandler
 .text.USART2_IRQHandler
                0x0000000008003060       0x14 ./Core/Src/stm32l4xx_it.o
                0x0000000008003060                USART2_IRQHandler
 .text.TIM6_DAC_IRQHandler
                0x0000000008003074       0x14 ./Core/Src/stm32l4xx_it.o
                0x0000000008003074                TIM6_DAC_IRQHandler
 .text.TIM7_IRQHandler
                0x0000000008003088       0x14 ./Core/Src/stm32l4xx_it.o
                0x0000000008003088                TIM7_IRQHandler
 .text.LPUART1_IRQHandler
                0x000000000800309c       0x14 ./Core/Src/stm32l4xx_it.o
                0x000000000800309c                LPUART1_IRQHandler
 .text._sbrk    0x00000000080030b0       0x6c ./Core/Src/sysmem.o
                0x00000000080030b0                _sbrk
 .text.SystemInit
                0x000000000800311c       0x24 ./Core/Src/system_stm32l4xx.o
                0x000000000800311c                SystemInit
 .text.W25qxx_Spi
                0x0000000008003140       0x2c ./Core/Src/W25Q64/w25qxx.o
                0x0000000008003140                W25qxx_Spi
 .text.W25qxx_ReadID
                0x000000000800316c       0x6c ./Core/Src/W25Q64/w25qxx.o
                0x000000000800316c                W25qxx_ReadID
 .text.W25qxx_ReadUniqID
                0x00000000080031d8       0x6c ./Core/Src/W25Q64/w25qxx.o
                0x00000000080031d8                W25qxx_ReadUniqID
 .text.W25qxx_WriteEnable
                0x0000000008003244       0x2c ./Core/Src/W25Q64/w25qxx.o
                0x0000000008003244                W25qxx_WriteEnable
 .text.W25qxx_ReadStatusRegister
                0x0000000008003270       0x8c ./Core/Src/W25Q64/w25qxx.o
                0x0000000008003270                W25qxx_ReadStatusRegister
 .text.W25qxx_WaitForWriteEnd
                0x00000000080032fc       0x54 ./Core/Src/W25Q64/w25qxx.o
                0x00000000080032fc                W25qxx_WaitForWriteEnd
 .text.W25qxx_Init
                0x0000000008003350      0x1a4 ./Core/Src/W25Q64/w25qxx.o
                0x0000000008003350                W25qxx_Init
 .text.W25qxx_EraseSector
                0x00000000080034f4       0xb0 ./Core/Src/W25Q64/w25qxx.o
                0x00000000080034f4                W25qxx_EraseSector
 .text.W25qxx_SectorToPage
                0x00000000080035a4       0x2c ./Core/Src/W25Q64/w25qxx.o
                0x00000000080035a4                W25qxx_SectorToPage
 .text.W25qxx_WritePage
                0x00000000080035d0      0x108 ./Core/Src/W25Q64/w25qxx.o
                0x00000000080035d0                W25qxx_WritePage
 .text.W25qxx_WriteSector
                0x00000000080036d8       0xc4 ./Core/Src/W25Q64/w25qxx.o
                0x00000000080036d8                W25qxx_WriteSector
 .text.W25qxx_ReadPage
                0x000000000800379c       0xfc ./Core/Src/W25Q64/w25qxx.o
                0x000000000800379c                W25qxx_ReadPage
 .text.W25qxx_ReadSector
                0x0000000008003898       0xc4 ./Core/Src/W25Q64/w25qxx.o
                0x0000000008003898                W25qxx_ReadSector
 .text.Reset_Handler
                0x000000000800395c       0x50 ./Core/Startup/startup_stm32l433rctx.o
                0x000000000800395c                Reset_Handler
 .text.Default_Handler
                0x00000000080039ac        0x2 ./Core/Startup/startup_stm32l433rctx.o
                0x00000000080039ac                RTC_Alarm_IRQHandler
                0x00000000080039ac                EXTI2_IRQHandler
                0x00000000080039ac                TIM1_CC_IRQHandler
                0x00000000080039ac                TSC_IRQHandler
                0x00000000080039ac                TAMP_STAMP_IRQHandler
                0x00000000080039ac                EXTI3_IRQHandler
                0x00000000080039ac                LPTIM2_IRQHandler
                0x00000000080039ac                I2C3_ER_IRQHandler
                0x00000000080039ac                EXTI0_IRQHandler
                0x00000000080039ac                I2C2_EV_IRQHandler
                0x00000000080039ac                CAN1_RX0_IRQHandler
                0x00000000080039ac                FPU_IRQHandler
                0x00000000080039ac                TIM1_UP_TIM16_IRQHandler
                0x00000000080039ac                SPI1_IRQHandler
                0x00000000080039ac                DMA2_Channel2_IRQHandler
                0x00000000080039ac                DMA1_Channel4_IRQHandler
                0x00000000080039ac                ADC1_IRQHandler
                0x00000000080039ac                USART3_IRQHandler
                0x00000000080039ac                DMA1_Channel7_IRQHandler
                0x00000000080039ac                CAN1_RX1_IRQHandler
                0x00000000080039ac                LCD_IRQHandler
                0x00000000080039ac                DMA2_Channel1_IRQHandler
                0x00000000080039ac                QUADSPI_IRQHandler
                0x00000000080039ac                I2C1_EV_IRQHandler
                0x00000000080039ac                DMA1_Channel6_IRQHandler
                0x00000000080039ac                DMA2_Channel4_IRQHandler
                0x00000000080039ac                RCC_IRQHandler
                0x00000000080039ac                TIM1_TRG_COM_IRQHandler
                0x00000000080039ac                DMA1_Channel1_IRQHandler
                0x00000000080039ac                Default_Handler
                0x00000000080039ac                DMA2_Channel7_IRQHandler
                0x00000000080039ac                EXTI15_10_IRQHandler
                0x00000000080039ac                SDMMC1_IRQHandler
                0x00000000080039ac                I2C3_EV_IRQHandler
                0x00000000080039ac                USB_IRQHandler
                0x00000000080039ac                EXTI9_5_IRQHandler
                0x00000000080039ac                RTC_WKUP_IRQHandler
                0x00000000080039ac                PVD_PVM_IRQHandler
                0x00000000080039ac                SPI2_IRQHandler
                0x00000000080039ac                CAN1_TX_IRQHandler
                0x00000000080039ac                DMA2_Channel5_IRQHandler
                0x00000000080039ac                CRS_IRQHandler
                0x00000000080039ac                DMA1_Channel5_IRQHandler
                0x00000000080039ac                EXTI4_IRQHandler
                0x00000000080039ac                RNG_IRQHandler
                0x00000000080039ac                DMA1_Channel3_IRQHandler
                0x00000000080039ac                COMP_IRQHandler
                0x00000000080039ac                WWDG_IRQHandler
                0x00000000080039ac                DMA2_Channel6_IRQHandler
                0x00000000080039ac                TIM2_IRQHandler
                0x00000000080039ac                EXTI1_IRQHandler
                0x00000000080039ac                I2C2_ER_IRQHandler
                0x00000000080039ac                DMA1_Channel2_IRQHandler
                0x00000000080039ac                CAN1_SCE_IRQHandler
                0x00000000080039ac                FLASH_IRQHandler
                0x00000000080039ac                SPI3_IRQHandler
                0x00000000080039ac                I2C1_ER_IRQHandler
                0x00000000080039ac                SWPMI1_IRQHandler
                0x00000000080039ac                LPTIM1_IRQHandler
                0x00000000080039ac                SAI1_IRQHandler
                0x00000000080039ac                DMA2_Channel3_IRQHandler
                0x00000000080039ac                TIM1_BRK_TIM15_IRQHandler
 *fill*         0x00000000080039ae        0x2 
 .text._ZN6commonC2Ev
                0x00000000080039b0       0x20 ./Core/srccpp/Common/common.o
                0x00000000080039b0                common::common()
                0x00000000080039b0                common::common()
 .text._ZN6commonD2Ev
                0x00000000080039d0       0x20 ./Core/srccpp/Common/common.o
                0x00000000080039d0                common::~common()
                0x00000000080039d0                common::~common()
 .text._ZN6commonD0Ev
                0x00000000080039f0       0x20 ./Core/srccpp/Common/common.o
                0x00000000080039f0                common::~common()
 .text._ZN14DisplayRoutineC2Ev
                0x0000000008003a10      0x118 ./Core/srccpp/DisplayCPP/DisplayRoutine.o
                0x0000000008003a10                DisplayRoutine::DisplayRoutine()
                0x0000000008003a10                DisplayRoutine::DisplayRoutine()
 .text._ZN14DisplayRoutineD2Ev
                0x0000000008003b28       0x28 ./Core/srccpp/DisplayCPP/DisplayRoutine.o
                0x0000000008003b28                DisplayRoutine::~DisplayRoutine()
                0x0000000008003b28                DisplayRoutine::~DisplayRoutine()
 .text._ZN14DisplayRoutineD0Ev
                0x0000000008003b50       0x22 ./Core/srccpp/DisplayCPP/DisplayRoutine.o
                0x0000000008003b50                DisplayRoutine::~DisplayRoutine()
 .text._ZN14DisplayRoutine4InitEv
                0x0000000008003b72       0x30 ./Core/srccpp/DisplayCPP/DisplayRoutine.o
                0x0000000008003b72                DisplayRoutine::Init()
 .text._ZN6common26ReadtheValueAssignPinstateEhh
                0x0000000008003ba2       0x3e ./Core/srccpp/DisplayCPP/GLCD.o
                0x0000000008003ba2                common::ReadtheValueAssignPinstate(unsigned char, unsigned char)
 .text._ZN4GLCDC2Ev
                0x0000000008003be0     0x3ef8 ./Core/srccpp/DisplayCPP/GLCD.o
                0x0000000008003be0                GLCD::GLCD()
                0x0000000008003be0                GLCD::GLCD()
 .text._ZN4GLCDD2Ev
                0x0000000008007ad8       0x24 ./Core/srccpp/DisplayCPP/GLCD.o
                0x0000000008007ad8                GLCD::~GLCD()
                0x0000000008007ad8                GLCD::~GLCD()
 .text._ZN4GLCDD0Ev
                0x0000000008007afc       0x22 ./Core/srccpp/DisplayCPP/GLCD.o
                0x0000000008007afc                GLCD::~GLCD()
 *fill*         0x0000000008007b1e        0x2 
 .text._ZN4GLCD9m_ctrloffEv
                0x0000000008007b20       0x54 ./Core/srccpp/DisplayCPP/GLCD.o
                0x0000000008007b20                GLCD::m_ctrloff()
 .text._ZN4GLCD7m_delayEjh
                0x0000000008007b74       0x42 ./Core/srccpp/DisplayCPP/GLCD.o
                0x0000000008007b74                GLCD::m_delay(unsigned int, unsigned char)
 *fill*         0x0000000008007bb6        0x2 
 .text._ZN4GLCD16m_IOWritethedataEh
                0x0000000008007bb8       0xe4 ./Core/srccpp/DisplayCPP/GLCD.o
                0x0000000008007bb8                GLCD::m_IOWritethedata(unsigned char)
 .text._ZN4GLCD11m_displayonEv
                0x0000000008007c9c       0x78 ./Core/srccpp/DisplayCPP/GLCD.o
                0x0000000008007c9c                GLCD::m_displayon()
 .text._ZN4GLCD11m_setcolumnEh
                0x0000000008007d14      0x108 ./Core/srccpp/DisplayCPP/GLCD.o
                0x0000000008007d14                GLCD::m_setcolumn(unsigned char)
 .text._ZN4GLCD9m_setpageEh
                0x0000000008007e1c       0x84 ./Core/srccpp/DisplayCPP/GLCD.o
                0x0000000008007e1c                GLCD::m_setpage(unsigned char)
 .text._ZN4GLCD14m_setstartlineEh
                0x0000000008007ea0       0x84 ./Core/srccpp/DisplayCPP/GLCD.o
                0x0000000008007ea0                GLCD::m_setstartline(unsigned char)
 .text._ZN4GLCD9m_lcddataEPht
                0x0000000008007f24      0x134 ./Core/srccpp/DisplayCPP/GLCD.o
                0x0000000008007f24                GLCD::m_lcddata(unsigned char*, unsigned short)
 .text._ZN4GLCD8m_clrlcdEv
                0x0000000008008058       0x56 ./Core/srccpp/DisplayCPP/GLCD.o
                0x0000000008008058                GLCD::m_clrlcd()
 *fill*         0x00000000080080ae        0x2 
 .text._ZN10W5500ClassC2Ev
                0x00000000080080b0       0x20 ./Core/srccpp/Ethernet/W5500.o
                0x00000000080080b0                W5500Class::W5500Class()
                0x00000000080080b0                W5500Class::W5500Class()
 .text._ZN10W5500ClassD2Ev
                0x00000000080080d0       0x20 ./Core/srccpp/Ethernet/W5500.o
                0x00000000080080d0                W5500Class::~W5500Class()
                0x00000000080080d0                W5500Class::~W5500Class()
 .text._ZN10W5500ClassD0Ev
                0x00000000080080f0       0x20 ./Core/srccpp/Ethernet/W5500.o
                0x00000000080080f0                W5500Class::~W5500Class()
 .text._Z41__static_initialization_and_destruction_0ii
                0x0000000008008110       0x44 ./Core/srccpp/Ethernet/W5500.o
 .text._GLOBAL__sub_I_w5500
                0x0000000008008154       0x10 ./Core/srccpp/Ethernet/W5500.o
 .text._GLOBAL__sub_D_w5500
                0x0000000008008164       0x10 ./Core/srccpp/Ethernet/W5500.o
 .text._ZN13HeattreatmentC2Ev
                0x0000000008008174       0x28 ./Core/srccpp/HeattreatmentLogic/ApplicationSW.o
                0x0000000008008174                Heattreatment::Heattreatment()
                0x0000000008008174                Heattreatment::Heattreatment()
 .text._ZN13HeattreatmentD2Ev
                0x000000000800819c       0x20 ./Core/srccpp/HeattreatmentLogic/ApplicationSW.o
                0x000000000800819c                Heattreatment::~Heattreatment()
                0x000000000800819c                Heattreatment::~Heattreatment()
 .text._ZN13HeattreatmentD0Ev
                0x00000000080081bc       0x20 ./Core/srccpp/HeattreatmentLogic/ApplicationSW.o
                0x00000000080081bc                Heattreatment::~Heattreatment()
 .text._ZN13Heattreatment3runEv
                0x00000000080081dc       0x1c ./Core/srccpp/HeattreatmentLogic/ApplicationSW.o
                0x00000000080081dc                Heattreatment::run()
 .text._ZN13Heattreatment3simEv
                0x00000000080081f8       0xd0 ./Core/srccpp/HeattreatmentLogic/ApplicationSW.o
                0x00000000080081f8                Heattreatment::sim()
 .text._ZN13Heattreatment26stateMachineProcessControlEv
                0x00000000080082c8      0x7f8 ./Core/srccpp/HeattreatmentLogic/ApplicationSW.o
                0x00000000080082c8                Heattreatment::stateMachineProcessControl()
 .text._ZN13Heattreatment14specialHandlerEv
                0x0000000008008ac0      0x218 ./Core/srccpp/HeattreatmentLogic/ApplicationSW.o
                0x0000000008008ac0                Heattreatment::specialHandler()
 .text._ZN9ModbusrtuC2Ev
                0x0000000008008cd8       0x54 ./Core/srccpp/Modbus/Modbusrtu.o
                0x0000000008008cd8                Modbusrtu::Modbusrtu()
                0x0000000008008cd8                Modbusrtu::Modbusrtu()
 .text._ZN9ModbusrtuD2Ev
                0x0000000008008d2c       0x20 ./Core/srccpp/Modbus/Modbusrtu.o
                0x0000000008008d2c                Modbusrtu::~Modbusrtu()
                0x0000000008008d2c                Modbusrtu::~Modbusrtu()
 .text._ZN9ModbusrtuD0Ev
                0x0000000008008d4c       0x22 ./Core/srccpp/Modbus/Modbusrtu.o
                0x0000000008008d4c                Modbusrtu::~Modbusrtu()
 *fill*         0x0000000008008d6e        0x2 
 .text._ZN9Modbusrtu21ModbusReadTransactionEv
                0x0000000008008d70      0x410 ./Core/srccpp/Modbus/Modbusrtu.o
                0x0000000008008d70                Modbusrtu::ModbusReadTransaction()
 .text.HAL_UART_TxCpltCallback
                0x0000000008009180       0x14 ./Core/srccpp/Modbus/Modbusrtu.o
                0x0000000008009180                HAL_UART_TxCpltCallback
 .text._ZN9Modbusrtu11ASCChecksumEPhh
                0x0000000008009194       0x74 ./Core/srccpp/Modbus/Modbusrtu.o
                0x0000000008009194                Modbusrtu::ASCChecksum(unsigned char*, unsigned char)
 .text._ZN9Modbusrtu9dwinFrameEv
                0x0000000008009208      0x314 ./Core/srccpp/Modbus/Modbusrtu.o
                0x0000000008009208                Modbusrtu::dwinFrame()
 .text._ZN9Modbusrtu11dwinDecoderEv
                0x000000000800951c      0x1ec ./Core/srccpp/Modbus/Modbusrtu.o
                0x000000000800951c                Modbusrtu::dwinDecoder()
 .text._ZN14OfflineStorageC2Ev
                0x0000000008009708       0x20 ./Core/srccpp/OfflineStorage/OfflineStorage.o
                0x0000000008009708                OfflineStorage::OfflineStorage()
                0x0000000008009708                OfflineStorage::OfflineStorage()
 .text._ZN14OfflineStorageD2Ev
                0x0000000008009728       0x20 ./Core/srccpp/OfflineStorage/OfflineStorage.o
                0x0000000008009728                OfflineStorage::~OfflineStorage()
                0x0000000008009728                OfflineStorage::~OfflineStorage()
 .text._ZN14OfflineStorageD0Ev
                0x0000000008009748       0x20 ./Core/srccpp/OfflineStorage/OfflineStorage.o
                0x0000000008009748                OfflineStorage::~OfflineStorage()
 .text._ZN14OfflineStorage3runEv
                0x0000000008009768       0x28 ./Core/srccpp/OfflineStorage/OfflineStorage.o
                0x0000000008009768                OfflineStorage::run()
 .text._ZN14OfflineStorage24m_writeHeattreatmentDataEv
                0x0000000008009790      0x160 ./Core/srccpp/OfflineStorage/OfflineStorage.o
                0x0000000008009790                OfflineStorage::m_writeHeattreatmentData()
 .text._ZN14OfflineStorage15m_writeCountincEv
                0x00000000080098f0       0x8c ./Core/srccpp/OfflineStorage/OfflineStorage.o
                0x00000000080098f0                OfflineStorage::m_writeCountinc()
 .text._ZN14OfflineStorage13m_quenchCountEv
                0x000000000800997c       0x60 ./Core/srccpp/OfflineStorage/OfflineStorage.o
                0x000000000800997c                OfflineStorage::m_quenchCount()
 .text._ZN14OfflineStorage15m_writeWifidataEv
                0x00000000080099dc       0xa8 ./Core/srccpp/OfflineStorage/OfflineStorage.o
                0x00000000080099dc                OfflineStorage::m_writeWifidata()
 .text._ZN14OfflineStorage23m_readHeattreatmentDataEv
                0x0000000008009a84      0x1c4 ./Core/srccpp/OfflineStorage/OfflineStorage.o
                0x0000000008009a84                OfflineStorage::m_readHeattreatmentData()
 .text._ZN14OfflineStorage14m_readCountincEv
                0x0000000008009c48       0x70 ./Core/srccpp/OfflineStorage/OfflineStorage.o
                0x0000000008009c48                OfflineStorage::m_readCountinc()
 .text._ZN14OfflineStorage14m_readWifiDataEv
                0x0000000008009cb8       0xec ./Core/srccpp/OfflineStorage/OfflineStorage.o
                0x0000000008009cb8                OfflineStorage::m_readWifiData()
 .text._ZN14OfflineStorage19ReadOfflinedataInitEv
                0x0000000008009da4       0x28 ./Core/srccpp/OfflineStorage/OfflineStorage.o
                0x0000000008009da4                OfflineStorage::ReadOfflinedataInit()
 .text._ZN7ESP8266C2Ev
                0x0000000008009dcc      0x400 ./Core/srccpp/WifiEsp8266/ESP8266.o
                0x0000000008009dcc                ESP8266::ESP8266()
                0x0000000008009dcc                ESP8266::ESP8266()
 .text._ZN7ESP8266D2Ev
                0x000000000800a1cc       0x20 ./Core/srccpp/WifiEsp8266/ESP8266.o
                0x000000000800a1cc                ESP8266::~ESP8266()
                0x000000000800a1cc                ESP8266::~ESP8266()
 .text._ZN7ESP8266D0Ev
                0x000000000800a1ec       0x22 ./Core/srccpp/WifiEsp8266/ESP8266.o
                0x000000000800a1ec                ESP8266::~ESP8266()
 .text._ZN7ESP82663runEv
                0x000000000800a20e       0x16 ./Core/srccpp/WifiEsp8266/ESP8266.o
                0x000000000800a20e                ESP8266::run()
 .text._ZN7ESP826612Send_WifiCmdEv
                0x000000000800a224     0x125c ./Core/srccpp/WifiEsp8266/ESP8266.o
                0x000000000800a224                ESP8266::Send_WifiCmd()
 .text._ZN7ESP82664InitEv
                0x000000000800b480       0x7c ./Core/srccpp/WifiEsp8266/ESP8266.o
                0x000000000800b480                ESP8266::Init()
 .text.cppMain  0x000000000800b4fc      0x104 ./Core/srccpp/main.o
                0x000000000800b4fc                cppMain
 .text.HAL_Init
                0x000000000800b600       0x30 ./Drivers/STM32L4xx_HAL_Driver/Src/stm32l4xx_hal.o
                0x000000000800b600                HAL_Init
 .text.HAL_InitTick
                0x000000000800b630       0x78 ./Drivers/STM32L4xx_HAL_Driver/Src/stm32l4xx_hal.o
                0x000000000800b630                HAL_InitTick
 .text.HAL_IncTick
                0x000000000800b6a8       0x28 ./Drivers/STM32L4xx_HAL_Driver/Src/stm32l4xx_hal.o
                0x000000000800b6a8                HAL_IncTick
 .text.HAL_GetTick
                0x000000000800b6d0       0x18 ./Drivers/STM32L4xx_HAL_Driver/Src/stm32l4xx_hal.o
                0x000000000800b6d0                HAL_GetTick
 .text.HAL_Delay
                0x000000000800b6e8       0x48 ./Drivers/STM32L4xx_HAL_Driver/Src/stm32l4xx_hal.o
                0x000000000800b6e8                HAL_Delay
 .text.__NVIC_SetPriorityGrouping
                0x000000000800b730       0x48 ./Drivers/STM32L4xx_HAL_Driver/Src/stm32l4xx_hal_cortex.o
 .text.__NVIC_GetPriorityGrouping
                0x000000000800b778       0x1c ./Drivers/STM32L4xx_HAL_Driver/Src/stm32l4xx_hal_cortex.o
 .text.__NVIC_EnableIRQ
                0x000000000800b794       0x3c ./Drivers/STM32L4xx_HAL_Driver/Src/stm32l4xx_hal_cortex.o
 .text.__NVIC_SetPriority
                0x000000000800b7d0       0x54 ./Drivers/STM32L4xx_HAL_Driver/Src/stm32l4xx_hal_cortex.o
 .text.NVIC_EncodePriority
                0x000000000800b824       0x66 ./Drivers/STM32L4xx_HAL_Driver/Src/stm32l4xx_hal_cortex.o
 *fill*         0x000000000800b88a        0x2 
 .text.SysTick_Config
                0x000000000800b88c       0x44 ./Drivers/STM32L4xx_HAL_Driver/Src/stm32l4xx_hal_cortex.o
 .text.HAL_NVIC_SetPriorityGrouping
                0x000000000800b8d0       0x16 ./Drivers/STM32L4xx_HAL_Driver/Src/stm32l4xx_hal_cortex.o
                0x000000000800b8d0                HAL_NVIC_SetPriorityGrouping
 .text.HAL_NVIC_SetPriority
                0x000000000800b8e6       0x38 ./Drivers/STM32L4xx_HAL_Driver/Src/stm32l4xx_hal_cortex.o
                0x000000000800b8e6                HAL_NVIC_SetPriority
 .text.HAL_NVIC_EnableIRQ
                0x000000000800b91e       0x1c ./Drivers/STM32L4xx_HAL_Driver/Src/stm32l4xx_hal_cortex.o
                0x000000000800b91e                HAL_NVIC_EnableIRQ
 .text.HAL_SYSTICK_Config
                0x000000000800b93a       0x18 ./Drivers/STM32L4xx_HAL_Driver/Src/stm32l4xx_hal_cortex.o
                0x000000000800b93a                HAL_SYSTICK_Config
 .text.HAL_DMA_Abort
                0x000000000800b952       0x7c ./Drivers/STM32L4xx_HAL_Driver/Src/stm32l4xx_hal_dma.o
                0x000000000800b952                HAL_DMA_Abort
 .text.HAL_DMA_Abort_IT
                0x000000000800b9ce       0x82 ./Drivers/STM32L4xx_HAL_Driver/Src/stm32l4xx_hal_dma.o
                0x000000000800b9ce                HAL_DMA_Abort_IT
 .text.HAL_GPIO_Init
                0x000000000800ba50      0x2f4 ./Drivers/STM32L4xx_HAL_Driver/Src/stm32l4xx_hal_gpio.o
                0x000000000800ba50                HAL_GPIO_Init
 .text.HAL_GPIO_ReadPin
                0x000000000800bd44       0x30 ./Drivers/STM32L4xx_HAL_Driver/Src/stm32l4xx_hal_gpio.o
                0x000000000800bd44                HAL_GPIO_ReadPin
 .text.HAL_GPIO_WritePin
                0x000000000800bd74       0x30 ./Drivers/STM32L4xx_HAL_Driver/Src/stm32l4xx_hal_gpio.o
                0x000000000800bd74                HAL_GPIO_WritePin
 .text.HAL_GPIO_TogglePin
                0x000000000800bda4       0x34 ./Drivers/STM32L4xx_HAL_Driver/Src/stm32l4xx_hal_gpio.o
                0x000000000800bda4                HAL_GPIO_TogglePin
 .text.HAL_I2C_Init
                0x000000000800bdd8      0x11e ./Drivers/STM32L4xx_HAL_Driver/Src/stm32l4xx_hal_i2c.o
                0x000000000800bdd8                HAL_I2C_Init
 .text.HAL_I2CEx_ConfigAnalogFilter
                0x000000000800bef6       0x96 ./Drivers/STM32L4xx_HAL_Driver/Src/stm32l4xx_hal_i2c_ex.o
                0x000000000800bef6                HAL_I2CEx_ConfigAnalogFilter
 .text.HAL_I2CEx_ConfigDigitalFilter
                0x000000000800bf8c       0x98 ./Drivers/STM32L4xx_HAL_Driver/Src/stm32l4xx_hal_i2c_ex.o
                0x000000000800bf8c                HAL_I2CEx_ConfigDigitalFilter
 .text.HAL_PWREx_GetVoltageRange
                0x000000000800c024       0x1c ./Drivers/STM32L4xx_HAL_Driver/Src/stm32l4xx_hal_pwr_ex.o
                0x000000000800c024                HAL_PWREx_GetVoltageRange
 .text.HAL_PWREx_ControlVoltageScaling
                0x000000000800c040       0xac ./Drivers/STM32L4xx_HAL_Driver/Src/stm32l4xx_hal_pwr_ex.o
                0x000000000800c040                HAL_PWREx_ControlVoltageScaling
 .text.HAL_RCC_OscConfig
                0x000000000800c0ec      0x828 ./Drivers/STM32L4xx_HAL_Driver/Src/stm32l4xx_hal_rcc.o
                0x000000000800c0ec                HAL_RCC_OscConfig
 .text.HAL_RCC_ClockConfig
                0x000000000800c914      0x200 ./Drivers/STM32L4xx_HAL_Driver/Src/stm32l4xx_hal_rcc.o
                0x000000000800c914                HAL_RCC_ClockConfig
 .text.HAL_RCC_GetSysClockFreq
                0x000000000800cb14      0x118 ./Drivers/STM32L4xx_HAL_Driver/Src/stm32l4xx_hal_rcc.o
                0x000000000800cb14                HAL_RCC_GetSysClockFreq
 .text.HAL_RCC_GetHCLKFreq
                0x000000000800cc2c       0x18 ./Drivers/STM32L4xx_HAL_Driver/Src/stm32l4xx_hal_rcc.o
                0x000000000800cc2c                HAL_RCC_GetHCLKFreq
 .text.HAL_RCC_GetPCLK1Freq
                0x000000000800cc44       0x2c ./Drivers/STM32L4xx_HAL_Driver/Src/stm32l4xx_hal_rcc.o
                0x000000000800cc44                HAL_RCC_GetPCLK1Freq
 .text.HAL_RCC_GetPCLK2Freq
                0x000000000800cc70       0x2c ./Drivers/STM32L4xx_HAL_Driver/Src/stm32l4xx_hal_rcc.o
                0x000000000800cc70                HAL_RCC_GetPCLK2Freq
 .text.RCC_SetFlashLatencyFromMSIRange
                0x000000000800cc9c       0xc0 ./Drivers/STM32L4xx_HAL_Driver/Src/stm32l4xx_hal_rcc.o
 .text.HAL_RCCEx_PeriphCLKConfig
                0x000000000800cd5c      0x494 ./Drivers/STM32L4xx_HAL_Driver/Src/stm32l4xx_hal_rcc_ex.o
                0x000000000800cd5c                HAL_RCCEx_PeriphCLKConfig
 .text.RCCEx_PLLSAI1_Config
                0x000000000800d1f0      0x1e4 ./Drivers/STM32L4xx_HAL_Driver/Src/stm32l4xx_hal_rcc_ex.o
 .text.HAL_SPI_Init
                0x000000000800d3d4      0x146 ./Drivers/STM32L4xx_HAL_Driver/Src/stm32l4xx_hal_spi.o
                0x000000000800d3d4                HAL_SPI_Init
 .text.HAL_SPI_Transmit
                0x000000000800d51a      0x2dc ./Drivers/STM32L4xx_HAL_Driver/Src/stm32l4xx_hal_spi.o
                0x000000000800d51a                HAL_SPI_Transmit
 .text.HAL_SPI_Receive
                0x000000000800d7f6      0x260 ./Drivers/STM32L4xx_HAL_Driver/Src/stm32l4xx_hal_spi.o
                0x000000000800d7f6                HAL_SPI_Receive
 .text.HAL_SPI_TransmitReceive
                0x000000000800da56      0x426 ./Drivers/STM32L4xx_HAL_Driver/Src/stm32l4xx_hal_spi.o
                0x000000000800da56                HAL_SPI_TransmitReceive
 .text.SPI_WaitFlagStateUntilTimeout
                0x000000000800de7c      0x110 ./Drivers/STM32L4xx_HAL_Driver/Src/stm32l4xx_hal_spi.o
 .text.SPI_WaitFifoStateUntilTimeout
                0x000000000800df8c      0x12c ./Drivers/STM32L4xx_HAL_Driver/Src/stm32l4xx_hal_spi.o
 .text.SPI_EndRxTransaction
                0x000000000800e0b8       0xb0 ./Drivers/STM32L4xx_HAL_Driver/Src/stm32l4xx_hal_spi.o
 .text.SPI_EndRxTxTransaction
                0x000000000800e168       0x8c ./Drivers/STM32L4xx_HAL_Driver/Src/stm32l4xx_hal_spi.o
 .text.HAL_TIM_Base_Init
                0x000000000800e1f4       0xae ./Drivers/STM32L4xx_HAL_Driver/Src/stm32l4xx_hal_tim.o
                0x000000000800e1f4                HAL_TIM_Base_Init
 *fill*         0x000000000800e2a2        0x2 
 .text.HAL_TIM_Base_Start
                0x000000000800e2a4       0x98 ./Drivers/STM32L4xx_HAL_Driver/Src/stm32l4xx_hal_tim.o
                0x000000000800e2a4                HAL_TIM_Base_Start
 .text.HAL_TIM_Base_Start_IT
                0x000000000800e33c       0xa8 ./Drivers/STM32L4xx_HAL_Driver/Src/stm32l4xx_hal_tim.o
                0x000000000800e33c                HAL_TIM_Base_Start_IT
 .text.HAL_TIM_IRQHandler
                0x000000000800e3e4      0x23e ./Drivers/STM32L4xx_HAL_Driver/Src/stm32l4xx_hal_tim.o
                0x000000000800e3e4                HAL_TIM_IRQHandler
 .text.HAL_TIM_ConfigClockSource
                0x000000000800e622      0x192 ./Drivers/STM32L4xx_HAL_Driver/Src/stm32l4xx_hal_tim.o
                0x000000000800e622                HAL_TIM_ConfigClockSource
 .text.HAL_TIM_OC_DelayElapsedCallback
                0x000000000800e7b4       0x14 ./Drivers/STM32L4xx_HAL_Driver/Src/stm32l4xx_hal_tim.o
                0x000000000800e7b4                HAL_TIM_OC_DelayElapsedCallback
 .text.HAL_TIM_IC_CaptureCallback
                0x000000000800e7c8       0x14 ./Drivers/STM32L4xx_HAL_Driver/Src/stm32l4xx_hal_tim.o
                0x000000000800e7c8                HAL_TIM_IC_CaptureCallback
 .text.HAL_TIM_PWM_PulseFinishedCallback
                0x000000000800e7dc       0x14 ./Drivers/STM32L4xx_HAL_Driver/Src/stm32l4xx_hal_tim.o
                0x000000000800e7dc                HAL_TIM_PWM_PulseFinishedCallback
 .text.HAL_TIM_TriggerCallback
                0x000000000800e7f0       0x14 ./Drivers/STM32L4xx_HAL_Driver/Src/stm32l4xx_hal_tim.o
                0x000000000800e7f0                HAL_TIM_TriggerCallback
 .text.TIM_Base_SetConfig
                0x000000000800e804       0xc8 ./Drivers/STM32L4xx_HAL_Driver/Src/stm32l4xx_hal_tim.o
                0x000000000800e804                TIM_Base_SetConfig
 .text.TIM_TI1_ConfigInputStage
                0x000000000800e8cc       0x5e ./Drivers/STM32L4xx_HAL_Driver/Src/stm32l4xx_hal_tim.o
 .text.TIM_TI2_ConfigInputStage
                0x000000000800e92a       0x60 ./Drivers/STM32L4xx_HAL_Driver/Src/stm32l4xx_hal_tim.o
 .text.TIM_ITRx_SetConfig
                0x000000000800e98a       0x36 ./Drivers/STM32L4xx_HAL_Driver/Src/stm32l4xx_hal_tim.o
 .text.TIM_ETR_SetConfig
                0x000000000800e9c0       0x40 ./Drivers/STM32L4xx_HAL_Driver/Src/stm32l4xx_hal_tim.o
                0x000000000800e9c0                TIM_ETR_SetConfig
 .text.HAL_TIMEx_MasterConfigSynchronization
                0x000000000800ea00       0xcc ./Drivers/STM32L4xx_HAL_Driver/Src/stm32l4xx_hal_tim_ex.o
                0x000000000800ea00                HAL_TIMEx_MasterConfigSynchronization
 .text.HAL_TIMEx_CommutCallback
                0x000000000800eacc       0x14 ./Drivers/STM32L4xx_HAL_Driver/Src/stm32l4xx_hal_tim_ex.o
                0x000000000800eacc                HAL_TIMEx_CommutCallback
 .text.HAL_TIMEx_BreakCallback
                0x000000000800eae0       0x14 ./Drivers/STM32L4xx_HAL_Driver/Src/stm32l4xx_hal_tim_ex.o
                0x000000000800eae0                HAL_TIMEx_BreakCallback
 .text.HAL_TIMEx_Break2Callback
                0x000000000800eaf4       0x14 ./Drivers/STM32L4xx_HAL_Driver/Src/stm32l4xx_hal_tim_ex.o
                0x000000000800eaf4                HAL_TIMEx_Break2Callback
 .text.HAL_UART_Init
                0x000000000800eb08       0x9c ./Drivers/STM32L4xx_HAL_Driver/Src/stm32l4xx_hal_uart.o
                0x000000000800eb08                HAL_UART_Init
 .text.HAL_UART_Transmit_IT
                0x000000000800eba4       0xdc ./Drivers/STM32L4xx_HAL_Driver/Src/stm32l4xx_hal_uart.o
                0x000000000800eba4                HAL_UART_Transmit_IT
 .text.HAL_UART_Receive_IT
                0x000000000800ec80       0xac ./Drivers/STM32L4xx_HAL_Driver/Src/stm32l4xx_hal_uart.o
                0x000000000800ec80                HAL_UART_Receive_IT
 .text.HAL_UART_IRQHandler
                0x000000000800ed2c      0x5c4 ./Drivers/STM32L4xx_HAL_Driver/Src/stm32l4xx_hal_uart.o
                0x000000000800ed2c                HAL_UART_IRQHandler
 .text.HAL_UART_ErrorCallback
                0x000000000800f2f0       0x14 ./Drivers/STM32L4xx_HAL_Driver/Src/stm32l4xx_hal_uart.o
                0x000000000800f2f0                HAL_UART_ErrorCallback
 .text.HAL_UARTEx_RxEventCallback
                0x000000000800f304       0x18 ./Drivers/STM32L4xx_HAL_Driver/Src/stm32l4xx_hal_uart.o
                0x000000000800f304                HAL_UARTEx_RxEventCallback
 .text.UART_SetConfig
                0x000000000800f31c      0x4b4 ./Drivers/STM32L4xx_HAL_Driver/Src/stm32l4xx_hal_uart.o
                0x000000000800f31c                UART_SetConfig
 .text.UART_AdvFeatureConfig
                0x000000000800f7d0      0x144 ./Drivers/STM32L4xx_HAL_Driver/Src/stm32l4xx_hal_uart.o
                0x000000000800f7d0                UART_AdvFeatureConfig
 .text.UART_CheckIdleState
                0x000000000800f914       0x92 ./Drivers/STM32L4xx_HAL_Driver/Src/stm32l4xx_hal_uart.o
                0x000000000800f914                UART_CheckIdleState
 .text.UART_WaitOnFlagUntilTimeout
                0x000000000800f9a6      0x188 ./Drivers/STM32L4xx_HAL_Driver/Src/stm32l4xx_hal_uart.o
                0x000000000800f9a6                UART_WaitOnFlagUntilTimeout
 *fill*         0x000000000800fb2e        0x2 
 .text.UART_Start_Receive_IT
                0x000000000800fb30      0x194 ./Drivers/STM32L4xx_HAL_Driver/Src/stm32l4xx_hal_uart.o
                0x000000000800fb30                UART_Start_Receive_IT
 .text.UART_EndRxTransfer
                0x000000000800fcc4       0xc6 ./Drivers/STM32L4xx_HAL_Driver/Src/stm32l4xx_hal_uart.o
 .text.UART_DMAAbortOnError
                0x000000000800fd8a       0x2c ./Drivers/STM32L4xx_HAL_Driver/Src/stm32l4xx_hal_uart.o
 .text.UART_TxISR_8BIT
                0x000000000800fdb6       0xb8 ./Drivers/STM32L4xx_HAL_Driver/Src/stm32l4xx_hal_uart.o
 .text.UART_TxISR_16BIT
                0x000000000800fe6e       0xc0 ./Drivers/STM32L4xx_HAL_Driver/Src/stm32l4xx_hal_uart.o
 .text.UART_EndTransmit_IT
                0x000000000800ff2e       0x54 ./Drivers/STM32L4xx_HAL_Driver/Src/stm32l4xx_hal_uart.o
 .text.UART_RxISR_8BIT
                0x000000000800ff82      0x160 ./Drivers/STM32L4xx_HAL_Driver/Src/stm32l4xx_hal_uart.o
 .text.UART_RxISR_16BIT
                0x00000000080100e2      0x160 ./Drivers/STM32L4xx_HAL_Driver/Src/stm32l4xx_hal_uart.o
 .text.HAL_UARTEx_WakeupCallback
                0x0000000008010242       0x14 ./Drivers/STM32L4xx_HAL_Driver/Src/stm32l4xx_hal_uart_ex.o
                0x0000000008010242                HAL_UARTEx_WakeupCallback
 .text._ZdlPvj  0x0000000008010256        0x4 c:/st/stm32cubeide_1.10.1/stm32cubeide/plugins/com.st.stm32cube.ide.mcu.externaltools.gnu-tools-for-stm32.10.3-2021.10.win32_1.0.0.202111181127/tools/bin/../lib/gcc/arm-none-eabi/10.3.1/../../../../arm-none-eabi/lib/thumb/v7e-m+fp/hard\libstdc++_nano.a(del_ops.o)
                0x0000000008010256                operator delete(void*, unsigned int)
 .text._ZdlPv   0x000000000801025a        0x4 c:/st/stm32cubeide_1.10.1/stm32cubeide/plugins/com.st.stm32cube.ide.mcu.externaltools.gnu-tools-for-stm32.10.3-2021.10.win32_1.0.0.202111181127/tools/bin/../lib/gcc/arm-none-eabi/10.3.1/../../../../arm-none-eabi/lib/thumb/v7e-m+fp/hard\libstdc++_nano.a(del_op.o)
                0x000000000801025a                operator delete(void*)
 *fill*         0x000000000801025e        0x2 
 .text.__errno  0x0000000008010260        0xc c:/st/stm32cubeide_1.10.1/stm32cubeide/plugins/com.st.stm32cube.ide.mcu.externaltools.gnu-tools-for-stm32.10.3-2021.10.win32_1.0.0.202111181127/tools/bin/../lib/gcc/arm-none-eabi/10.3.1/../../../../arm-none-eabi/lib/thumb/v7e-m+fp/hard\libc_nano.a(lib_a-errno.o)
                0x0000000008010260                __errno
 .text.__libc_init_array
                0x000000000801026c       0x48 c:/st/stm32cubeide_1.10.1/stm32cubeide/plugins/com.st.stm32cube.ide.mcu.externaltools.gnu-tools-for-stm32.10.3-2021.10.win32_1.0.0.202111181127/tools/bin/../lib/gcc/arm-none-eabi/10.3.1/../../../../arm-none-eabi/lib/thumb/v7e-m+fp/hard\libc_nano.a(lib_a-init.o)
                0x000000000801026c                __libc_init_array
 .text.free     0x00000000080102b4       0x10 c:/st/stm32cubeide_1.10.1/stm32cubeide/plugins/com.st.stm32cube.ide.mcu.externaltools.gnu-tools-for-stm32.10.3-2021.10.win32_1.0.0.202111181127/tools/bin/../lib/gcc/arm-none-eabi/10.3.1/../../../../arm-none-eabi/lib/thumb/v7e-m+fp/hard\libc_nano.a(lib_a-malloc.o)
                0x00000000080102b4                free
 .text.memcpy   0x00000000080102c4       0x1c c:/st/stm32cubeide_1.10.1/stm32cubeide/plugins/com.st.stm32cube.ide.mcu.externaltools.gnu-tools-for-stm32.10.3-2021.10.win32_1.0.0.202111181127/tools/bin/../lib/gcc/arm-none-eabi/10.3.1/../../../../arm-none-eabi/lib/thumb/v7e-m+fp/hard\libc_nano.a(lib_a-memcpy-stub.o)
                0x00000000080102c4                memcpy
 .text.memset   0x00000000080102e0       0x10 c:/st/stm32cubeide_1.10.1/stm32cubeide/plugins/com.st.stm32cube.ide.mcu.externaltools.gnu-tools-for-stm32.10.3-2021.10.win32_1.0.0.202111181127/tools/bin/../lib/gcc/arm-none-eabi/10.3.1/../../../../arm-none-eabi/lib/thumb/v7e-m+fp/hard\libc_nano.a(lib_a-memset.o)
                0x00000000080102e0                memset
 .text._free_r  0x00000000080102f0       0x98 c:/st/stm32cubeide_1.10.1/stm32cubeide/plugins/com.st.stm32cube.ide.mcu.externaltools.gnu-tools-for-stm32.10.3-2021.10.win32_1.0.0.202111181127/tools/bin/../lib/gcc/arm-none-eabi/10.3.1/../../../../arm-none-eabi/lib/thumb/v7e-m+fp/hard\libc_nano.a(lib_a-nano-freer.o)
                0x00000000080102f0                _free_r
 .text.sbrk_aligned
                0x0000000008010388       0x40 c:/st/stm32cubeide_1.10.1/stm32cubeide/plugins/com.st.stm32cube.ide.mcu.externaltools.gnu-tools-for-stm32.10.3-2021.10.win32_1.0.0.202111181127/tools/bin/../lib/gcc/arm-none-eabi/10.3.1/../../../../arm-none-eabi/lib/thumb/v7e-m+fp/hard\libc_nano.a(lib_a-nano-mallocr.o)
 .text._malloc_r
                0x00000000080103c8       0xe8 c:/st/stm32cubeide_1.10.1/stm32cubeide/plugins/com.st.stm32cube.ide.mcu.externaltools.gnu-tools-for-stm32.10.3-2021.10.win32_1.0.0.202111181127/tools/bin/../lib/gcc/arm-none-eabi/10.3.1/../../../../arm-none-eabi/lib/thumb/v7e-m+fp/hard\libc_nano.a(lib_a-nano-mallocr.o)
                0x00000000080103c8                _malloc_r
 .text._sbrk_r  0x00000000080104b0       0x20 c:/st/stm32cubeide_1.10.1/stm32cubeide/plugins/com.st.stm32cube.ide.mcu.externaltools.gnu-tools-for-stm32.10.3-2021.10.win32_1.0.0.202111181127/tools/bin/../lib/gcc/arm-none-eabi/10.3.1/../../../../arm-none-eabi/lib/thumb/v7e-m+fp/hard\libc_nano.a(lib_a-sbrkr.o)
                0x00000000080104b0                _sbrk_r
 .text.sprintf  0x00000000080104d0       0x40 c:/st/stm32cubeide_1.10.1/stm32cubeide/plugins/com.st.stm32cube.ide.mcu.externaltools.gnu-tools-for-stm32.10.3-2021.10.win32_1.0.0.202111181127/tools/bin/../lib/gcc/arm-none-eabi/10.3.1/../../../../arm-none-eabi/lib/thumb/v7e-m+fp/hard\libc_nano.a(lib_a-sprintf.o)
                0x00000000080104d0                siprintf
                0x00000000080104d0                sprintf
 .text.__retarget_lock_acquire_recursive
                0x0000000008010510        0x2 c:/st/stm32cubeide_1.10.1/stm32cubeide/plugins/com.st.stm32cube.ide.mcu.externaltools.gnu-tools-for-stm32.10.3-2021.10.win32_1.0.0.202111181127/tools/bin/../lib/gcc/arm-none-eabi/10.3.1/../../../../arm-none-eabi/lib/thumb/v7e-m+fp/hard\libc_nano.a(lib_a-lock.o)
                0x0000000008010510                __retarget_lock_acquire_recursive
 .text.__retarget_lock_release_recursive
                0x0000000008010512        0x2 c:/st/stm32cubeide_1.10.1/stm32cubeide/plugins/com.st.stm32cube.ide.mcu.externaltools.gnu-tools-for-stm32.10.3-2021.10.win32_1.0.0.202111181127/tools/bin/../lib/gcc/arm-none-eabi/10.3.1/../../../../arm-none-eabi/lib/thumb/v7e-m+fp/hard\libc_nano.a(lib_a-lock.o)
                0x0000000008010512                __retarget_lock_release_recursive
 .text.__malloc_lock
                0x0000000008010514        0xc c:/st/stm32cubeide_1.10.1/stm32cubeide/plugins/com.st.stm32cube.ide.mcu.externaltools.gnu-tools-for-stm32.10.3-2021.10.win32_1.0.0.202111181127/tools/bin/../lib/gcc/arm-none-eabi/10.3.1/../../../../arm-none-eabi/lib/thumb/v7e-m+fp/hard\libc_nano.a(lib_a-mlock.o)
                0x0000000008010514                __malloc_lock
 .text.__malloc_unlock
                0x0000000008010520        0xc c:/st/stm32cubeide_1.10.1/stm32cubeide/plugins/com.st.stm32cube.ide.mcu.externaltools.gnu-tools-for-stm32.10.3-2021.10.win32_1.0.0.202111181127/tools/bin/../lib/gcc/arm-none-eabi/10.3.1/../../../../arm-none-eabi/lib/thumb/v7e-m+fp/hard\libc_nano.a(lib_a-mlock.o)
                0x0000000008010520                __malloc_unlock
 .text.__ssputs_r
                0x000000000801052c       0xb6 c:/st/stm32cubeide_1.10.1/stm32cubeide/plugins/com.st.stm32cube.ide.mcu.externaltools.gnu-tools-for-stm32.10.3-2021.10.win32_1.0.0.202111181127/tools/bin/../lib/gcc/arm-none-eabi/10.3.1/../../../../arm-none-eabi/lib/thumb/v7e-m+fp/hard\libc_nano.a(lib_a-nano-svfprintf.o)
                0x000000000801052c                __ssputs_r
 *fill*         0x00000000080105e2        0x2 
 .text._svfprintf_r
                0x00000000080105e4      0x200 c:/st/stm32cubeide_1.10.1/stm32cubeide/plugins/com.st.stm32cube.ide.mcu.externaltools.gnu-tools-for-stm32.10.3-2021.10.win32_1.0.0.202111181127/tools/bin/../lib/gcc/arm-none-eabi/10.3.1/../../../../arm-none-eabi/lib/thumb/v7e-m+fp/hard\libc_nano.a(lib_a-nano-svfprintf.o)
                0x00000000080105e4                _svfiprintf_r
                0x00000000080105e4                _svfprintf_r
 .text._printf_common
                0x00000000080107e4       0xda c:/st/stm32cubeide_1.10.1/stm32cubeide/plugins/com.st.stm32cube.ide.mcu.externaltools.gnu-tools-for-stm32.10.3-2021.10.win32_1.0.0.202111181127/tools/bin/../lib/gcc/arm-none-eabi/10.3.1/../../../../arm-none-eabi/lib/thumb/v7e-m+fp/hard\libc_nano.a(lib_a-nano-vfprintf_i.o)
                0x00000000080107e4                _printf_common
 *fill*         0x00000000080108be        0x2 
 .text._printf_i
                0x00000000080108c0      0x24c c:/st/stm32cubeide_1.10.1/stm32cubeide/plugins/com.st.stm32cube.ide.mcu.externaltools.gnu-tools-for-stm32.10.3-2021.10.win32_1.0.0.202111181127/tools/bin/../lib/gcc/arm-none-eabi/10.3.1/../../../../arm-none-eabi/lib/thumb/v7e-m+fp/hard\libc_nano.a(lib_a-nano-vfprintf_i.o)
                0x00000000080108c0                _printf_i
 .text.memmove  0x0000000008010b0c       0x34 c:/st/stm32cubeide_1.10.1/stm32cubeide/plugins/com.st.stm32cube.ide.mcu.externaltools.gnu-tools-for-stm32.10.3-2021.10.win32_1.0.0.202111181127/tools/bin/../lib/gcc/arm-none-eabi/10.3.1/../../../../arm-none-eabi/lib/thumb/v7e-m+fp/hard\libc_nano.a(lib_a-memmove.o)
                0x0000000008010b0c                memmove
 .text._realloc_r
                0x0000000008010b40       0x5e c:/st/stm32cubeide_1.10.1/stm32cubeide/plugins/com.st.stm32cube.ide.mcu.externaltools.gnu-tools-for-stm32.10.3-2021.10.win32_1.0.0.202111181127/tools/bin/../lib/gcc/arm-none-eabi/10.3.1/../../../../arm-none-eabi/lib/thumb/v7e-m+fp/hard\libc_nano.a(lib_a-nano-reallocr.o)
                0x0000000008010b40                _realloc_r
 .text._malloc_usable_size_r
                0x0000000008010b9e       0x10 c:/st/stm32cubeide_1.10.1/stm32cubeide/plugins/com.st.stm32cube.ide.mcu.externaltools.gnu-tools-for-stm32.10.3-2021.10.win32_1.0.0.202111181127/tools/bin/../lib/gcc/arm-none-eabi/10.3.1/../../../../arm-none-eabi/lib/thumb/v7e-m+fp/hard\libc_nano.a(lib_a-nano-msizer.o)
                0x0000000008010b9e                _malloc_usable_size_r
 *(.glue_7)
 .glue_7        0x0000000008010bae        0x0 linker stubs
 *(.glue_7t)
 .glue_7t       0x0000000008010bae        0x0 linker stubs
 *(.eh_frame)
 *fill*         0x0000000008010bae        0x2 
 .eh_frame      0x0000000008010bb0        0x0 c:/st/stm32cubeide_1.10.1/stm32cubeide/plugins/com.st.stm32cube.ide.mcu.externaltools.gnu-tools-for-stm32.10.3-2021.10.win32_1.0.0.202111181127/tools/bin/../lib/gcc/arm-none-eabi/10.3.1/thumb/v7e-m+fp/hard/crtbegin.o
 *(.init)
 .init          0x0000000008010bb0        0x4 c:/st/stm32cubeide_1.10.1/stm32cubeide/plugins/com.st.stm32cube.ide.mcu.externaltools.gnu-tools-for-stm32.10.3-2021.10.win32_1.0.0.202111181127/tools/bin/../lib/gcc/arm-none-eabi/10.3.1/thumb/v7e-m+fp/hard/crti.o
                0x0000000008010bb0                _init
 .init          0x0000000008010bb4        0x8 c:/st/stm32cubeide_1.10.1/stm32cubeide/plugins/com.st.stm32cube.ide.mcu.externaltools.gnu-tools-for-stm32.10.3-2021.10.win32_1.0.0.202111181127/tools/bin/../lib/gcc/arm-none-eabi/10.3.1/thumb/v7e-m+fp/hard/crtn.o
 *(.fini)
 .fini          0x0000000008010bbc        0x4 c:/st/stm32cubeide_1.10.1/stm32cubeide/plugins/com.st.stm32cube.ide.mcu.externaltools.gnu-tools-for-stm32.10.3-2021.10.win32_1.0.0.202111181127/tools/bin/../lib/gcc/arm-none-eabi/10.3.1/thumb/v7e-m+fp/hard/crti.o
                0x0000000008010bbc                _fini
 .fini          0x0000000008010bc0        0x8 c:/st/stm32cubeide_1.10.1/stm32cubeide/plugins/com.st.stm32cube.ide.mcu.externaltools.gnu-tools-for-stm32.10.3-2021.10.win32_1.0.0.202111181127/tools/bin/../lib/gcc/arm-none-eabi/10.3.1/thumb/v7e-m+fp/hard/crtn.o
                0x0000000008010bc8                . = ALIGN (0x4)
                0x0000000008010bc8                _etext = .

.vfp11_veneer   0x0000000008010bc8        0x0
 .vfp11_veneer  0x0000000008010bc8        0x0 linker stubs

.v4_bx          0x0000000008010bc8        0x0
 .v4_bx         0x0000000008010bc8        0x0 linker stubs

.iplt           0x0000000008010bc8        0x0
 .iplt          0x0000000008010bc8        0x0 c:/st/stm32cubeide_1.10.1/stm32cubeide/plugins/com.st.stm32cube.ide.mcu.externaltools.gnu-tools-for-stm32.10.3-2021.10.win32_1.0.0.202111181127/tools/bin/../lib/gcc/arm-none-eabi/10.3.1/thumb/v7e-m+fp/hard/crtbegin.o

.rodata         0x0000000008010bc8      0x568
                0x0000000008010bc8                . = ALIGN (0x4)
 *(.rodata)
 .rodata        0x0000000008010bc8       0x70 ./Core/srccpp/DisplayCPP/DisplayRoutine.o
 .rodata        0x0000000008010c38        0xf ./Core/srccpp/DisplayCPP/GLCD.o
 *fill*         0x0000000008010c47        0x1 
 .rodata        0x0000000008010c48      0x200 ./Core/srccpp/Modbus/Modbusrtu.o
 .rodata        0x0000000008010e48      0x18a ./Core/srccpp/WifiEsp8266/ESP8266.o
 *(.rodata*)
 *fill*         0x0000000008010fd2        0x2 
 .rodata.AHBPrescTable
                0x0000000008010fd4       0x10 ./Core/Src/system_stm32l4xx.o
                0x0000000008010fd4                AHBPrescTable
 .rodata.APBPrescTable
                0x0000000008010fe4        0x8 ./Core/Src/system_stm32l4xx.o
                0x0000000008010fe4                APBPrescTable
 .rodata.MSIRangeTable
                0x0000000008010fec       0x30 ./Core/Src/system_stm32l4xx.o
                0x0000000008010fec                MSIRangeTable
 .rodata._ZTV6common
                0x000000000801101c       0x10 ./Core/srccpp/Common/common.o
                0x000000000801101c                vtable for common
 .rodata._ZTV14DisplayRoutine
                0x000000000801102c       0x10 ./Core/srccpp/DisplayCPP/DisplayRoutine.o
                0x000000000801102c                vtable for DisplayRoutine
 .rodata._ZTV4GLCD
                0x000000000801103c       0x10 ./Core/srccpp/DisplayCPP/GLCD.o
                0x000000000801103c                vtable for GLCD
 .rodata._ZTV10W5500Class
                0x000000000801104c       0x10 ./Core/srccpp/Ethernet/W5500.o
                0x000000000801104c                vtable for W5500Class
 .rodata._ZTV13Heattreatment
                0x000000000801105c       0x10 ./Core/srccpp/HeattreatmentLogic/ApplicationSW.o
                0x000000000801105c                vtable for Heattreatment
 .rodata._ZTV9Modbusrtu
                0x000000000801106c       0x10 ./Core/srccpp/Modbus/Modbusrtu.o
                0x000000000801106c                vtable for Modbusrtu
 .rodata._ZTV14OfflineStorage
                0x000000000801107c       0x10 ./Core/srccpp/OfflineStorage/OfflineStorage.o
                0x000000000801107c                vtable for OfflineStorage
 .rodata._ZTV7ESP8266
                0x000000000801108c       0x10 ./Core/srccpp/WifiEsp8266/ESP8266.o
                0x000000000801108c                vtable for ESP8266
 .rodata.__sf_fake_stderr
                0x000000000801109c       0x20 c:/st/stm32cubeide_1.10.1/stm32cubeide/plugins/com.st.stm32cube.ide.mcu.externaltools.gnu-tools-for-stm32.10.3-2021.10.win32_1.0.0.202111181127/tools/bin/../lib/gcc/arm-none-eabi/10.3.1/../../../../arm-none-eabi/lib/thumb/v7e-m+fp/hard\libc_nano.a(lib_a-findfp.o)
                0x000000000801109c                __sf_fake_stderr
 .rodata.__sf_fake_stdin
                0x00000000080110bc       0x20 c:/st/stm32cubeide_1.10.1/stm32cubeide/plugins/com.st.stm32cube.ide.mcu.externaltools.gnu-tools-for-stm32.10.3-2021.10.win32_1.0.0.202111181127/tools/bin/../lib/gcc/arm-none-eabi/10.3.1/../../../../arm-none-eabi/lib/thumb/v7e-m+fp/hard\libc_nano.a(lib_a-findfp.o)
                0x00000000080110bc                __sf_fake_stdin
 .rodata.__sf_fake_stdout
                0x00000000080110dc       0x20 c:/st/stm32cubeide_1.10.1/stm32cubeide/plugins/com.st.stm32cube.ide.mcu.externaltools.gnu-tools-for-stm32.10.3-2021.10.win32_1.0.0.202111181127/tools/bin/../lib/gcc/arm-none-eabi/10.3.1/../../../../arm-none-eabi/lib/thumb/v7e-m+fp/hard\libc_nano.a(lib_a-findfp.o)
                0x00000000080110dc                __sf_fake_stdout
 .rodata._svfprintf_r.str1.1
                0x00000000080110fc       0x11 c:/st/stm32cubeide_1.10.1/stm32cubeide/plugins/com.st.stm32cube.ide.mcu.externaltools.gnu-tools-for-stm32.10.3-2021.10.win32_1.0.0.202111181127/tools/bin/../lib/gcc/arm-none-eabi/10.3.1/../../../../arm-none-eabi/lib/thumb/v7e-m+fp/hard\libc_nano.a(lib_a-nano-svfprintf.o)
 .rodata._printf_i.str1.1
                0x000000000801110d       0x22 c:/st/stm32cubeide_1.10.1/stm32cubeide/plugins/com.st.stm32cube.ide.mcu.externaltools.gnu-tools-for-stm32.10.3-2021.10.win32_1.0.0.202111181127/tools/bin/../lib/gcc/arm-none-eabi/10.3.1/../../../../arm-none-eabi/lib/thumb/v7e-m+fp/hard\libc_nano.a(lib_a-nano-vfprintf_i.o)
                0x0000000008011130                . = ALIGN (0x4)
 *fill*         0x000000000801112f        0x1 

.ARM.extab      0x0000000008011130        0x0
                0x0000000008011130                . = ALIGN (0x4)
 *(.ARM.extab* .gnu.linkonce.armextab.*)
                0x0000000008011130                . = ALIGN (0x4)

.ARM            0x0000000008011130        0x8
                0x0000000008011130                . = ALIGN (0x4)
                0x0000000008011130                __exidx_start = .
 *(.ARM.exidx*)
 .ARM.exidx     0x0000000008011130        0x8 c:/st/stm32cubeide_1.10.1/stm32cubeide/plugins/com.st.stm32cube.ide.mcu.externaltools.gnu-tools-for-stm32.10.3-2021.10.win32_1.0.0.202111181127/tools/bin/../lib/gcc/arm-none-eabi/10.3.1/thumb/v7e-m+fp/hard\libgcc.a(_udivmoddi4.o)
                0x0000000008011138                __exidx_end = .
                0x0000000008011138                . = ALIGN (0x4)

.rel.dyn        0x0000000008011138        0x0
 .rel.iplt      0x0000000008011138        0x0 c:/st/stm32cubeide_1.10.1/stm32cubeide/plugins/com.st.stm32cube.ide.mcu.externaltools.gnu-tools-for-stm32.10.3-2021.10.win32_1.0.0.202111181127/tools/bin/../lib/gcc/arm-none-eabi/10.3.1/thumb/v7e-m+fp/hard/crtbegin.o

.preinit_array  0x0000000008011138        0x0
                0x0000000008011138                . = ALIGN (0x4)
                0x0000000008011138                PROVIDE (__preinit_array_start = .)
 *(.preinit_array*)
                0x0000000008011138                PROVIDE (__preinit_array_end = .)
                0x0000000008011138                . = ALIGN (0x4)

.init_array     0x0000000008011138        0x8
                0x0000000008011138                . = ALIGN (0x4)
                0x0000000008011138                PROVIDE (__init_array_start = .)
 *(SORT_BY_NAME(.init_array.*))
 *(.init_array*)
 .init_array    0x0000000008011138        0x4 c:/st/stm32cubeide_1.10.1/stm32cubeide/plugins/com.st.stm32cube.ide.mcu.externaltools.gnu-tools-for-stm32.10.3-2021.10.win32_1.0.0.202111181127/tools/bin/../lib/gcc/arm-none-eabi/10.3.1/thumb/v7e-m+fp/hard/crtbegin.o
 .init_array    0x000000000801113c        0x4 ./Core/srccpp/Ethernet/W5500.o
                0x0000000008011140                PROVIDE (__init_array_end = .)
                0x0000000008011140                . = ALIGN (0x4)

.fini_array     0x0000000008011140        0x8
                0x0000000008011140                . = ALIGN (0x4)
                [!provide]                        PROVIDE (__fini_array_start = .)
 *(SORT_BY_NAME(.fini_array.*))
 *(.fini_array*)
 .fini_array    0x0000000008011140        0x4 c:/st/stm32cubeide_1.10.1/stm32cubeide/plugins/com.st.stm32cube.ide.mcu.externaltools.gnu-tools-for-stm32.10.3-2021.10.win32_1.0.0.202111181127/tools/bin/../lib/gcc/arm-none-eabi/10.3.1/thumb/v7e-m+fp/hard/crtbegin.o
 .fini_array    0x0000000008011144        0x4 ./Core/srccpp/Ethernet/W5500.o
                [!provide]                        PROVIDE (__fini_array_end = .)
                0x0000000008011148                . = ALIGN (0x4)
                0x0000000008011148                _sidata = LOADADDR (.data)

.data           0x0000000020000000       0x70 load address 0x0000000008011148
                0x0000000020000000                . = ALIGN (0x4)
                0x0000000020000000                _sdata = .
 *(.data)
 *(.data*)
 .data.SystemCoreClock
                0x0000000020000000        0x4 ./Core/Src/system_stm32l4xx.o
                0x0000000020000000                SystemCoreClock
 .data.uwTickPrio
                0x0000000020000004        0x4 ./Drivers/STM32L4xx_HAL_Driver/Src/stm32l4xx_hal.o
                0x0000000020000004                uwTickPrio
 .data.uwTickFreq
                0x0000000020000008        0x1 ./Drivers/STM32L4xx_HAL_Driver/Src/stm32l4xx_hal.o
                0x0000000020000008                uwTickFreq
 *fill*         0x0000000020000009        0x3 
 .data._impure_ptr
                0x000000002000000c        0x4 c:/st/stm32cubeide_1.10.1/stm32cubeide/plugins/com.st.stm32cube.ide.mcu.externaltools.gnu-tools-for-stm32.10.3-2021.10.win32_1.0.0.202111181127/tools/bin/../lib/gcc/arm-none-eabi/10.3.1/../../../../arm-none-eabi/lib/thumb/v7e-m+fp/hard\libc_nano.a(lib_a-impure.o)
                0x000000002000000c                _impure_ptr
 .data.impure_data
                0x0000000020000010       0x60 c:/st/stm32cubeide_1.10.1/stm32cubeide/plugins/com.st.stm32cube.ide.mcu.externaltools.gnu-tools-for-stm32.10.3-2021.10.win32_1.0.0.202111181127/tools/bin/../lib/gcc/arm-none-eabi/10.3.1/../../../../arm-none-eabi/lib/thumb/v7e-m+fp/hard\libc_nano.a(lib_a-impure.o)
 *(.RamFunc)
 *(.RamFunc*)
                0x0000000020000070                . = ALIGN (0x4)
                0x0000000020000070                _edata = .

.igot.plt       0x0000000020000070        0x0 load address 0x00000000080111b8
 .igot.plt      0x0000000020000070        0x0 c:/st/stm32cubeide_1.10.1/stm32cubeide/plugins/com.st.stm32cube.ide.mcu.externaltools.gnu-tools-for-stm32.10.3-2021.10.win32_1.0.0.202111181127/tools/bin/../lib/gcc/arm-none-eabi/10.3.1/thumb/v7e-m+fp/hard/crtbegin.o
                0x0000000020000070                . = ALIGN (0x4)

.bss            0x0000000020000070      0x940 load address 0x00000000080111b8
                0x0000000020000070                _sbss = .
                0x0000000020000070                __bss_start__ = _sbss
 *(.bss)
 .bss           0x0000000020000070       0x1c c:/st/stm32cubeide_1.10.1/stm32cubeide/plugins/com.st.stm32cube.ide.mcu.externaltools.gnu-tools-for-stm32.10.3-2021.10.win32_1.0.0.202111181127/tools/bin/../lib/gcc/arm-none-eabi/10.3.1/thumb/v7e-m+fp/hard/crtbegin.o
 *(.bss*)
 .bss.Uart_rx_buffer
                0x000000002000008c       0x46 ./Core/Src/ESP8266/esp8266_rx.o
                0x000000002000008c                Uart_rx_buffer
 .bss.Data_bufferptr
                0x00000000200000d2        0x1 ./Core/Src/ESP8266/esp8266_rx.o
                0x00000000200000d2                Data_bufferptr
 .bss.Err_bufferptr
                0x00000000200000d3        0x1 ./Core/Src/ESP8266/esp8266_rx.o
                0x00000000200000d3                Err_bufferptr
 .bss.WifiDisplay
                0x00000000200000d4        0x1 ./Core/Src/ESP8266/esp8266_rx.o
                0x00000000200000d4                WifiDisplay
 .bss.Error_Close
                0x00000000200000d5        0x1 ./Core/Src/ESP8266/esp8266_rx.o
                0x00000000200000d5                Error_Close
 .bss.Updatetimeinfo
                0x00000000200000d6        0x1 ./Core/Src/ESP8266/esp8266_rx.o
                0x00000000200000d6                Updatetimeinfo
 .bss.RxCompleteU2C1WIFI
                0x00000000200000d7        0x1 ./Core/Src/ESP8266/esp8266_rx.o
                0x00000000200000d7                RxCompleteU2C1WIFI
 .bss.Valid_DataWifi1
                0x00000000200000d8        0x1 ./Core/Src/ESP8266/esp8266_rx.o
                0x00000000200000d8                Valid_DataWifi1
 .bss.UnitId_Http
                0x00000000200000d9        0x1 ./Core/Src/ESP8266/esp8266_rx.o
                0x00000000200000d9                UnitId_Http
 .bss.ProcessId_Http_Msb
                0x00000000200000da        0x2 ./Core/Src/ESP8266/esp8266_rx.o
                0x00000000200000da                ProcessId_Http_Msb
 .bss.ProcessId_Http_LSB
                0x00000000200000dc        0x2 ./Core/Src/ESP8266/esp8266_rx.o
                0x00000000200000dc                ProcessId_Http_LSB
 .bss.R_Temperature_High_Http
                0x00000000200000de        0x2 ./Core/Src/ESP8266/esp8266_rx.o
                0x00000000200000de                R_Temperature_High_Http
 .bss.Temperature_High_Http
                0x00000000200000e0        0x2 ./Core/Src/ESP8266/esp8266_rx.o
                0x00000000200000e0                Temperature_High_Http
 .bss.R_Temperature_Low_Http
                0x00000000200000e2        0x2 ./Core/Src/ESP8266/esp8266_rx.o
                0x00000000200000e2                R_Temperature_Low_Http
 .bss.Temperature_Low_Http
                0x00000000200000e4        0x2 ./Core/Src/ESP8266/esp8266_rx.o
                0x00000000200000e4                Temperature_Low_Http
 .bss.Sequence1_hour_http
                0x00000000200000e6        0x1 ./Core/Src/ESP8266/esp8266_rx.o
                0x00000000200000e6                Sequence1_hour_http
 .bss.Sequence1_minute_http
                0x00000000200000e7        0x1 ./Core/Src/ESP8266/esp8266_rx.o
                0x00000000200000e7                Sequence1_minute_http
 .bss.R_Sequence1_hour_http
                0x00000000200000e8        0x1 ./Core/Src/ESP8266/esp8266_rx.o
                0x00000000200000e8                R_Sequence1_hour_http
 .bss.R_Sequence1_minute_http
                0x00000000200000e9        0x1 ./Core/Src/ESP8266/esp8266_rx.o
                0x00000000200000e9                R_Sequence1_minute_http
 .bss.R_Sequence2_hour_http
                0x00000000200000ea        0x1 ./Core/Src/ESP8266/esp8266_rx.o
                0x00000000200000ea                R_Sequence2_hour_http
 .bss.R_Sequence2_minute_http
                0x00000000200000eb        0x1 ./Core/Src/ESP8266/esp8266_rx.o
                0x00000000200000eb                R_Sequence2_minute_http
 .bss.Sequence2_hour_http
                0x00000000200000ec        0x1 ./Core/Src/ESP8266/esp8266_rx.o
                0x00000000200000ec                Sequence2_hour_http
 .bss.Sequence2_minute_http
                0x00000000200000ed        0x1 ./Core/Src/ESP8266/esp8266_rx.o
                0x00000000200000ed                Sequence2_minute_http
 .bss.TypeofProcess
                0x00000000200000ee        0x1 ./Core/Src/ESP8266/esp8266_rx.o
                0x00000000200000ee                TypeofProcess
 .bss.No_of_temp_Controller
                0x00000000200000ef        0x1 ./Core/Src/ESP8266/esp8266_rx.o
                0x00000000200000ef                No_of_temp_Controller
 .bss.Type_of_temp_Controller
                0x00000000200000f0        0x1 ./Core/Src/ESP8266/esp8266_rx.o
                0x00000000200000f0                Type_of_temp_Controller
 .bss.Type_of_powermeter
                0x00000000200000f1        0x1 ./Core/Src/ESP8266/esp8266_rx.o
                0x00000000200000f1                Type_of_powermeter
 .bss.Status_Http
                0x00000000200000f2        0x1 ./Core/Src/ESP8266/esp8266_rx.o
                0x00000000200000f2                Status_Http
 .bss.IDGen_Skip_Http
                0x00000000200000f3        0x1 ./Core/Src/ESP8266/esp8266_rx.o
                0x00000000200000f3                IDGen_Skip_Http
 .bss.Error_Retry.0
                0x00000000200000f4        0x1 ./Core/Src/ESP8266/esp8266_rx.o
 .bss.Flag1MS   0x00000000200000f5        0x1 ./Core/Src/TimerIntHandler.o
                0x00000000200000f5                Flag1MS
 .bss.Flag1Second
                0x00000000200000f6        0x1 ./Core/Src/TimerIntHandler.o
                0x00000000200000f6                Flag1Second
 .bss.Flag100milliSeconds
                0x00000000200000f7        0x1 ./Core/Src/TimerIntHandler.o
                0x00000000200000f7                Flag100milliSeconds
 .bss.SimCount  0x00000000200000f8        0x1 ./Core/Src/TimerIntHandler.o
                0x00000000200000f8                SimCount
 .bss.LocCount1S
                0x00000000200000f9        0x1 ./Core/Src/TimerIntHandler.o
                0x00000000200000f9                LocCount1S
 .bss.CountAT_Quench
                0x00000000200000fa        0x1 ./Core/Src/TimerIntHandler.o
                0x00000000200000fa                CountAT_Quench
 .bss.Status_Quench_Duration
                0x00000000200000fb        0x1 ./Core/Src/TimerIntHandler.o
                0x00000000200000fb                Status_Quench_Duration
 .bss.Write_memory_Once
                0x00000000200000fc        0x1 ./Core/Src/TimerIntHandler.o
                0x00000000200000fc                Write_memory_Once
 *fill*         0x00000000200000fd        0x1 
 .bss.seq1_count_inc
                0x00000000200000fe        0x2 ./Core/Src/TimerIntHandler.o
                0x00000000200000fe                seq1_count_inc
 .bss.seq2_count_inc
                0x0000000020000100        0x2 ./Core/Src/TimerIntHandler.o
                0x0000000020000100                seq2_count_inc
 .bss.seq1_remaining_time_total_min
                0x0000000020000102        0x2 ./Core/Src/TimerIntHandler.o
                0x0000000020000102                seq1_remaining_time_total_min
 .bss.seq2_remaining_time_total_min
                0x0000000020000104        0x2 ./Core/Src/TimerIntHandler.o
                0x0000000020000104                seq2_remaining_time_total_min
 .bss.seq1_remaining_time_Hr
                0x0000000020000106        0x1 ./Core/Src/TimerIntHandler.o
                0x0000000020000106                seq1_remaining_time_Hr
 .bss.seq1_remaining_time_min
                0x0000000020000107        0x1 ./Core/Src/TimerIntHandler.o
                0x0000000020000107                seq1_remaining_time_min
 .bss.seq2_remaining_time_Hr
                0x0000000020000108        0x1 ./Core/Src/TimerIntHandler.o
                0x0000000020000108                seq2_remaining_time_Hr
 .bss.seq2_remaining_time_min
                0x0000000020000109        0x1 ./Core/Src/TimerIntHandler.o
                0x0000000020000109                seq2_remaining_time_min
 .bss.Read_Quench_IP_Start
                0x000000002000010a        0x2 ./Core/Src/TimerIntHandler.o
                0x000000002000010a                Read_Quench_IP_Start
 .bss.Read_Quench_IP_Stop
                0x000000002000010c        0x2 ./Core/Src/TimerIntHandler.o
                0x000000002000010c                Read_Quench_IP_Stop
 .bss.Quenching_Seconds_Cont
                0x000000002000010e        0x2 ./Core/Src/TimerIntHandler.o
                0x000000002000010e                Quenching_Seconds_Cont
 .bss.Seccount1
                0x0000000020000110        0x1 ./Core/Src/TimerIntHandler.o
                0x0000000020000110                Seccount1
 .bss.Seccount2
                0x0000000020000111        0x1 ./Core/Src/TimerIntHandler.o
                0x0000000020000111                Seccount2
 .bss.InputStart_R
                0x0000000020000112        0x1 ./Core/Src/TimerIntHandler.o
                0x0000000020000112                InputStart_R
 .bss.InputStop_R
                0x0000000020000113        0x1 ./Core/Src/TimerIntHandler.o
                0x0000000020000113                InputStop_R
 .bss.checkbuff
                0x0000000020000114      0x12c ./Core/Src/UARTTxRxHandle.o
                0x0000000020000114                checkbuff
 .bss.refinc    0x0000000020000240        0x1 ./Core/Src/UARTTxRxHandle.o
                0x0000000020000240                refinc
 .bss.rx_msb_data
                0x0000000020000241        0x1 ./Core/Src/UARTTxRxHandle.o
                0x0000000020000241                rx_msb_data
 .bss.rx_lsb_data
                0x0000000020000242        0x1 ./Core/Src/UARTTxRxHandle.o
                0x0000000020000242                rx_lsb_data
 .bss.rx_msb_h_data
                0x0000000020000243        0x1 ./Core/Src/UARTTxRxHandle.o
                0x0000000020000243                rx_msb_h_data
 .bss.rx_seq    0x0000000020000244        0x1 ./Core/Src/UARTTxRxHandle.o
                0x0000000020000244                rx_seq
 .bss.rx_meter_id
                0x0000000020000245        0x1 ./Core/Src/UARTTxRxHandle.o
                0x0000000020000245                rx_meter_id
 .bss.rx_seq_1  0x0000000020000246        0x1 ./Core/Src/UARTTxRxHandle.o
                0x0000000020000246                rx_seq_1
 .bss.rx_msb_data_w
                0x0000000020000247        0x1 ./Core/Src/UARTTxRxHandle.o
                0x0000000020000247                rx_msb_data_w
 .bss.rx_lsb_data_w
                0x0000000020000248        0x1 ./Core/Src/UARTTxRxHandle.o
                0x0000000020000248                rx_lsb_data_w
 *fill*         0x0000000020000249        0x3 
 .bss.u8rxdwinbuf
                0x000000002000024c        0x3 ./Core/Src/UARTTxRxHandle.o
                0x000000002000024c                u8rxdwinbuf
 *fill*         0x000000002000024f        0x1 
 .bss.DwinDatabuffer
                0x0000000020000250       0xff ./Core/Src/UARTTxRxHandle.o
                0x0000000020000250                DwinDatabuffer
 .bss.NoOfDwinRxdata
                0x000000002000034f        0x1 ./Core/Src/UARTTxRxHandle.o
                0x000000002000034f                NoOfDwinRxdata
 .bss.Rx_Dwin_Data_Buff_Point
                0x0000000020000350        0x1 ./Core/Src/UARTTxRxHandle.o
                0x0000000020000350                Rx_Dwin_Data_Buff_Point
 .bss.Rx_Dwin_Complete
                0x0000000020000351        0x1 ./Core/Src/UARTTxRxHandle.o
                0x0000000020000351                Rx_Dwin_Complete
 .bss.water_temperature
                0x0000000020000352        0x2 ./Core/Src/UARTTxRxHandle.o
                0x0000000020000352                water_temperature
 .bss.Dwinseq   0x0000000020000354        0x1 ./Core/Src/UARTTxRxHandle.o
                0x0000000020000354                Dwinseq
 *fill*         0x0000000020000355        0x3 
 .bss.check     0x0000000020000358       0xd2 ./Core/Src/UARTTxRxHandle.o
                0x0000000020000358                check
 .bss.trackpoint
                0x000000002000042a        0x1 ./Core/Src/UARTTxRxHandle.o
                0x000000002000042a                trackpoint
 *fill*         0x000000002000042b        0x1 
 .bss.hi2c1     0x000000002000042c       0x54 ./Core/Src/main.o
                0x000000002000042c                hi2c1
 .bss.hlpuart1  0x0000000020000480       0x84 ./Core/Src/main.o
                0x0000000020000480                hlpuart1
 .bss.huart1    0x0000000020000504       0x84 ./Core/Src/main.o
                0x0000000020000504                huart1
 .bss.huart2    0x0000000020000588       0x84 ./Core/Src/main.o
                0x0000000020000588                huart2
 .bss.hspi1     0x000000002000060c       0x64 ./Core/Src/main.o
                0x000000002000060c                hspi1
 .bss.hspi2     0x0000000020000670       0x64 ./Core/Src/main.o
                0x0000000020000670                hspi2
 .bss.htim1     0x00000000200006d4       0x4c ./Core/Src/main.o
                0x00000000200006d4                htim1
 .bss.htim6     0x0000000020000720       0x4c ./Core/Src/main.o
                0x0000000020000720                htim6
 .bss.htim7     0x000000002000076c       0x4c ./Core/Src/main.o
                0x000000002000076c                htim7
 .bss.rxTempBuff
                0x00000000200007b8        0x5 ./Core/Src/main.o
                0x00000000200007b8                rxTempBuff
 *fill*         0x00000000200007bd        0x3 
 .bss.__sbrk_heap_end
                0x00000000200007c0        0x4 ./Core/Src/sysmem.o
 .bss.w25qxx    0x00000000200007c4       0x28 ./Core/Src/W25Q64/w25qxx.o
                0x00000000200007c4                w25qxx
 .bss.w5500     0x00000000200007ec        0x4 ./Core/srccpp/Ethernet/W5500.o
                0x00000000200007ec                w5500
 .bss.updateSetData
                0x00000000200007f0        0x1 ./Core/srccpp/HeattreatmentLogic/ApplicationSW.o
                0x00000000200007f0                updateSetData
 .bss.NewQuenchingReq
                0x00000000200007f1        0x1 ./Core/srccpp/HeattreatmentLogic/ApplicationSW.o
                0x00000000200007f1                NewQuenchingReq
 .bss.status_to_server
                0x00000000200007f2        0x1 ./Core/srccpp/HeattreatmentLogic/ApplicationSW.o
                0x00000000200007f2                status_to_server
 *fill*         0x00000000200007f3        0x1 
 .bss.ProcessId_Value
                0x00000000200007f4        0x2 ./Core/srccpp/HeattreatmentLogic/ApplicationSW.o
                0x00000000200007f4                ProcessId_Value
 .bss.Seq1temperature
                0x00000000200007f6        0x2 ./Core/srccpp/HeattreatmentLogic/ApplicationSW.o
                0x00000000200007f6                Seq1temperature
 .bss.Seq2temperature
                0x00000000200007f8        0x2 ./Core/srccpp/HeattreatmentLogic/ApplicationSW.o
                0x00000000200007f8                Seq2temperature
 .bss.temperature_reference
                0x00000000200007fa        0x2 ./Core/srccpp/HeattreatmentLogic/ApplicationSW.o
                0x00000000200007fa                temperature_reference
 .bss.act_temperature_c1
                0x00000000200007fc        0x2 ./Core/srccpp/HeattreatmentLogic/ApplicationSW.o
                0x00000000200007fc                act_temperature_c1
 .bss.act_temperature_c2
                0x00000000200007fe        0x2 ./Core/srccpp/HeattreatmentLogic/ApplicationSW.o
                0x00000000200007fe                act_temperature_c2
 .bss.act_temperature_c3
                0x0000000020000800        0x2 ./Core/srccpp/HeattreatmentLogic/ApplicationSW.o
                0x0000000020000800                act_temperature_c3
 .bss.act_temperature_c4
                0x0000000020000802        0x2 ./Core/srccpp/HeattreatmentLogic/ApplicationSW.o
                0x0000000020000802                act_temperature_c4
 .bss.SEQMONITOR
                0x0000000020000804        0x1 ./Core/srccpp/HeattreatmentLogic/ApplicationSW.o
                0x0000000020000804                SEQMONITOR
 .bss.start_process_control_timer
                0x0000000020000805        0x1 ./Core/srccpp/HeattreatmentLogic/ApplicationSW.o
                0x0000000020000805                start_process_control_timer
 .bss.stop_timer_count
                0x0000000020000806        0x1 ./Core/srccpp/HeattreatmentLogic/ApplicationSW.o
                0x0000000020000806                stop_timer_count
 .bss.process_complete
                0x0000000020000807        0x1 ./Core/srccpp/HeattreatmentLogic/ApplicationSW.o
                0x0000000020000807                process_complete
 .bss.H_Timer01HrValue
                0x0000000020000808        0x1 ./Core/srccpp/HeattreatmentLogic/ApplicationSW.o
                0x0000000020000808                H_Timer01HrValue
 .bss.H_Timer01MinValue
                0x0000000020000809        0x1 ./Core/srccpp/HeattreatmentLogic/ApplicationSW.o
                0x0000000020000809                H_Timer01MinValue
 .bss.H_Timer02HrValue
                0x000000002000080a        0x1 ./Core/srccpp/HeattreatmentLogic/ApplicationSW.o
                0x000000002000080a                H_Timer02HrValue
 .bss.H_Timer02MinValue
                0x000000002000080b        0x1 ./Core/srccpp/HeattreatmentLogic/ApplicationSW.o
                0x000000002000080b                H_Timer02MinValue
 .bss.ProcessTotalMin1
                0x000000002000080c        0x2 ./Core/srccpp/HeattreatmentLogic/ApplicationSW.o
                0x000000002000080c                ProcessTotalMin1
 .bss.ProcessTotalMin2
                0x000000002000080e        0x2 ./Core/srccpp/HeattreatmentLogic/ApplicationSW.o
                0x000000002000080e                ProcessTotalMin2
 .bss.Rise_Sequence1_temp
                0x0000000020000810        0x2 ./Core/srccpp/HeattreatmentLogic/ApplicationSW.o
                0x0000000020000810                Rise_Sequence1_temp
 .bss.Rise_Sequence2_temp
                0x0000000020000812        0x2 ./Core/srccpp/HeattreatmentLogic/ApplicationSW.o
                0x0000000020000812                Rise_Sequence2_temp
 .bss.Rise_Sequence1_Hour
                0x0000000020000814        0x1 ./Core/srccpp/HeattreatmentLogic/ApplicationSW.o
                0x0000000020000814                Rise_Sequence1_Hour
 .bss.Rise_Sequence1_Minute
                0x0000000020000815        0x1 ./Core/srccpp/HeattreatmentLogic/ApplicationSW.o
                0x0000000020000815                Rise_Sequence1_Minute
 .bss.Rise_Sequence2_Hour
                0x0000000020000816        0x1 ./Core/srccpp/HeattreatmentLogic/ApplicationSW.o
                0x0000000020000816                Rise_Sequence2_Hour
 .bss.Rise_Sequence2_Minute
                0x0000000020000817        0x1 ./Core/srccpp/HeattreatmentLogic/ApplicationSW.o
                0x0000000020000817                Rise_Sequence2_Minute
 .bss.Temp_Rising_Reference
                0x0000000020000818        0x2 ./Core/srccpp/HeattreatmentLogic/ApplicationSW.o
                0x0000000020000818                Temp_Rising_Reference
 .bss.TimeReference_Hr
                0x000000002000081a        0x1 ./Core/srccpp/HeattreatmentLogic/ApplicationSW.o
                0x000000002000081a                TimeReference_Hr
 .bss.TimeReference_Min
                0x000000002000081b        0x1 ./Core/srccpp/HeattreatmentLogic/ApplicationSW.o
                0x000000002000081b                TimeReference_Min
 .bss.Time_Rising_Ref_Hr
                0x000000002000081c        0x1 ./Core/srccpp/HeattreatmentLogic/ApplicationSW.o
                0x000000002000081c                Time_Rising_Ref_Hr
 .bss.Time_Rising_Ref_Min
                0x000000002000081d        0x1 ./Core/srccpp/HeattreatmentLogic/ApplicationSW.o
                0x000000002000081d                Time_Rising_Ref_Min
 *fill*         0x000000002000081e        0x2 
 .bss.u8rxbuf   0x0000000020000820       0x10 ./Core/srccpp/Modbus/Modbusrtu.o
                0x0000000020000820                u8rxbuf
 .bss.TxSeqComplete
                0x0000000020000830        0x1 ./Core/srccpp/Modbus/Modbusrtu.o
                0x0000000020000830                TxSeqComplete
 .bss.ProcRunning
                0x0000000020000831        0x1 ./Core/srccpp/Modbus/Modbusrtu.o
                0x0000000020000831                ProcRunning
 .bss.Idle_State
                0x0000000020000832        0x1 ./Core/srccpp/Modbus/Modbusrtu.o
                0x0000000020000832                Idle_State
 .bss.indexStartUsername
                0x0000000020000833        0x1 ./Core/srccpp/Modbus/Modbusrtu.o
                0x0000000020000833                indexStartUsername
 .bss.indexStartPsw
                0x0000000020000834        0x1 ./Core/srccpp/Modbus/Modbusrtu.o
                0x0000000020000834                indexStartPsw
 .bss.noOfByteUsername
                0x0000000020000835        0x1 ./Core/srccpp/Modbus/Modbusrtu.o
                0x0000000020000835                noOfByteUsername
 .bss.noOfBytePsw
                0x0000000020000836        0x1 ./Core/srccpp/Modbus/Modbusrtu.o
                0x0000000020000836                noOfBytePsw
 *fill*         0x0000000020000837        0x1 
 .bss.wifiUsername
                0x0000000020000838        0xf ./Core/srccpp/Modbus/Modbusrtu.o
                0x0000000020000838                wifiUsername
 *fill*         0x0000000020000847        0x1 
 .bss.wifiPassword
                0x0000000020000848        0xf ./Core/srccpp/Modbus/Modbusrtu.o
                0x0000000020000848                wifiPassword
 .bss.noOfByteUsernameK1
                0x0000000020000857        0x1 ./Core/srccpp/Modbus/Modbusrtu.o
                0x0000000020000857                noOfByteUsernameK1
 .bss.noOfBytePswK1
                0x0000000020000858        0x1 ./Core/srccpp/Modbus/Modbusrtu.o
                0x0000000020000858                noOfBytePswK1
 *fill*         0x0000000020000859        0x3 
 .bss.wifiUsernameK1
                0x000000002000085c        0xf ./Core/srccpp/Modbus/Modbusrtu.o
                0x000000002000085c                wifiUsernameK1
 *fill*         0x000000002000086b        0x1 
 .bss.wifiPasswordK1
                0x000000002000086c        0xf ./Core/srccpp/Modbus/Modbusrtu.o
                0x000000002000086c                wifiPasswordK1
 .bss.UpdateMemoryForWfi
                0x000000002000087b        0x1 ./Core/srccpp/Modbus/Modbusrtu.o
                0x000000002000087b                UpdateMemoryForWfi
 .bss.SEQMONITOR_K1
                0x000000002000087c        0x1 ./Core/srccpp/OfflineStorage/OfflineStorage.o
                0x000000002000087c                SEQMONITOR_K1
 *fill*         0x000000002000087d        0x1 
 .bss.ProcessId_Value_K1
                0x000000002000087e        0x2 ./Core/srccpp/OfflineStorage/OfflineStorage.o
                0x000000002000087e                ProcessId_Value_K1
 .bss.seq1_count_inc_K1
                0x0000000020000880        0x2 ./Core/srccpp/OfflineStorage/OfflineStorage.o
                0x0000000020000880                seq1_count_inc_K1
 .bss.seq2_count_inc_K1
                0x0000000020000882        0x2 ./Core/srccpp/OfflineStorage/OfflineStorage.o
                0x0000000020000882                seq2_count_inc_K1
 .bss.wifi_command
                0x0000000020000884        0x1 ./Core/srccpp/WifiEsp8266/ESP8266.o
                0x0000000020000884                wifi_command
 *fill*         0x0000000020000885        0x3 
 .bss.ESP8266TXData
                0x0000000020000888       0xfa ./Core/srccpp/WifiEsp8266/ESP8266.o
                0x0000000020000888                ESP8266TXData
 .bss.bufferptr
                0x0000000020000982        0x1 ./Core/srccpp/WifiEsp8266/ESP8266.o
                0x0000000020000982                bufferptr
 .bss.Rxseqdecoder
                0x0000000020000983        0x1 ./Core/srccpp/WifiEsp8266/ESP8266.o
                0x0000000020000983                Rxseqdecoder
 .bss.Check_CWMODE_For_Hang
                0x0000000020000984        0x1 ./Core/srccpp/WifiEsp8266/ESP8266.o