Archive member included to satisfy reference by file (symbol)

c:/st/stm32cubeide_1.10.1/stm32cubeide/plugins/com.st.stm32cube.ide.mcu.externaltools.gnu-tools-for-stm32.10.3-2021.10.win32_1.0.0.202111181127/tools/bin/../lib/gcc/arm-none-eabi/10.3.1/../../../../arm-none-eabi/lib/thumb/v7e-m+fp/hard\libstdc++_nano.a(del_ops.o)
                              ./Core/srccpp/Common/common.o (operator delete(void*, unsigned int))
c:/st/stm32cubeide_1.10.1/stm32cubeide/plugins/com.st.stm32cube.ide.mcu.externaltools.gnu-tools-for-stm32.10.3-2021.10.win32_1.0.0.202111181127/tools/bin/../lib/gcc/arm-none-eabi/10.3.1/../../../../arm-none-eabi/lib/thumb/v7e-m+fp/hard\libstdc++_nano.a(del_op.o)
                              c:/st/stm32cubeide_1.10.1/stm32cubeide/plugins/com.st.stm32cube.ide.mcu.externaltools.gnu-tools-for-stm32.10.3-2021.10.win32_1.0.0.202111181127/tools/bin/../lib/gcc/arm-none-eabi/10.3.1/../../../../arm-none-eabi/lib/thumb/v7e-m+fp/hard\libstdc++_nano.a(del_ops.o) (operator delete(void*))
c:/st/stm32cubeide_1.10.1/stm32cubeide/plugins/com.st.stm32cube.ide.mcu.externaltools.gnu-tools-for-stm32.10.3-2021.10.win32_1.0.0.202111181127/tools/bin/../lib/gcc/arm-none-eabi/10.3.1/../../../../arm-none-eabi/lib/thumb/v7e-m+fp/hard\libc_nano.a(lib_a-errno.o)
                              ./Core/Src/syscalls.o (__errno)
c:/st/stm32cubeide_1.10.1/stm32cubeide/plugins/com.st.stm32cube.ide.mcu.externaltools.gnu-tools-for-stm32.10.3-2021.10.win32_1.0.0.202111181127/tools/bin/../lib/gcc/arm-none-eabi/10.3.1/../../../../arm-none-eabi/lib/thumb/v7e-m+fp/hard\libc_nano.a(lib_a-exit.o)
                              c:/st/stm32cubeide_1.10.1/stm32cubeide/plugins/com.st.stm32cube.ide.mcu.externaltools.gnu-tools-for-stm32.10.3-2021.10.win32_1.0.0.202111181127/tools/bin/../lib/gcc/arm-none-eabi/10.3.1/../../../../arm-none-eabi/lib/thumb/v7e-m+fp/hard/crt0.o (exit)
c:/st/stm32cubeide_1.10.1/stm32cubeide/plugins/com.st.stm32cube.ide.mcu.externaltools.gnu-tools-for-stm32.10.3-2021.10.win32_1.0.0.202111181127/tools/bin/../lib/gcc/arm-none-eabi/10.3.1/../../../../arm-none-eabi/lib/thumb/v7e-m+fp/hard\libc_nano.a(lib_a-impure.o)
                              c:/st/stm32cubeide_1.10.1/stm32cubeide/plugins/com.st.stm32cube.ide.mcu.externaltools.gnu-tools-for-stm32.10.3-2021.10.win32_1.0.0.202111181127/tools/bin/../lib/gcc/arm-none-eabi/10.3.1/../../../../arm-none-eabi/lib/thumb/v7e-m+fp/hard\libc_nano.a(lib_a-exit.o) (_global_impure_ptr)
c:/st/stm32cubeide_1.10.1/stm32cubeide/plugins/com.st.stm32cube.ide.mcu.externaltools.gnu-tools-for-stm32.10.3-2021.10.win32_1.0.0.202111181127/tools/bin/../lib/gcc/arm-none-eabi/10.3.1/../../../../arm-none-eabi/lib/thumb/v7e-m+fp/hard\libc_nano.a(lib_a-init.o)
                              c:/st/stm32cubeide_1.10.1/stm32cubeide/plugins/com.st.stm32cube.ide.mcu.externaltools.gnu-tools-for-stm32.10.3-2021.10.win32_1.0.0.202111181127/tools/bin/../lib/gcc/arm-none-eabi/10.3.1/../../../../arm-none-eabi/lib/thumb/v7e-m+fp/hard/crt0.o (__libc_init_array)
c:/st/stm32cubeide_1.10.1/stm32cubeide/plugins/com.st.stm32cube.ide.mcu.externaltools.gnu-tools-for-stm32.10.3-2021.10.win32_1.0.0.202111181127/tools/bin/../lib/gcc/arm-none-eabi/10.3.1/../../../../arm-none-eabi/lib/thumb/v7e-m+fp/hard\libc_nano.a(lib_a-malloc.o)
                              c:/st/stm32cubeide_1.10.1/stm32cubeide/plugins/com.st.stm32cube.ide.mcu.externaltools.gnu-tools-for-stm32.10.3-2021.10.win32_1.0.0.202111181127/tools/bin/../lib/gcc/arm-none-eabi/10.3.1/../../../../arm-none-eabi/lib/thumb/v7e-m+fp/hard\libstdc++_nano.a(del_op.o) (free)
c:/st/stm32cubeide_1.10.1/stm32cubeide/plugins/com.st.stm32cube.ide.mcu.externaltools.gnu-tools-for-stm32.10.3-2021.10.win32_1.0.0.202111181127/tools/bin/../lib/gcc/arm-none-eabi/10.3.1/../../../../arm-none-eabi/lib/thumb/v7e-m+fp/hard\libc_nano.a(lib_a-memcpy-stub.o)
                              ./Core/srccpp/Modbus/Modbusrtu.o (memcpy)
c:/st/stm32cubeide_1.10.1/stm32cubeide/plugins/com.st.stm32cube.ide.mcu.externaltools.gnu-tools-for-stm32.10.3-2021.10.win32_1.0.0.202111181127/tools/bin/../lib/gcc/arm-none-eabi/10.3.1/../../../../arm-none-eabi/lib/thumb/v7e-m+fp/hard\libc_nano.a(lib_a-memset.o)
                              c:/st/stm32cubeide_1.10.1/stm32cubeide/plugins/com.st.stm32cube.ide.mcu.externaltools.gnu-tools-for-stm32.10.3-2021.10.win32_1.0.0.202111181127/tools/bin/../lib/gcc/arm-none-eabi/10.3.1/../../../../arm-none-eabi/lib/thumb/v7e-m+fp/hard/crt0.o (memset)
c:/st/stm32cubeide_1.10.1/stm32cubeide/plugins/com.st.stm32cube.ide.mcu.externaltools.gnu-tools-for-stm32.10.3-2021.10.win32_1.0.0.202111181127/tools/bin/../lib/gcc/arm-none-eabi/10.3.1/../../../../arm-none-eabi/lib/thumb/v7e-m+fp/hard\libc_nano.a(lib_a-nano-freer.o)
[...]
Memory Configuration

Name             Origin             Length             Attributes
RAM              0x0000000020000000 0x0000000000010000 xrw
RAM2             0x0000000010000000 0x0000000000004000 xrw
FLASH            0x0000000008000000 0x0000000000040000 xr
*default*        0x0000000000000000 0xffffffffffffffff

Linker script and memory map

LOAD c:/st/stm32cubeide_1.10.1/stm32cubeide/plugins/com.st.stm32cube.ide.mcu.externaltools.gnu-tools-for-stm32.10.3-2021.10.win32_1.0.0.202111181127/tools/bin/../lib/gcc/arm-none-eabi/10.3.1/thumb/v7e-m+fp/hard/crti.o
LOAD c:/st/stm32cubeide_1.10.1/stm32cubeide/plugins/com.st.stm32cube.ide.mcu.externaltools.gnu-tools-for-stm32.10.3-2021.10.win32_1.0.0.202111181127/tools/bin/../lib/gcc/arm-none-eabi/10.3.1/thumb/v7e-m+fp/hard/crtbegin.o
LOAD c:/st/stm32cubeide_1.10.1/stm32cubeide/plugins/com.st.stm32cube.ide.mcu.externaltools.gnu-tools-for-stm32.10.3-2021.10.win32_1.0.0.202111181127/tools/bin/../lib/gcc/arm-none-eabi/10.3.1/../../../../arm-none-eabi/lib/thumb/v7e-m+fp/hard/crt0.o
LOAD ./Core/Src/ESP8266/esp8266.o
LOAD ./Core/Src/ESP8266/esp8266_rx.o
LOAD ./Core/Src/GLCD_clib.o
LOAD ./Core/Src/TimerIntHandler.o
LOAD ./Core/Src/UARTTxRxHandle.o
LOAD ./Core/Src/main.o
LOAD ./Core/Src/stm32l4xx_hal_msp.o
LOAD ./Core/Src/stm32l4xx_it.o
LOAD ./Core/Src/syscalls.o
LOAD ./Core/Src/sysmem.o
LOAD ./Core/Src/system_stm32l4xx.o
LOAD ./Core/Src/Internet/DHCP/dhcp.o
LOAD ./Core/Src/Internet/DNS/dns.o
LOAD ./Core/Src/RTC/ds1307.o
LOAD ./Core/Src/W25Q64/w25qxx.o
LOAD ./Core/Src/W5500_C/W5500/w5500.o
LOAD ./Core/Src/W5500_C/httpClient.o
LOAD ./Core/Src/W5500_C/socket.o
LOAD ./Core/Src/W5500_C/w5500_spi.o
LOAD ./Core/Src/W5500_C/wizchip_conf.o
LOAD ./Core/Startup/startup_stm32l433rctx.o
LOAD ./Core/srccpp/Common/common.o
LOAD ./Core/srccpp/DisplayCPP/DisplayRoutine.o
LOAD ./Core/srccpp/DisplayCPP/GLCD.o
LOAD ./Core/srccpp/Ethernet/W5500.o
LOAD ./Core/srccpp/HeattreatmentLogic/ApplicationSW.o
LOAD ./Core/srccpp/Modbus/Modbusrtu.o
LOAD ./Core/srccpp/OfflineStorage/OfflineStorage.o
LOAD ./Core/srccpp/Shift/SHIFT.o
LOAD ./Core/srccpp/WifiEsp8266/ESP8266.o
LOAD ./Core/srccpp/main.o
LOAD ./Drivers/STM32L4xx_HAL_Driver/Src/stm32l4xx_hal.o
LOAD ./Drivers/STM32L4xx_HAL_Driver/Src/stm32l4xx_hal_cortex.o
LOAD ./Drivers/STM32L4xx_HAL_Driver/Src/stm32l4xx_hal_dma.o
LOAD ./Drivers/STM32L4xx_HAL_Driver/Src/stm32l4xx_hal_dma_ex.o
LOAD ./Drivers/STM32L4xx_HAL_Driver/Src/stm32l4xx_hal_exti.o
LOAD ./Drivers/STM32L4xx_HAL_Driver/Src/stm32l4xx_hal_flash.o
LOAD ./Drivers/STM32L4xx_HAL_Driver/Src/stm32l4xx_hal_flash_ex.o
LOAD ./Drivers/STM32L4xx_HAL_Driver/Src/stm32l4xx_hal_flash_ramfunc.o
LOAD ./Drivers/STM32L4xx_HAL_Driver/Src/stm32l4xx_hal_gpio.o
LOAD ./Drivers/STM32L4xx_HAL_Driver/Src/stm32l4xx_hal_i2c.o
LOAD ./Drivers/STM32L4xx_HAL_Driver/Src/stm32l4xx_hal_i2c_ex.o
LOAD ./Drivers/STM32L4xx_HAL_Driver/Src/stm32l4xx_hal_pwr.o
LOAD ./Drivers/STM32L4xx_HAL_Driver/Src/stm32l4xx_hal_pwr_ex.o
LOAD ./Drivers/STM32L4xx_HAL_Driver/Src/stm32l4xx_hal_rcc.o
LOAD ./Drivers/STM32L4xx_HAL_Driver/Src/stm32l4xx_hal_rcc_ex.o
LOAD ./Drivers/STM32L4xx_HAL_Driver/Src/stm32l4xx_hal_spi.o
LOAD ./Drivers/STM32L4xx_HAL_Driver/Src/stm32l4xx_hal_spi_ex.o
LOAD ./Drivers/STM32L4xx_HAL_Driver/Src/stm32l4xx_hal_tim.o
LOAD ./Drivers/STM32L4xx_HAL_Driver/Src/stm32l4xx_hal_tim_ex.o
LOAD ./Drivers/STM32L4xx_HAL_Driver/Src/stm32l4xx_hal_uart.o
LOAD ./Drivers/STM32L4xx_HAL_Driver/Src/stm32l4xx_hal_uart_ex.o
START GROUP
LOAD c:/st/stm32cubeide_1.10.1/stm32cubeide/plugins/com.st.stm32cube.ide.mcu.externaltools.gnu-tools-for-stm32.10.3-2021.10.win32_1.0.0.202111181127/tools/bin/../lib/gcc/arm-none-eabi/10.3.1/../../../../arm-none-eabi/lib/thumb/v7e-m+fp/hard\libstdc++_nano.a
LOAD c:/st/stm32cubeide_1.10.1/stm32cubeide/plugins/com.st.stm32cube.ide.mcu.externaltools.gnu-tools-for-stm32.10.3-2021.10.win32_1.0.0.202111181127/tools/bin/../lib/gcc/arm-none-eabi/10.3.1/../../../../arm-none-eabi/lib/thumb/v7e-m+fp/hard\libsupc++_nano.a
END GROUP
LOAD c:/st/stm32cubeide_1.10.1/stm32cubeide/plugins/com.st.stm32cube.ide.mcu.externaltools.gnu-tools-for-stm32.10.3-2021.10.win32_1.0.0.202111181127/tools/bin/../lib/gcc/arm-none-eabi/10.3.1/../../../../arm-none-eabi/lib/thumb/v7e-m+fp/hard\libstdc++_nano.a
LOAD c:/st/stm32cubeide_1.10.1/stm32cubeide/plugins/com.st.stm32cube.ide.mcu.externaltools.gnu-tools-for-stm32.10.3-2021.10.win32_1.0.0.202111181127/tools/bin/../lib/gcc/arm-none-eabi/10.3.1/../../../../arm-none-eabi/lib/thumb/v7e-m+fp/hard\libm.a
LOAD c:/st/stm32cubeide_1.10.1/stm32cubeide/plugins/com.st.stm32cube.ide.mcu.externaltools.gnu-tools-for-stm32.10.3-2021.10.win32_1.0.0.202111181127/tools/bin/../lib/gcc/arm-none-eabi/10.3.1/../../../../arm-none-eabi/lib/thumb/v7e-m+fp/hard\libc_nano.a
START GROUP
LOAD c:/st/stm32cubeide_1.10.1/stm32cubeide/plugins/com.st.stm32cube.ide.mcu.externaltools.gnu-tools-for-stm32.10.3-2021.10.win32_1.0.0.202111181127/tools/bin/../lib/gcc/arm-none-eabi/10.3.1/thumb/v7e-m+fp/hard\libgcc.a
LOAD c:/st/stm32cubeide_1.10.1/stm32cubeide/plugins/com.st.stm32cube.ide.mcu.externaltools.gnu-tools-for-stm32.10.3-2021.10.win32_1.0.0.202111181127/tools/bin/../lib/gcc/arm-none-eabi/10.3.1/../../../../arm-none-eabi/lib/thumb/v7e-m+fp/hard\libc_nano.a
END GROUP
START GROUP
LOAD c:/st/stm32cubeide_1.10.1/stm32cubeide/plugins/com.st.stm32cube.ide.mcu.externaltools.gnu-tools-for-stm32.10.3-2021.10.win32_1.0.0.202111181127/tools/bin/../lib/gcc/arm-none-eabi/10.3.1/thumb/v7e-m+fp/hard\libgcc.a
LOAD c:/st/stm32cubeide_1.10.1/stm32cubeide/plugins/com.st.stm32cube.ide.mcu.externaltools.gnu-tools-for-stm32.10.3-2021.10.win32_1.0.0.202111181127/tools/bin/../lib/gcc/arm-none-eabi/10.3.1/../../../../arm-none-eabi/lib/thumb/v7e-m+fp/hard\libc_nano.a
LOAD c:/st/stm32cubeide_1.10.1/stm32cubeide/plugins/com.st.stm32cube.ide.mcu.externaltools.gnu-tools-for-stm32.10.3-2021.10.win32_1.0.0.202111181127/tools/bin/../lib/gcc/arm-none-eabi/10.3.1/../../../../arm-none-eabi/lib/thumb/v7e-m+fp/hard\libnosys.a
END GROUP
START GROUP
LOAD c:/st/stm32cubeide_1.10.1/stm32cubeide/plugins/com.st.stm32cube.ide.mcu.externaltools.gnu-tools-for-stm32.10.3-2021.10.win32_1.0.0.202111181127/tools/bin/../lib/gcc/arm-none-eabi/10.3.1/thumb/v7e-m+fp/hard\libgcc.a
LOAD c:/st/stm32cubeide_1.10.1/stm32cubeide/plugins/com.st.stm32cube.ide.mcu.externaltools.gnu-tools-for-stm32.10.3-2021.10.win32_1.0.0.202111181127/tools/bin/../lib/gcc/arm-none-eabi/10.3.1/../../../../arm-none-eabi/lib/thumb/v7e-m+fp/hard\libc_nano.a
LOAD c:/st/stm32cubeide_1.10.1/stm32cubeide/plugins/com.st.stm32cube.ide.mcu.externaltools.gnu-tools-for-stm32.10.3-2021.10.win32_1.0.0.202111181127/tools/bin/../lib/gcc/arm-none-eabi/10.3.1/../../../../arm-none-eabi/lib/thumb/v7e-m+fp/hard\libnosys.a
END GROUP
LOAD c:/st/stm32cubeide_1.10.1/stm32cubeide/plugins/com.st.stm32cube.ide.mcu.externaltools.gnu-tools-for-stm32.10.3-2021.10.win32_1.0.0.202111181127/tools/bin/../lib/gcc/arm-none-eabi/10.3.1/thumb/v7e-m+fp/hard/crtend.o
LOAD c:/st/stm32cubeide_1.10.1/stm32cubeide/plugins/com.st.stm32cube.ide.mcu.externaltools.gnu-tools-for-stm32.10.3-2021.10.win32_1.0.0.202111181127/tools/bin/../lib/gcc/arm-none-eabi/10.3.1/thumb/v7e-m+fp/hard/crtn.o
                0x0000000020010000                _estack = (ORIGIN (RAM) + LENGTH (RAM))
                0x0000000000000200                _Min_Heap_Size = 0x200
                0x0000000000000400                _Min_Stack_Size = 0x400

.isr_vector     0x0000000008000000      0x18c
                0x0000000008000000                . = ALIGN (0x4)
 *(.isr_vector)
 .isr_vector    0x0000000008000000      0x18c ./Core/Startup/startup_stm32l433rctx.o
                0x0000000008000000                g_pfnVectors
                0x000000000800018c                . = ALIGN (0x4)

.text           0x0000000008000190     0xf154
                0x0000000008000190                . = ALIGN (0x4)
 *(.text)
 .text          0x0000000008000190       0x40 c:/st/stm32cubeide_1.10.1/stm32cubeide/plugins/com.st.stm32cube.ide.mcu.externaltools.gnu-tools-for-stm32.10.3-2021.10.win32_1.0.0.202111181127/tools/bin/../lib/gcc/arm-none-eabi/10.3.1/thumb/v7e-m+fp/hard/crtbegin.o
 .text          0x00000000080001d0       0xa0 c:/st/stm32cubeide_1.10.1/stm32cubeide/plugins/com.st.stm32cube.ide.mcu.externaltools.gnu-tools-for-stm32.10.3-2021.10.win32_1.0.0.202111181127/tools/bin/../lib/gcc/arm-none-eabi/10.3.1/../../../../arm-none-eabi/lib/thumb/v7e-m+fp/hard\libc_nano.a(lib_a-memchr.o)
                0x00000000080001d0                memchr
 .text          0x0000000008000270       0x30 c:/st/stm32cubeide_1.10.1/stm32cubeide/plugins/com.st.stm32cube.ide.mcu.externaltools.gnu-tools-for-stm32.10.3-2021.10.win32_1.0.0.202111181127/tools/bin/../lib/gcc/arm-none-eabi/10.3.1/thumb/v7e-m+fp/hard\libgcc.a(_aeabi_uldivmod.o)
                0x0000000008000270                __aeabi_uldivmod
 .text          0x00000000080002a0      0x2d0 c:/st/stm32cubeide_1.10.1/stm32cubeide/plugins/com.st.stm32cube.ide.mcu.externaltools.gnu-tools-for-stm32.10.3-2021.10.win32_1.0.0.202111181127/tools/bin/../lib/gcc/arm-none-eabi/10.3.1/thumb/v7e-m+fp/hard\libgcc.a(_udivmoddi4.o)
                0x00000000080002a0                __udivmoddi4
 .text          0x0000000008000570        0x4 c:/st/stm32cubeide_1.10.1/stm32cubeide/plugins/com.st.stm32cube.ide.mcu.externaltools.gnu-tools-for-stm32.10.3-2021.10.win32_1.0.0.202111181127/tools/bin/../lib/gcc/arm-none-eabi/10.3.1/thumb/v7e-m+fp/hard\libgcc.a(_dvmd_tls.o)
                0x0000000008000570                __aeabi_idiv0
                0x0000000008000570                __aeabi_ldiv0
 *(.text*)
 .text.ESPRXDataSeg
                0x0000000008000574      0x47c ./Core/Src/ESP8266/esp8266_rx.o
                0x0000000008000574                ESPRXDataSeg
 .text.ReadOnlineData
                0x00000000080009f0       0x90 ./Core/Src/ESP8266/esp8266_rx.o
                0x00000000080009f0                ReadOnlineData
 .text.ESPRxDecoder
                0x0000000008000a80     0x11f0 ./Core/Src/ESP8266/esp8266_rx.o
                0x0000000008000a80                ESPRxDecoder
 .text.DecToASCIIFun
                0x0000000008001c70       0xe4 ./Core/Src/ESP8266/esp8266_rx.o
                0x0000000008001c70                DecToASCIIFun
 .text.HAL_TIM_PeriodElapsedCallback
                0x0000000008001d54      0x2c0 ./Core/Src/TimerIntHandler.o
                0x0000000008001d54                HAL_TIM_PeriodElapsedCallback
 .text.HAL_UART_RxCpltCallback
                0x0000000008002014      0x120 ./Core/Src/UARTTxRxHandle.o
                0x0000000008002014                HAL_UART_RxCpltCallback
 .text.main     0x0000000008002134       0x90 ./Core/Src/main.o
                0x0000000008002134                main
 .text.SystemClock_Config
                0x00000000080021c4       0xa4 ./Core/Src/main.o
                0x00000000080021c4                SystemClock_Config
 .text.MX_I2C1_Init
                0x0000000008002268       0x80 ./Core/Src/main.o
 .text.MX_LPUART1_UART_Init
                0x00000000080022e8       0x58 ./Core/Src/main.o
 .text.MX_USART1_UART_Init
                0x0000000008002340       0x60 ./Core/Src/main.o
 .text.MX_USART2_UART_Init
                0x00000000080023a0       0x60 ./Core/Src/main.o
 .text.MX_SPI1_Init
                0x0000000008002400       0x90 ./Core/Src/main.o
 .text.MX_SPI2_Init
                0x0000000008002490       0x90 ./Core/Src/main.o
 .text.MX_TIM1_Init
                0x0000000008002520       0xa8 ./Core/Src/main.o
 .text.MX_TIM6_Init
                0x00000000080025c8       0x6c ./Core/Src/main.o
 .text.MX_TIM7_Init
                0x0000000008002634       0x70 ./Core/Src/main.o
 .text.MX_GPIO_Init
                0x00000000080026a4      0x1e4 ./Core/Src/main.o
 .text.Error_Handler
                0x0000000008002888        0xa ./Core/Src/main.o
                0x0000000008002888                Error_Handler
 *fill*         0x0000000008002892        0x2 
 .text.HAL_MspInit
                0x0000000008002894       0x48 ./Core/Src/stm32l4xx_hal_msp.o
                0x0000000008002894                HAL_MspInit
 .text.HAL_I2C_MspInit
                0x00000000080028dc       0xb8 ./Core/Src/stm32l4xx_hal_msp.o
                0x00000000080028dc                HAL_I2C_MspInit
 .text.HAL_UART_MspInit
                0x0000000008002994      0x1ec ./Core/Src/stm32l4xx_hal_msp.o
                0x0000000008002994                HAL_UART_MspInit
 .text.HAL_SPI_MspInit
                0x0000000008002b80       0xec ./Core/Src/stm32l4xx_hal_msp.o
                0x0000000008002b80                HAL_SPI_MspInit
 .text.HAL_TIM_Base_MspInit
                0x0000000008002c6c       0xac ./Core/Src/stm32l4xx_hal_msp.o
                0x0000000008002c6c                HAL_TIM_Base_MspInit
 .text.NMI_Handler
                0x0000000008002d18        0x6 ./Core/Src/stm32l4xx_it.o
                0x0000000008002d18                NMI_Handler
 .text.HardFault_Handler
                0x0000000008002d1e        0x6 ./Core/Src/stm32l4xx_it.o
                0x0000000008002d1e                HardFault_Handler
 .text.MemManage_Handler
                0x0000000008002d24        0x6 ./Core/Src/stm32l4xx_it.o
                0x0000000008002d24                MemManage_Handler
 .text.BusFault_Handler
                0x0000000008002d2a        0x6 ./Core/Src/stm32l4xx_it.o
                0x0000000008002d2a                BusFault_Handler
 .text.UsageFault_Handler
                0x0000000008002d30        0x6 ./Core/Src/stm32l4xx_it.o
                0x0000000008002d30                UsageFault_Handler
 .text.SVC_Handler
                0x0000000008002d36        0xe ./Core/Src/stm32l4xx_it.o
                0x0000000008002d36                SVC_Handler
 .text.DebugMon_Handler
                0x0000000008002d44        0xe ./Core/Src/stm32l4xx_it.o
                0x0000000008002d44                DebugMon_Handler
 .text.PendSV_Handler
                0x0000000008002d52        0xe ./Core/Src/stm32l4xx_it.o
                0x0000000008002d52                PendSV_Handler
 .text.SysTick_Handler
                0x0000000008002d60        0xc ./Core/Src/stm32l4xx_it.o
                0x0000000008002d60                SysTick_Handler
 .text.USART1_IRQHandler
                0x0000000008002d6c       0x14 ./Core/Src/stm32l4xx_it.o
                0x0000000008002d6c                USART1_IRQHandler
 .text.TIM6_DAC_IRQHandler
                0x0000000008002d80       0x14 ./Core/Src/stm32l4xx_it.o
                0x0000000008002d80                TIM6_DAC_IRQHandler
 .text.TIM7_IRQHandler
                0x0000000008002d94       0x14 ./Core/Src/stm32l4xx_it.o
                0x0000000008002d94                TIM7_IRQHandler
 .text.LPUART1_IRQHandler
                0x0000000008002da8       0x14 ./Core/Src/stm32l4xx_it.o
                0x0000000008002da8                LPUART1_IRQHandler
 .text._sbrk    0x0000000008002dbc       0x6c ./Core/Src/sysmem.o
                0x0000000008002dbc                _sbrk
 .text.SystemInit
                0x0000000008002e28       0x24 ./Core/Src/system_stm32l4xx.o
                0x0000000008002e28                SystemInit
 .text.W25qxx_Spi
                0x0000000008002e4c       0x2c ./Core/Src/W25Q64/w25qxx.o
                0x0000000008002e4c                W25qxx_Spi
 .text.W25qxx_ReadID
                0x0000000008002e78       0x6c ./Core/Src/W25Q64/w25qxx.o
                0x0000000008002e78                W25qxx_ReadID
 .text.W25qxx_ReadUniqID
                0x0000000008002ee4       0x6c ./Core/Src/W25Q64/w25qxx.o
                0x0000000008002ee4                W25qxx_ReadUniqID
 .text.W25qxx_WriteEnable
                0x0000000008002f50       0x2c ./Core/Src/W25Q64/w25qxx.o
                0x0000000008002f50                W25qxx_WriteEnable
 .text.W25qxx_ReadStatusRegister
                0x0000000008002f7c       0x8c ./Core/Src/W25Q64/w25qxx.o
                0x0000000008002f7c                W25qxx_ReadStatusRegister
 .text.W25qxx_WaitForWriteEnd
                0x0000000008003008       0x54 ./Core/Src/W25Q64/w25qxx.o
                0x0000000008003008                W25qxx_WaitForWriteEnd
 .text.W25qxx_Init
                0x000000000800305c      0x1a4 ./Core/Src/W25Q64/w25qxx.o
                0x000000000800305c                W25qxx_Init
 .text.W25qxx_EraseSector
                0x0000000008003200       0xb0 ./Core/Src/W25Q64/w25qxx.o
                0x0000000008003200                W25qxx_EraseSector
 .text.W25qxx_SectorToPage
                0x00000000080032b0       0x2c ./Core/Src/W25Q64/w25qxx.o
                0x00000000080032b0                W25qxx_SectorToPage
 .text.W25qxx_WritePage
                0x00000000080032dc      0x108 ./Core/Src/W25Q64/w25qxx.o
                0x00000000080032dc                W25qxx_WritePage
 .text.W25qxx_WriteSector
                0x00000000080033e4       0xc4 ./Core/Src/W25Q64/w25qxx.o
                0x00000000080033e4                W25qxx_WriteSector
 .text.W25qxx_ReadPage
                0x00000000080034a8       0xfc ./Core/Src/W25Q64/w25qxx.o
                0x00000000080034a8                W25qxx_ReadPage
 .text.W25qxx_ReadSector
                0x00000000080035a4       0xc4 ./Core/Src/W25Q64/w25qxx.o
                0x00000000080035a4                W25qxx_ReadSector
 .text.Reset_Handler
                0x0000000008003668       0x50 ./Core/Startup/startup_stm32l433rctx.o
                0x0000000008003668                Reset_Handler
 .text.Default_Handler
                0x00000000080036b8        0x2 ./Core/Startup/startup_stm32l433rctx.o
                0x00000000080036b8                RTC_Alarm_IRQHandler
                0x00000000080036b8                EXTI2_IRQHandler
                0x00000000080036b8                TIM1_CC_IRQHandler
                0x00000000080036b8                TSC_IRQHandler
                0x00000000080036b8                TAMP_STAMP_IRQHandler
                0x00000000080036b8                EXTI3_IRQHandler
                0x00000000080036b8                LPTIM2_IRQHandler
                0x00000000080036b8                I2C3_ER_IRQHandler
                0x00000000080036b8                EXTI0_IRQHandler
                0x00000000080036b8                I2C2_EV_IRQHandler
                0x00000000080036b8                CAN1_RX0_IRQHandler
                0x00000000080036b8                FPU_IRQHandler
                0x00000000080036b8                TIM1_UP_TIM16_IRQHandler
                0x00000000080036b8                SPI1_IRQHandler
                0x00000000080036b8                DMA2_Channel2_IRQHandler
                0x00000000080036b8                DMA1_Channel4_IRQHandler
                0x00000000080036b8                ADC1_IRQHandler
                0x00000000080036b8                USART3_IRQHandler
                0x00000000080036b8                DMA1_Channel7_IRQHandler
                0x00000000080036b8                CAN1_RX1_IRQHandler
                0x00000000080036b8                LCD_IRQHandler
                0x00000000080036b8                DMA2_Channel1_IRQHandler
                0x00000000080036b8                QUADSPI_IRQHandler
                0x00000000080036b8                I2C1_EV_IRQHandler
                0x00000000080036b8                DMA1_Channel6_IRQHandler
                0x00000000080036b8                DMA2_Channel4_IRQHandler
                0x00000000080036b8                RCC_IRQHandler
                0x00000000080036b8                TIM1_TRG_COM_IRQHandler
                0x00000000080036b8                DMA1_Channel1_IRQHandler
                0x00000000080036b8                Default_Handler
                0x00000000080036b8                DMA2_Channel7_IRQHandler
                0x00000000080036b8                EXTI15_10_IRQHandler
                0x00000000080036b8                SDMMC1_IRQHandler
                0x00000000080036b8                I2C3_EV_IRQHandler
                0x00000000080036b8                USB_IRQHandler
                0x00000000080036b8                EXTI9_5_IRQHandler
                0x00000000080036b8                RTC_WKUP_IRQHandler
                0x00000000080036b8                PVD_PVM_IRQHandler
                0x00000000080036b8                SPI2_IRQHandler
                0x00000000080036b8                CAN1_TX_IRQHandler
                0x00000000080036b8                DMA2_Channel5_IRQHandler
                0x00000000080036b8                CRS_IRQHandler
                0x00000000080036b8                DMA1_Channel5_IRQHandler
                0x00000000080036b8                EXTI4_IRQHandler
                0x00000000080036b8                RNG_IRQHandler
                0x00000000080036b8                DMA1_Channel3_IRQHandler
                0x00000000080036b8                COMP_IRQHandler
                0x00000000080036b8                WWDG_IRQHandler
                0x00000000080036b8                DMA2_Channel6_IRQHandler
                0x00000000080036b8                TIM2_IRQHandler
                0x00000000080036b8                EXTI1_IRQHandler
                0x00000000080036b8                USART2_IRQHandler
                0x00000000080036b8                I2C2_ER_IRQHandler
                0x00000000080036b8                DMA1_Channel2_IRQHandler
                0x00000000080036b8                CAN1_SCE_IRQHandler
                0x00000000080036b8                FLASH_IRQHandler
                0x00000000080036b8                SPI3_IRQHandler
                0x00000000080036b8                I2C1_ER_IRQHandler
                0x00000000080036b8                SWPMI1_IRQHandler
                0x00000000080036b8                LPTIM1_IRQHandler
                0x00000000080036b8                SAI1_IRQHandler
                0x00000000080036b8                DMA2_Channel3_IRQHandler
                0x00000000080036b8                TIM1_BRK_TIM15_IRQHandler
 *fill*         0x00000000080036ba        0x2 
 .text._ZN6commonC2Ev
                0x00000000080036bc       0x20 ./Core/srccpp/Common/common.o
                0x00000000080036bc                common::common()
                0x00000000080036bc                common::common()
 .text._ZN6commonD2Ev
                0x00000000080036dc       0x20 ./Core/srccpp/Common/common.o
                0x00000000080036dc                common::~common()
                0x00000000080036dc                common::~common()
 .text._ZN6commonD0Ev
                0x00000000080036fc       0x20 ./Core/srccpp/Common/common.o
                0x00000000080036fc                common::~common()
 .text._ZN14DisplayRoutineC2Ev
                0x000000000800371c      0x118 ./Core/srccpp/DisplayCPP/DisplayRoutine.o
                0x000000000800371c                DisplayRoutine::DisplayRoutine()
                0x000000000800371c                DisplayRoutine::DisplayRoutine()
 .text._ZN14DisplayRoutineD2Ev
                0x0000000008003834       0x28 ./Core/srccpp/DisplayCPP/DisplayRoutine.o
                0x0000000008003834                DisplayRoutine::~DisplayRoutine()
                0x0000000008003834                DisplayRoutine::~DisplayRoutine()
 .text._ZN14DisplayRoutineD0Ev
                0x000000000800385c       0x22 ./Core/srccpp/DisplayCPP/DisplayRoutine.o
                0x000000000800385c                DisplayRoutine::~DisplayRoutine()
 *fill*         0x000000000800387e        0x2 
 .text._ZN14DisplayRoutine3runEv
                0x0000000008003880      0x160 ./Core/srccpp/DisplayCPP/DisplayRoutine.o
                0x0000000008003880                DisplayRoutine::run()
 .text._ZN14DisplayRoutine11value4DigitEthh
                0x00000000080039e0       0xe8 ./Core/srccpp/DisplayCPP/DisplayRoutine.o
                0x00000000080039e0                DisplayRoutine::value4Digit(unsigned short, unsigned char, unsigned char)
 .text._ZN14DisplayRoutine4InitEv
                0x0000000008003ac8       0x30 ./Core/srccpp/DisplayCPP/DisplayRoutine.o
                0x0000000008003ac8                DisplayRoutine::Init()
 .text._ZN6common26ReadtheValueAssignPinstateEhh
                0x0000000008003af8       0x3e ./Core/srccpp/DisplayCPP/GLCD.o
                0x0000000008003af8                common::ReadtheValueAssignPinstate(unsigned char, unsigned char)
 *fill*         0x0000000008003b36        0x2 
 .text._ZN4GLCDC2Ev
                0x0000000008003b38     0x3ef8 ./Core/srccpp/DisplayCPP/GLCD.o
                0x0000000008003b38                GLCD::GLCD()
                0x0000000008003b38                GLCD::GLCD()
 .text._ZN4GLCDD2Ev
                0x0000000008007a30       0x24 ./Core/srccpp/DisplayCPP/GLCD.o
                0x0000000008007a30                GLCD::~GLCD()
                0x0000000008007a30                GLCD::~GLCD()
 .text._ZN4GLCDD0Ev
                0x0000000008007a54       0x22 ./Core/srccpp/DisplayCPP/GLCD.o
                0x0000000008007a54                GLCD::~GLCD()
 *fill*         0x0000000008007a76        0x2 
 .text._ZN4GLCD9m_ctrloffEv
                0x0000000008007a78       0x54 ./Core/srccpp/DisplayCPP/GLCD.o
                0x0000000008007a78                GLCD::m_ctrloff()
 .text._ZN4GLCD7m_delayEjh
                0x0000000008007acc       0x42 ./Core/srccpp/DisplayCPP/GLCD.o
                0x0000000008007acc                GLCD::m_delay(unsigned int, unsigned char)
 *fill*         0x0000000008007b0e        0x2 
 .text._ZN4GLCD16m_IOWritethedataEh
                0x0000000008007b10       0xe4 ./Core/srccpp/DisplayCPP/GLCD.o
                0x0000000008007b10                GLCD::m_IOWritethedata(unsigned char)
 .text._ZN4GLCD11m_displayonEv
                0x0000000008007bf4       0x78 ./Core/srccpp/DisplayCPP/GLCD.o
                0x0000000008007bf4                GLCD::m_displayon()
 .text._ZN4GLCD11m_setcolumnEh
                0x0000000008007c6c      0x108 ./Core/srccpp/DisplayCPP/GLCD.o
                0x0000000008007c6c                GLCD::m_setcolumn(unsigned char)
 .text._ZN4GLCD9m_setpageEh
                0x0000000008007d74       0x84 ./Core/srccpp/DisplayCPP/GLCD.o
                0x0000000008007d74                GLCD::m_setpage(unsigned char)
 .text._ZN4GLCD14m_setstartlineEh
                0x0000000008007df8       0x84 ./Core/srccpp/DisplayCPP/GLCD.o
                0x0000000008007df8                GLCD::m_setstartline(unsigned char)
 .text._ZN4GLCD9m_lcddataEPht
                0x0000000008007e7c      0x134 ./Core/srccpp/DisplayCPP/GLCD.o
                0x0000000008007e7c                GLCD::m_lcddata(unsigned char*, unsigned short)
 .text._ZN4GLCD10m_lcdputs1EhhPh
                0x0000000008007fb0       0x6a ./Core/srccpp/DisplayCPP/GLCD.o
                0x0000000008007fb0                GLCD::m_lcdputs1(unsigned char, unsigned char, unsigned char*)
 .text._ZN4GLCD8m_clrlcdEv
                0x000000000800801a       0x56 ./Core/srccpp/DisplayCPP/GLCD.o
                0x000000000800801a                GLCD::m_clrlcd()
 .text._ZN10W5500ClassC2Ev
                0x0000000008008070       0x20 ./Core/srccpp/Ethernet/W5500.o
                0x0000000008008070                W5500Class::W5500Class()
                0x0000000008008070                W5500Class::W5500Class()
 .text._ZN10W5500ClassD2Ev
                0x0000000008008090       0x20 ./Core/srccpp/Ethernet/W5500.o
                0x0000000008008090                W5500Class::~W5500Class()
                0x0000000008008090                W5500Class::~W5500Class()
 .text._ZN10W5500ClassD0Ev
                0x00000000080080b0       0x20 ./Core/srccpp/Ethernet/W5500.o
                0x00000000080080b0                W5500Class::~W5500Class()
 .text._Z41__static_initialization_and_destruction_0ii
                0x00000000080080d0       0x44 ./Core/srccpp/Ethernet/W5500.o
 .text._GLOBAL__sub_I_w5500
                0x0000000008008114       0x10 ./Core/srccpp/Ethernet/W5500.o
 .text._GLOBAL__sub_D_w5500
                0x0000000008008124       0x10 ./Core/srccpp/Ethernet/W5500.o
 .text._ZN13HeattreatmentC2Ev
                0x0000000008008134       0x20 ./Core/srccpp/HeattreatmentLogic/ApplicationSW.o
                0x0000000008008134                Heattreatment::Heattreatment()
                0x0000000008008134                Heattreatment::Heattreatment()
 .text._ZN13HeattreatmentD2Ev
                0x0000000008008154       0x20 ./Core/srccpp/HeattreatmentLogic/ApplicationSW.o
                0x0000000008008154                Heattreatment::~Heattreatment()
                0x0000000008008154                Heattreatment::~Heattreatment()
 .text._ZN13HeattreatmentD0Ev
                0x0000000008008174       0x20 ./Core/srccpp/HeattreatmentLogic/ApplicationSW.o
                0x0000000008008174                Heattreatment::~Heattreatment()
 .text._ZN13Heattreatment3runEv
                0x0000000008008194       0x16 ./Core/srccpp/HeattreatmentLogic/ApplicationSW.o
                0x0000000008008194                Heattreatment::run()
 *fill*         0x00000000080081aa        0x2 
 .text._ZN13Heattreatment26stateMachineProcessControlEv
                0x00000000080081ac      0x648 ./Core/srccpp/HeattreatmentLogic/ApplicationSW.o
                0x00000000080081ac                Heattreatment::stateMachineProcessControl()
 .text._ZN9ModbusrtuC2Ev
                0x00000000080087f4       0x50 ./Core/srccpp/Modbus/Modbusrtu.o
                0x00000000080087f4                Modbusrtu::Modbusrtu()
                0x00000000080087f4                Modbusrtu::Modbusrtu()
 .text._ZN9ModbusrtuD2Ev
                0x0000000008008844       0x20 ./Core/srccpp/Modbus/Modbusrtu.o
                0x0000000008008844                Modbusrtu::~Modbusrtu()
                0x0000000008008844                Modbusrtu::~Modbusrtu()
 .text._ZN9ModbusrtuD0Ev
                0x0000000008008864       0x22 ./Core/srccpp/Modbus/Modbusrtu.o
                0x0000000008008864                Modbusrtu::~Modbusrtu()
 *fill*         0x0000000008008886        0x2 
 .text._ZN9Modbusrtu21ModbusReadTransactionEv
                0x0000000008008888      0x2c4 ./Core/srccpp/Modbus/Modbusrtu.o
                0x0000000008008888                Modbusrtu::ModbusReadTransaction()
 .text.HAL_UART_TxCpltCallback
                0x0000000008008b4c       0x24 ./Core/srccpp/Modbus/Modbusrtu.o
                0x0000000008008b4c                HAL_UART_TxCpltCallback
 .text._ZN9Modbusrtu11ASCChecksumEPhh
                0x0000000008008b70       0x72 ./Core/srccpp/Modbus/Modbusrtu.o
                0x0000000008008b70                Modbusrtu::ASCChecksum(unsigned char*, unsigned char)
 *fill*         0x0000000008008be2        0x2 
 .text._ZN14OfflineStorageC2Ev
                0x0000000008008be4       0x20 ./Core/srccpp/OfflineStorage/OfflineStorage.o
                0x0000000008008be4                OfflineStorage::OfflineStorage()
                0x0000000008008be4                OfflineStorage::OfflineStorage()
 .text._ZN14OfflineStorageD2Ev
                0x0000000008008c04       0x20 ./Core/srccpp/OfflineStorage/OfflineStorage.o
                0x0000000008008c04                OfflineStorage::~OfflineStorage()
                0x0000000008008c04                OfflineStorage::~OfflineStorage()
 .text._ZN14OfflineStorageD0Ev
                0x0000000008008c24       0x20 ./Core/srccpp/OfflineStorage/OfflineStorage.o
                0x0000000008008c24                OfflineStorage::~OfflineStorage()
 .text._ZN14OfflineStorage3runEv
                0x0000000008008c44       0x22 ./Core/srccpp/OfflineStorage/OfflineStorage.o
                0x0000000008008c44                OfflineStorage::run()
 *fill*         0x0000000008008c66        0x2 
 .text._ZN14OfflineStorage17m_writeSeqMonitorEv
                0x0000000008008c68       0x4c ./Core/srccpp/OfflineStorage/OfflineStorage.o
                0x0000000008008c68                OfflineStorage::m_writeSeqMonitor()
 .text._ZN14OfflineStorage24m_writeHeattreatmentDataEv
                0x0000000008008cb4      0x114 ./Core/srccpp/OfflineStorage/OfflineStorage.o
                0x0000000008008cb4                OfflineStorage::m_writeHeattreatmentData()
 .text._ZN14OfflineStorage13m_quenchCountEv
                0x0000000008008dc8       0x6c ./Core/srccpp/OfflineStorage/OfflineStorage.o
                0x0000000008008dc8                OfflineStorage::m_quenchCount()
 .text._ZN14OfflineStorage16m_readSeqMonitorEv
                0x0000000008008e34       0x38 ./Core/srccpp/OfflineStorage/OfflineStorage.o
                0x0000000008008e34                OfflineStorage::m_readSeqMonitor()
 .text._ZN14OfflineStorage23m_readHeattreatmentDataEv
                0x0000000008008e6c       0xa4 ./Core/srccpp/OfflineStorage/OfflineStorage.o
                0x0000000008008e6c                OfflineStorage::m_readHeattreatmentData()
 .text._ZN14OfflineStorage17m_readquenchcountEv
                0x0000000008008f10       0x3c ./Core/srccpp/OfflineStorage/OfflineStorage.o
                0x0000000008008f10                OfflineStorage::m_readquenchcount()
 .text._ZN14OfflineStorage19ReadOfflinedataInitEv
                0x0000000008008f4c       0x22 ./Core/srccpp/OfflineStorage/OfflineStorage.o
                0x0000000008008f4c                OfflineStorage::ReadOfflinedataInit()
 *fill*         0x0000000008008f6e        0x2 
 .text._ZN7ESP8266C2Ev
                0x0000000008008f70      0x3c0 ./Core/srccpp/WifiEsp8266/ESP8266.o
                0x0000000008008f70                ESP8266::ESP8266()
                0x0000000008008f70                ESP8266::ESP8266()
 .text._ZN7ESP8266D2Ev
                0x0000000008009330       0x20 ./Core/srccpp/WifiEsp8266/ESP8266.o
                0x0000000008009330                ESP8266::~ESP8266()
                0x0000000008009330                ESP8266::~ESP8266()
 .text._ZN7ESP8266D0Ev
                0x0000000008009350       0x22 ./Core/srccpp/WifiEsp8266/ESP8266.o
                0x0000000008009350                ESP8266::~ESP8266()
 .text._ZN7ESP82663runEv
                0x0000000008009372       0x16 ./Core/srccpp/WifiEsp8266/ESP8266.o
                0x0000000008009372                ESP8266::run()
 .text._ZN7ESP826612Send_WifiCmdEv
                0x0000000008009388      0x820 ./Core/srccpp/WifiEsp8266/ESP8266.o
                0x0000000008009388                ESP8266::Send_WifiCmd()
 .text._ZN7ESP82664InitEv
                0x0000000008009ba8       0x7c ./Core/srccpp/WifiEsp8266/ESP8266.o
                0x0000000008009ba8                ESP8266::Init()
 .text.cppMain  0x0000000008009c24       0xf8 ./Core/srccpp/main.o
                0x0000000008009c24                cppMain
 .text.HAL_Init
                0x0000000008009d1c       0x30 ./Drivers/STM32L4xx_HAL_Driver/Src/stm32l4xx_hal.o
                0x0000000008009d1c                HAL_Init
 .text.HAL_InitTick
                0x0000000008009d4c       0x78 ./Drivers/STM32L4xx_HAL_Driver/Src/stm32l4xx_hal.o
                0x0000000008009d4c                HAL_InitTick
 .text.HAL_IncTick
                0x0000000008009dc4       0x28 ./Drivers/STM32L4xx_HAL_Driver/Src/stm32l4xx_hal.o
                0x0000000008009dc4                HAL_IncTick
 .text.HAL_GetTick
                0x0000000008009dec       0x18 ./Drivers/STM32L4xx_HAL_Driver/Src/stm32l4xx_hal.o
                0x0000000008009dec                HAL_GetTick
 .text.HAL_Delay
                0x0000000008009e04       0x48 ./Drivers/STM32L4xx_HAL_Driver/Src/stm32l4xx_hal.o
                0x0000000008009e04                HAL_Delay
 .text.__NVIC_SetPriorityGrouping
                0x0000000008009e4c       0x48 ./Drivers/STM32L4xx_HAL_Driver/Src/stm32l4xx_hal_cortex.o
 .text.__NVIC_GetPriorityGrouping
                0x0000000008009e94       0x1c ./Drivers/STM32L4xx_HAL_Driver/Src/stm32l4xx_hal_cortex.o
 .text.__NVIC_EnableIRQ
                0x0000000008009eb0       0x3c ./Drivers/STM32L4xx_HAL_Driver/Src/stm32l4xx_hal_cortex.o
 .text.__NVIC_SetPriority
                0x0000000008009eec       0x54 ./Drivers/STM32L4xx_HAL_Driver/Src/stm32l4xx_hal_cortex.o
 .text.NVIC_EncodePriority
                0x0000000008009f40       0x66 ./Drivers/STM32L4xx_HAL_Driver/Src/stm32l4xx_hal_cortex.o
 *fill*         0x0000000008009fa6        0x2 
 .text.SysTick_Config
                0x0000000008009fa8       0x44 ./Drivers/STM32L4xx_HAL_Driver/Src/stm32l4xx_hal_cortex.o
 .text.HAL_NVIC_SetPriorityGrouping
                0x0000000008009fec       0x16 ./Drivers/STM32L4xx_HAL_Driver/Src/stm32l4xx_hal_cortex.o
                0x0000000008009fec                HAL_NVIC_SetPriorityGrouping
 .text.HAL_NVIC_SetPriority
                0x000000000800a002       0x38 ./Drivers/STM32L4xx_HAL_Driver/Src/stm32l4xx_hal_cortex.o
                0x000000000800a002                HAL_NVIC_SetPriority
 .text.HAL_NVIC_EnableIRQ
                0x000000000800a03a       0x1c ./Drivers/STM32L4xx_HAL_Driver/Src/stm32l4xx_hal_cortex.o
                0x000000000800a03a                HAL_NVIC_EnableIRQ
 .text.HAL_SYSTICK_Config
                0x000000000800a056       0x18 ./Drivers/STM32L4xx_HAL_Driver/Src/stm32l4xx_hal_cortex.o
                0x000000000800a056                HAL_SYSTICK_Config
 .text.HAL_DMA_Abort
                0x000000000800a06e       0x7c ./Drivers/STM32L4xx_HAL_Driver/Src/stm32l4xx_hal_dma.o
                0x000000000800a06e                HAL_DMA_Abort
 .text.HAL_DMA_Abort_IT
                0x000000000800a0ea       0x82 ./Drivers/STM32L4xx_HAL_Driver/Src/stm32l4xx_hal_dma.o
                0x000000000800a0ea                HAL_DMA_Abort_IT
 .text.HAL_GPIO_Init
                0x000000000800a16c      0x2f4 ./Drivers/STM32L4xx_HAL_Driver/Src/stm32l4xx_hal_gpio.o
                0x000000000800a16c                HAL_GPIO_Init
 .text.HAL_GPIO_ReadPin
                0x000000000800a460       0x30 ./Drivers/STM32L4xx_HAL_Driver/Src/stm32l4xx_hal_gpio.o
                0x000000000800a460                HAL_GPIO_ReadPin
 .text.HAL_GPIO_WritePin
                0x000000000800a490       0x30 ./Drivers/STM32L4xx_HAL_Driver/Src/stm32l4xx_hal_gpio.o
                0x000000000800a490                HAL_GPIO_WritePin
 .text.HAL_GPIO_TogglePin
                0x000000000800a4c0       0x34 ./Drivers/STM32L4xx_HAL_Driver/Src/stm32l4xx_hal_gpio.o
                0x000000000800a4c0                HAL_GPIO_TogglePin
 .text.HAL_I2C_Init
                0x000000000800a4f4      0x11e ./Drivers/STM32L4xx_HAL_Driver/Src/stm32l4xx_hal_i2c.o
                0x000000000800a4f4                HAL_I2C_Init
 .text.HAL_I2CEx_ConfigAnalogFilter
                0x000000000800a612       0x96 ./Drivers/STM32L4xx_HAL_Driver/Src/stm32l4xx_hal_i2c_ex.o
                0x000000000800a612                HAL_I2CEx_ConfigAnalogFilter
 .text.HAL_I2CEx_ConfigDigitalFilter
                0x000000000800a6a8       0x98 ./Drivers/STM32L4xx_HAL_Driver/Src/stm32l4xx_hal_i2c_ex.o
                0x000000000800a6a8                HAL_I2CEx_ConfigDigitalFilter
 .text.HAL_PWREx_GetVoltageRange
                0x000000000800a740       0x1c ./Drivers/STM32L4xx_HAL_Driver/Src/stm32l4xx_hal_pwr_ex.o
                0x000000000800a740                HAL_PWREx_GetVoltageRange
 .text.HAL_PWREx_ControlVoltageScaling
                0x000000000800a75c       0xac ./Drivers/STM32L4xx_HAL_Driver/Src/stm32l4xx_hal_pwr_ex.o
                0x000000000800a75c                HAL_PWREx_ControlVoltageScaling
 .text.HAL_RCC_OscConfig
                0x000000000800a808      0x828 ./Drivers/STM32L4xx_HAL_Driver/Src/stm32l4xx_hal_rcc.o
                0x000000000800a808                HAL_RCC_OscConfig
 .text.HAL_RCC_ClockConfig
                0x000000000800b030      0x200 ./Drivers/STM32L4xx_HAL_Driver/Src/stm32l4xx_hal_rcc.o
                0x000000000800b030                HAL_RCC_ClockConfig
 .text.HAL_RCC_GetSysClockFreq
                0x000000000800b230      0x118 ./Drivers/STM32L4xx_HAL_Driver/Src/stm32l4xx_hal_rcc.o
                0x000000000800b230                HAL_RCC_GetSysClockFreq
 .text.HAL_RCC_GetHCLKFreq
                0x000000000800b348       0x18 ./Drivers/STM32L4xx_HAL_Driver/Src/stm32l4xx_hal_rcc.o
                0x000000000800b348                HAL_RCC_GetHCLKFreq
 .text.HAL_RCC_GetPCLK1Freq
                0x000000000800b360       0x2c ./Drivers/STM32L4xx_HAL_Driver/Src/stm32l4xx_hal_rcc.o
                0x000000000800b360                HAL_RCC_GetPCLK1Freq
 .text.HAL_RCC_GetPCLK2Freq
                0x000000000800b38c       0x2c ./Drivers/STM32L4xx_HAL_Driver/Src/stm32l4xx_hal_rcc.o
                0x000000000800b38c                HAL_RCC_GetPCLK2Freq
 .text.RCC_SetFlashLatencyFromMSIRange
                0x000000000800b3b8       0xc0 ./Drivers/STM32L4xx_HAL_Driver/Src/stm32l4xx_hal_rcc.o
 .text.HAL_RCCEx_PeriphCLKConfig
                0x000000000800b478      0x494 ./Drivers/STM32L4xx_HAL_Driver/Src/stm32l4xx_hal_rcc_ex.o
                0x000000000800b478                HAL_RCCEx_PeriphCLKConfig
 .text.RCCEx_PLLSAI1_Config
                0x000000000800b90c      0x1e4 ./Drivers/STM32L4xx_HAL_Driver/Src/stm32l4xx_hal_rcc_ex.o
 .text.HAL_SPI_Init
                0x000000000800baf0      0x146 ./Drivers/STM32L4xx_HAL_Driver/Src/stm32l4xx_hal_spi.o
                0x000000000800baf0                HAL_SPI_Init
 .text.HAL_SPI_Transmit
                0x000000000800bc36      0x2dc ./Drivers/STM32L4xx_HAL_Driver/Src/stm32l4xx_hal_spi.o
                0x000000000800bc36                HAL_SPI_Transmit
 .text.HAL_SPI_Receive
                0x000000000800bf12      0x260 ./Drivers/STM32L4xx_HAL_Driver/Src/stm32l4xx_hal_spi.o
                0x000000000800bf12                HAL_SPI_Receive
 .text.HAL_SPI_TransmitReceive
                0x000000000800c172      0x426 ./Drivers/STM32L4xx_HAL_Driver/Src/stm32l4xx_hal_spi.o
                0x000000000800c172                HAL_SPI_TransmitReceive
 .text.SPI_WaitFlagStateUntilTimeout
                0x000000000800c598      0x110 ./Drivers/STM32L4xx_HAL_Driver/Src/stm32l4xx_hal_spi.o
 .text.SPI_WaitFifoStateUntilTimeout
                0x000000000800c6a8      0x12c ./Drivers/STM32L4xx_HAL_Driver/Src/stm32l4xx_hal_spi.o
 .text.SPI_EndRxTransaction
                0x000000000800c7d4       0xb0 ./Drivers/STM32L4xx_HAL_Driver/Src/stm32l4xx_hal_spi.o
 .text.SPI_EndRxTxTransaction
                0x000000000800c884       0x8c ./Drivers/STM32L4xx_HAL_Driver/Src/stm32l4xx_hal_spi.o
 .text.HAL_TIM_Base_Init
                0x000000000800c910       0xae ./Drivers/STM32L4xx_HAL_Driver/Src/stm32l4xx_hal_tim.o
                0x000000000800c910                HAL_TIM_Base_Init
 *fill*         0x000000000800c9be        0x2 
 .text.HAL_TIM_Base_Start
                0x000000000800c9c0       0x98 ./Drivers/STM32L4xx_HAL_Driver/Src/stm32l4xx_hal_tim.o
                0x000000000800c9c0                HAL_TIM_Base_Start
 .text.HAL_TIM_Base_Start_IT
                0x000000000800ca58       0xa8 ./Drivers/STM32L4xx_HAL_Driver/Src/stm32l4xx_hal_tim.o
                0x000000000800ca58                HAL_TIM_Base_Start_IT
 .text.HAL_TIM_IRQHandler
                0x000000000800cb00      0x23e ./Drivers/STM32L4xx_HAL_Driver/Src/stm32l4xx_hal_tim.o
                0x000000000800cb00                HAL_TIM_IRQHandler
 .text.HAL_TIM_ConfigClockSource
                0x000000000800cd3e      0x192 ./Drivers/STM32L4xx_HAL_Driver/Src/stm32l4xx_hal_tim.o
                0x000000000800cd3e                HAL_TIM_ConfigClockSource
 .text.HAL_TIM_OC_DelayElapsedCallback
                0x000000000800ced0       0x14 ./Drivers/STM32L4xx_HAL_Driver/Src/stm32l4xx_hal_tim.o
                0x000000000800ced0                HAL_TIM_OC_DelayElapsedCallback
 .text.HAL_TIM_IC_CaptureCallback
                0x000000000800cee4       0x14 ./Drivers/STM32L4xx_HAL_Driver/Src/stm32l4xx_hal_tim.o
                0x000000000800cee4                HAL_TIM_IC_CaptureCallback
 .text.HAL_TIM_PWM_PulseFinishedCallback
                0x000000000800cef8       0x14 ./Drivers/STM32L4xx_HAL_Driver/Src/stm32l4xx_hal_tim.o
                0x000000000800cef8                HAL_TIM_PWM_PulseFinishedCallback
 .text.HAL_TIM_TriggerCallback
                0x000000000800cf0c       0x14 ./Drivers/STM32L4xx_HAL_Driver/Src/stm32l4xx_hal_tim.o
                0x000000000800cf0c                HAL_TIM_TriggerCallback
 .text.TIM_Base_SetConfig
                0x000000000800cf20       0xc8 ./Drivers/STM32L4xx_HAL_Driver/Src/stm32l4xx_hal_tim.o
                0x000000000800cf20                TIM_Base_SetConfig
 .text.TIM_TI1_ConfigInputStage
                0x000000000800cfe8       0x5e ./Drivers/STM32L4xx_HAL_Driver/Src/stm32l4xx_hal_tim.o
 .text.TIM_TI2_ConfigInputStage
                0x000000000800d046       0x60 ./Drivers/STM32L4xx_HAL_Driver/Src/stm32l4xx_hal_tim.o
 .text.TIM_ITRx_SetConfig
                0x000000000800d0a6       0x36 ./Drivers/STM32L4xx_HAL_Driver/Src/stm32l4xx_hal_tim.o
 .text.TIM_ETR_SetConfig
                0x000000000800d0dc       0x40 ./Drivers/STM32L4xx_HAL_Driver/Src/stm32l4xx_hal_tim.o
                0x000000000800d0dc                TIM_ETR_SetConfig
 .text.HAL_TIMEx_MasterConfigSynchronization
                0x000000000800d11c       0xcc ./Drivers/STM32L4xx_HAL_Driver/Src/stm32l4xx_hal_tim_ex.o
                0x000000000800d11c                HAL_TIMEx_MasterConfigSynchronization
 .text.HAL_TIMEx_CommutCallback
                0x000000000800d1e8       0x14 ./Drivers/STM32L4xx_HAL_Driver/Src/stm32l4xx_hal_tim_ex.o
                0x000000000800d1e8                HAL_TIMEx_CommutCallback
 .text.HAL_TIMEx_BreakCallback
                0x000000000800d1fc       0x14 ./Drivers/STM32L4xx_HAL_Driver/Src/stm32l4xx_hal_tim_ex.o
                0x000000000800d1fc                HAL_TIMEx_BreakCallback
 .text.HAL_TIMEx_Break2Callback
                0x000000000800d210       0x14 ./Drivers/STM32L4xx_HAL_Driver/Src/stm32l4xx_hal_tim_ex.o
                0x000000000800d210                HAL_TIMEx_Break2Callback
 .text.HAL_UART_Init
                0x000000000800d224       0x9c ./Drivers/STM32L4xx_HAL_Driver/Src/stm32l4xx_hal_uart.o
                0x000000000800d224                HAL_UART_Init
 .text.HAL_UART_Transmit_IT
                0x000000000800d2c0       0xdc ./Drivers/STM32L4xx_HAL_Driver/Src/stm32l4xx_hal_uart.o
                0x000000000800d2c0                HAL_UART_Transmit_IT
 .text.HAL_UART_Receive_IT
                0x000000000800d39c       0xac ./Drivers/STM32L4xx_HAL_Driver/Src/stm32l4xx_hal_uart.o
                0x000000000800d39c                HAL_UART_Receive_IT
 .text.HAL_UART_IRQHandler
                0x000000000800d448      0x5c4 ./Drivers/STM32L4xx_HAL_Driver/Src/stm32l4xx_hal_uart.o
                0x000000000800d448                HAL_UART_IRQHandler
 .text.HAL_UART_ErrorCallback
                0x000000000800da0c       0x14 ./Drivers/STM32L4xx_HAL_Driver/Src/stm32l4xx_hal_uart.o
                0x000000000800da0c                HAL_UART_ErrorCallback
 .text.HAL_UARTEx_RxEventCallback
                0x000000000800da20       0x18 ./Drivers/STM32L4xx_HAL_Driver/Src/stm32l4xx_hal_uart.o
                0x000000000800da20                HAL_UARTEx_RxEventCallback
 .text.UART_SetConfig
                0x000000000800da38      0x4b4 ./Drivers/STM32L4xx_HAL_Driver/Src/stm32l4xx_hal_uart.o
                0x000000000800da38                UART_SetConfig
 .text.UART_AdvFeatureConfig
                0x000000000800deec      0x144 ./Drivers/STM32L4xx_HAL_Driver/Src/stm32l4xx_hal_uart.o
                0x000000000800deec                UART_AdvFeatureConfig
 .text.UART_CheckIdleState
                0x000000000800e030       0x92 ./Drivers/STM32L4xx_HAL_Driver/Src/stm32l4xx_hal_uart.o
                0x000000000800e030                UART_CheckIdleState
 .text.UART_WaitOnFlagUntilTimeout
                0x000000000800e0c2      0x188 ./Drivers/STM32L4xx_HAL_Driver/Src/stm32l4xx_hal_uart.o
                0x000000000800e0c2                UART_WaitOnFlagUntilTimeout
 *fill*         0x000000000800e24a        0x2 
 .text.UART_Start_Receive_IT
                0x000000000800e24c      0x194 ./Drivers/STM32L4xx_HAL_Driver/Src/stm32l4xx_hal_uart.o
                0x000000000800e24c                UART_Start_Receive_IT
 .text.UART_EndRxTransfer
                0x000000000800e3e0       0xc6 ./Drivers/STM32L4xx_HAL_Driver/Src/stm32l4xx_hal_uart.o
 .text.UART_DMAAbortOnError
                0x000000000800e4a6       0x2c ./Drivers/STM32L4xx_HAL_Driver/Src/stm32l4xx_hal_uart.o
 .text.UART_TxISR_8BIT
                0x000000000800e4d2       0xb8 ./Drivers/STM32L4xx_HAL_Driver/Src/stm32l4xx_hal_uart.o
 .text.UART_TxISR_16BIT
                0x000000000800e58a       0xc0 ./Drivers/STM32L4xx_HAL_Driver/Src/stm32l4xx_hal_uart.o
 .text.UART_EndTransmit_IT
                0x000000000800e64a       0x54 ./Drivers/STM32L4xx_HAL_Driver/Src/stm32l4xx_hal_uart.o
 .text.UART_RxISR_8BIT
                0x000000000800e69e      0x160 ./Drivers/STM32L4xx_HAL_Driver/Src/stm32l4xx_hal_uart.o
 .text.UART_RxISR_16BIT
                0x000000000800e7fe      0x160 ./Drivers/STM32L4xx_HAL_Driver/Src/stm32l4xx_hal_uart.o
 .text.HAL_UARTEx_WakeupCallback
                0x000000000800e95e       0x14 ./Drivers/STM32L4xx_HAL_Driver/Src/stm32l4xx_hal_uart_ex.o
                0x000000000800e95e                HAL_UARTEx_WakeupCallback
 .text._ZdlPvj  0x000000000800e972        0x4 c:/st/stm32cubeide_1.10.1/stm32cubeide/plugins/com.st.stm32cube.ide.mcu.externaltools.gnu-tools-for-stm32.10.3-2021.10.win32_1.0.0.202111181127/tools/bin/../lib/gcc/arm-none-eabi/10.3.1/../../../../arm-none-eabi/lib/thumb/v7e-m+fp/hard\libstdc++_nano.a(del_ops.o)
                0x000000000800e972                operator delete(void*, unsigned int)
 .text._ZdlPv   0x000000000800e976        0x4 c:/st/stm32cubeide_1.10.1/stm32cubeide/plugins/com.st.stm32cube.ide.mcu.externaltools.gnu-tools-for-stm32.10.3-2021.10.win32_1.0.0.202111181127/tools/bin/../lib/gcc/arm-none-eabi/10.3.1/../../../../arm-none-eabi/lib/thumb/v7e-m+fp/hard\libstdc++_nano.a(del_op.o)
                0x000000000800e976                operator delete(void*)
 *fill*         0x000000000800e97a        0x2 
 .text.__errno  0x000000000800e97c        0xc c:/st/stm32cubeide_1.10.1/stm32cubeide/plugins/com.st.stm32cube.ide.mcu.externaltools.gnu-tools-for-stm32.10.3-2021.10.win32_1.0.0.202111181127/tools/bin/../lib/gcc/arm-none-eabi/10.3.1/../../../../arm-none-eabi/lib/thumb/v7e-m+fp/hard\libc_nano.a(lib_a-errno.o)
                0x000000000800e97c                __errno
 .text.__libc_init_array
                0x000000000800e988       0x48 c:/st/stm32cubeide_1.10.1/stm32cubeide/plugins/com.st.stm32cube.ide.mcu.externaltools.gnu-tools-for-stm32.10.3-2021.10.win32_1.0.0.202111181127/tools/bin/../lib/gcc/arm-none-eabi/10.3.1/../../../../arm-none-eabi/lib/thumb/v7e-m+fp/hard\libc_nano.a(lib_a-init.o)
                0x000000000800e988                __libc_init_array
 .text.free     0x000000000800e9d0       0x10 c:/st/stm32cubeide_1.10.1/stm32cubeide/plugins/com.st.stm32cube.ide.mcu.externaltools.gnu-tools-for-stm32.10.3-2021.10.win32_1.0.0.202111181127/tools/bin/../lib/gcc/arm-none-eabi/10.3.1/../../../../arm-none-eabi/lib/thumb/v7e-m+fp/hard\libc_nano.a(lib_a-malloc.o)
                0x000000000800e9d0                free
 .text.memcpy   0x000000000800e9e0       0x1c c:/st/stm32cubeide_1.10.1/stm32cubeide/plugins/com.st.stm32cube.ide.mcu.externaltools.gnu-tools-for-stm32.10.3-2021.10.win32_1.0.0.202111181127/tools/bin/../lib/gcc/arm-none-eabi/10.3.1/../../../../arm-none-eabi/lib/thumb/v7e-m+fp/hard\libc_nano.a(lib_a-memcpy-stub.o)
                0x000000000800e9e0                memcpy
 .text.memset   0x000000000800e9fc       0x10 c:/st/stm32cubeide_1.10.1/stm32cubeide/plugins/com.st.stm32cube.ide.mcu.externaltools.gnu-tools-for-stm32.10.3-2021.10.win32_1.0.0.202111181127/tools/bin/../lib/gcc/arm-none-eabi/10.3.1/../../../../arm-none-eabi/lib/thumb/v7e-m+fp/hard\libc_nano.a(lib_a-memset.o)
                0x000000000800e9fc                memset
 .text._free_r  0x000000000800ea0c       0x98 c:/st/stm32cubeide_1.10.1/stm32cubeide/plugins/com.st.stm32cube.ide.mcu.externaltools.gnu-tools-for-stm32.10.3-2021.10.win32_1.0.0.202111181127/tools/bin/../lib/gcc/arm-none-eabi/10.3.1/../../../../arm-none-eabi/lib/thumb/v7e-m+fp/hard\libc_nano.a(lib_a-nano-freer.o)
                0x000000000800ea0c                _free_r
 .text.sbrk_aligned
                0x000000000800eaa4       0x40 c:/st/stm32cubeide_1.10.1/stm32cubeide/plugins/com.st.stm32cube.ide.mcu.externaltools.gnu-tools-for-stm32.10.3-2021.10.win32_1.0.0.202111181127/tools/bin/../lib/gcc/arm-none-eabi/10.3.1/../../../../arm-none-eabi/lib/thumb/v7e-m+fp/hard\libc_nano.a(lib_a-nano-mallocr.o)
 .text._malloc_r
                0x000000000800eae4       0xe8 c:/st/stm32cubeide_1.10.1/stm32cubeide/plugins/com.st.stm32cube.ide.mcu.externaltools.gnu-tools-for-stm32.10.3-2021.10.win32_1.0.0.202111181127/tools/bin/../lib/gcc/arm-none-eabi/10.3.1/../../../../arm-none-eabi/lib/thumb/v7e-m+fp/hard\libc_nano.a(lib_a-nano-mallocr.o)
                0x000000000800eae4                _malloc_r
 .text._sbrk_r  0x000000000800ebcc       0x20 c:/st/stm32cubeide_1.10.1/stm32cubeide/plugins/com.st.stm32cube.ide.mcu.externaltools.gnu-tools-for-stm32.10.3-2021.10.win32_1.0.0.202111181127/tools/bin/../lib/gcc/arm-none-eabi/10.3.1/../../../../arm-none-eabi/lib/thumb/v7e-m+fp/hard\libc_nano.a(lib_a-sbrkr.o)
                0x000000000800ebcc                _sbrk_r
 .text.sprintf  0x000000000800ebec       0x40 c:/st/stm32cubeide_1.10.1/stm32cubeide/plugins/com.st.stm32cube.ide.mcu.externaltools.gnu-tools-for-stm32.10.3-2021.10.win32_1.0.0.202111181127/tools/bin/../lib/gcc/arm-none-eabi/10.3.1/../../../../arm-none-eabi/lib/thumb/v7e-m+fp/hard\libc_nano.a(lib_a-sprintf.o)
                0x000000000800ebec                siprintf
                0x000000000800ebec                sprintf
 .text.__retarget_lock_acquire_recursive
                0x000000000800ec2c        0x2 c:/st/stm32cubeide_1.10.1/stm32cubeide/plugins/com.st.stm32cube.ide.mcu.externaltools.gnu-tools-for-stm32.10.3-2021.10.win32_1.0.0.202111181127/tools/bin/../lib/gcc/arm-none-eabi/10.3.1/../../../../arm-none-eabi/lib/thumb/v7e-m+fp/hard\libc_nano.a(lib_a-lock.o)
                0x000000000800ec2c                __retarget_lock_acquire_recursive
 .text.__retarget_lock_release_recursive
                0x000000000800ec2e        0x2 c:/st/stm32cubeide_1.10.1/stm32cubeide/plugins/com.st.stm32cube.ide.mcu.externaltools.gnu-tools-for-stm32.10.3-2021.10.win32_1.0.0.202111181127/tools/bin/../lib/gcc/arm-none-eabi/10.3.1/../../../../arm-none-eabi/lib/thumb/v7e-m+fp/hard\libc_nano.a(lib_a-lock.o)
                0x000000000800ec2e                __retarget_lock_release_recursive
 .text.__malloc_lock
                0x000000000800ec30        0xc c:/st/stm32cubeide_1.10.1/stm32cubeide/plugins/com.st.stm32cube.ide.mcu.externaltools.gnu-tools-for-stm32.10.3-2021.10.win32_1.0.0.202111181127/tools/bin/../lib/gcc/arm-none-eabi/10.3.1/../../../../arm-none-eabi/lib/thumb/v7e-m+fp/hard\libc_nano.a(lib_a-mlock.o)
                0x000000000800ec30                __malloc_lock
 .text.__malloc_unlock
                0x000000000800ec3c        0xc c:/st/stm32cubeide_1.10.1/stm32cubeide/plugins/com.st.stm32cube.ide.mcu.externaltools.gnu-tools-for-stm32.10.3-2021.10.win32_1.0.0.202111181127/tools/bin/../lib/gcc/arm-none-eabi/10.3.1/../../../../arm-none-eabi/lib/thumb/v7e-m+fp/hard\libc_nano.a(lib_a-mlock.o)
                0x000000000800ec3c                __malloc_unlock
 .text.__ssputs_r
                0x000000000800ec48       0xb6 c:/st/stm32cubeide_1.10.1/stm32cubeide/plugins/com.st.stm32cube.ide.mcu.externaltools.gnu-tools-for-stm32.10.3-2021.10.win32_1.0.0.202111181127/tools/bin/../lib/gcc/arm-none-eabi/10.3.1/../../../../arm-none-eabi/lib/thumb/v7e-m+fp/hard\libc_nano.a(lib_a-nano-svfprintf.o)
                0x000000000800ec48                __ssputs_r
 *fill*         0x000000000800ecfe        0x2 
 .text._svfprintf_r
                0x000000000800ed00      0x200 c:/st/stm32cubeide_1.10.1/stm32cubeide/plugins/com.st.stm32cube.ide.mcu.externaltools.gnu-tools-for-stm32.10.3-2021.10.win32_1.0.0.202111181127/tools/bin/../lib/gcc/arm-none-eabi/10.3.1/../../../../arm-none-eabi/lib/thumb/v7e-m+fp/hard\libc_nano.a(lib_a-nano-svfprintf.o)
                0x000000000800ed00                _svfiprintf_r
                0x000000000800ed00                _svfprintf_r
 .text._printf_common
                0x000000000800ef00       0xda c:/st/stm32cubeide_1.10.1/stm32cubeide/plugins/com.st.stm32cube.ide.mcu.externaltools.gnu-tools-for-stm32.10.3-2021.10.win32_1.0.0.202111181127/tools/bin/../lib/gcc/arm-none-eabi/10.3.1/../../../../arm-none-eabi/lib/thumb/v7e-m+fp/hard\libc_nano.a(lib_a-nano-vfprintf_i.o)
                0x000000000800ef00                _printf_common
 *fill*         0x000000000800efda        0x2 
 .text._printf_i
                0x000000000800efdc      0x24c c:/st/stm32cubeide_1.10.1/stm32cubeide/plugins/com.st.stm32cube.ide.mcu.externaltools.gnu-tools-for-stm32.10.3-2021.10.win32_1.0.0.202111181127/tools/bin/../lib/gcc/arm-none-eabi/10.3.1/../../../../arm-none-eabi/lib/thumb/v7e-m+fp/hard\libc_nano.a(lib_a-nano-vfprintf_i.o)
                0x000000000800efdc                _printf_i
 .text.memmove  0x000000000800f228       0x34 c:/st/stm32cubeide_1.10.1/stm32cubeide/plugins/com.st.stm32cube.ide.mcu.externaltools.gnu-tools-for-stm32.10.3-2021.10.win32_1.0.0.202111181127/tools/bin/../lib/gcc/arm-none-eabi/10.3.1/../../../../arm-none-eabi/lib/thumb/v7e-m+fp/hard\libc_nano.a(lib_a-memmove.o)
                0x000000000800f228                memmove
 .text._realloc_r
                0x000000000800f25c       0x5e c:/st/stm32cubeide_1.10.1/stm32cubeide/plugins/com.st.stm32cube.ide.mcu.externaltools.gnu-tools-for-stm32.10.3-2021.10.win32_1.0.0.202111181127/tools/bin/../lib/gcc/arm-none-eabi/10.3.1/../../../../arm-none-eabi/lib/thumb/v7e-m+fp/hard\libc_nano.a(lib_a-nano-reallocr.o)
                0x000000000800f25c                _realloc_r
 .text._malloc_usable_size_r
                0x000000000800f2ba       0x10 c:/st/stm32cubeide_1.10.1/stm32cubeide/plugins/com.st.stm32cube.ide.mcu.externaltools.gnu-tools-for-stm32.10.3-2021.10.win32_1.0.0.202111181127/tools/bin/../lib/gcc/arm-none-eabi/10.3.1/../../../../arm-none-eabi/lib/thumb/v7e-m+fp/hard\libc_nano.a(lib_a-nano-msizer.o)
                0x000000000800f2ba                _malloc_usable_size_r
 *(.glue_7)
 .glue_7        0x000000000800f2ca        0x0 linker stubs
 *(.glue_7t)
 .glue_7t       0x000000000800f2ca        0x0 linker stubs
 *(.eh_frame)
 *fill*         0x000000000800f2ca        0x2 
 .eh_frame      0x000000000800f2cc        0x0 c:/st/stm32cubeide_1.10.1/stm32cubeide/plugins/com.st.stm32cube.ide.mcu.externaltools.gnu-tools-for-stm32.10.3-2021.10.win32_1.0.0.202111181127/tools/bin/../lib/gcc/arm-none-eabi/10.3.1/thumb/v7e-m+fp/hard/crtbegin.o
 *(.init)
 .init          0x000000000800f2cc        0x4 c:/st/stm32cubeide_1.10.1/stm32cubeide/plugins/com.st.stm32cube.ide.mcu.externaltools.gnu-tools-for-stm32.10.3-2021.10.win32_1.0.0.202111181127/tools/bin/../lib/gcc/arm-none-eabi/10.3.1/thumb/v7e-m+fp/hard/crti.o
                0x000000000800f2cc                _init
 .init          0x000000000800f2d0        0x8 c:/st/stm32cubeide_1.10.1/stm32cubeide/plugins/com.st.stm32cube.ide.mcu.externaltools.gnu-tools-for-stm32.10.3-2021.10.win32_1.0.0.202111181127/tools/bin/../lib/gcc/arm-none-eabi/10.3.1/thumb/v7e-m+fp/hard/crtn.o
 *(.fini)
 .fini          0x000000000800f2d8        0x4 c:/st/stm32cubeide_1.10.1/stm32cubeide/plugins/com.st.stm32cube.ide.mcu.externaltools.gnu-tools-for-stm32.10.3-2021.10.win32_1.0.0.202111181127/tools/bin/../lib/gcc/arm-none-eabi/10.3.1/thumb/v7e-m+fp/hard/crti.o
                0x000000000800f2d8                _fini
 .fini          0x000000000800f2dc        0x8 c:/st/stm32cubeide_1.10.1/stm32cubeide/plugins/com.st.stm32cube.ide.mcu.externaltools.gnu-tools-for-stm32.10.3-2021.10.win32_1.0.0.202111181127/tools/bin/../lib/gcc/arm-none-eabi/10.3.1/thumb/v7e-m+fp/hard/crtn.o
                0x000000000800f2e4                . = ALIGN (0x4)
                0x000000000800f2e4                _etext = .

.vfp11_veneer   0x000000000800f2e4        0x0
 .vfp11_veneer  0x000000000800f2e4        0x0 linker stubs

.v4_bx          0x000000000800f2e4        0x0
 .v4_bx         0x000000000800f2e4        0x0 linker stubs

.iplt           0x000000000800f2e4        0x0
 .iplt          0x000000000800f2e4        0x0 c:/st/stm32cubeide_1.10.1/stm32cubeide/plugins/com.st.stm32cube.ide.mcu.externaltools.gnu-tools-for-stm32.10.3-2021.10.win32_1.0.0.202111181127/tools/bin/../lib/gcc/arm-none-eabi/10.3.1/thumb/v7e-m+fp/hard/crtbegin.o

.rodata         0x000000000800f2e4      0x52c
                0x000000000800f2e4                . = ALIGN (0x4)
 *(.rodata)
 .rodata        0x000000000800f2e4       0x70 ./Core/srccpp/DisplayCPP/DisplayRoutine.o
 .rodata        0x000000000800f354        0xf ./Core/srccpp/DisplayCPP/GLCD.o
 *fill*         0x000000000800f363        0x1 
 .rodata        0x000000000800f364      0x200 ./Core/srccpp/Modbus/Modbusrtu.o
 .rodata        0x000000000800f564      0x14e ./Core/srccpp/WifiEsp8266/ESP8266.o
 *(.rodata*)
 *fill*         0x000000000800f6b2        0x2 
 .rodata.AHBPrescTable
                0x000000000800f6b4       0x10 ./Core/Src/system_stm32l4xx.o
                0x000000000800f6b4                AHBPrescTable
 .rodata.APBPrescTable
                0x000000000800f6c4        0x8 ./Core/Src/system_stm32l4xx.o
                0x000000000800f6c4                APBPrescTable
 .rodata.MSIRangeTable
                0x000000000800f6cc       0x30 ./Core/Src/system_stm32l4xx.o
                0x000000000800f6cc                MSIRangeTable
 .rodata._ZTV6common
                0x000000000800f6fc       0x10 ./Core/srccpp/Common/common.o
                0x000000000800f6fc                vtable for common
 .rodata._ZTV14DisplayRoutine
                0x000000000800f70c       0x10 ./Core/srccpp/DisplayCPP/DisplayRoutine.o
                0x000000000800f70c                vtable for DisplayRoutine
 .rodata._ZTV4GLCD
                0x000000000800f71c       0x10 ./Core/srccpp/DisplayCPP/GLCD.o
                0x000000000800f71c                vtable for GLCD
 .rodata._ZTV10W5500Class
                0x000000000800f72c       0x10 ./Core/srccpp/Ethernet/W5500.o
                0x000000000800f72c                vtable for W5500Class
 .rodata._ZTV13Heattreatment
                0x000000000800f73c       0x10 ./Core/srccpp/HeattreatmentLogic/ApplicationSW.o
                0x000000000800f73c                vtable for Heattreatment
 .rodata._ZTV9Modbusrtu
                0x000000000800f74c       0x10 ./Core/srccpp/Modbus/Modbusrtu.o
                0x000000000800f74c                vtable for Modbusrtu
 .rodata._ZTV14OfflineStorage
                0x000000000800f75c       0x10 ./Core/srccpp/OfflineStorage/OfflineStorage.o
                0x000000000800f75c                vtable for OfflineStorage
 .rodata._ZTV7ESP8266
                0x000000000800f76c       0x10 ./Core/srccpp/WifiEsp8266/ESP8266.o
                0x000000000800f76c                vtable for ESP8266
 .rodata.__sf_fake_stderr
                0x000000000800f77c       0x20 c:/st/stm32cubeide_1.10.1/stm32cubeide/plugins/com.st.stm32cube.ide.mcu.externaltools.gnu-tools-for-stm32.10.3-2021.10.win32_1.0.0.202111181127/tools/bin/../lib/gcc/arm-none-eabi/10.3.1/../../../../arm-none-eabi/lib/thumb/v7e-m+fp/hard\libc_nano.a(lib_a-findfp.o)
                0x000000000800f77c                __sf_fake_stderr
 .rodata.__sf_fake_stdin
                0x000000000800f79c       0x20 c:/st/stm32cubeide_1.10.1/stm32cubeide/plugins/com.st.stm32cube.ide.mcu.externaltools.gnu-tools-for-stm32.10.3-2021.10.win32_1.0.0.202111181127/tools/bin/../lib/gcc/arm-none-eabi/10.3.1/../../../../arm-none-eabi/lib/thumb/v7e-m+fp/hard\libc_nano.a(lib_a-findfp.o)
                0x000000000800f79c                __sf_fake_stdin
 .rodata.__sf_fake_stdout
                0x000000000800f7bc       0x20 c:/st/stm32cubeide_1.10.1/stm32cubeide/plugins/com.st.stm32cube.ide.mcu.externaltools.gnu-tools-for-stm32.10.3-2021.10.win32_1.0.0.202111181127/tools/bin/../lib/gcc/arm-none-eabi/10.3.1/../../../../arm-none-eabi/lib/thumb/v7e-m+fp/hard\libc_nano.a(lib_a-findfp.o)
                0x000000000800f7bc                __sf_fake_stdout
 .rodata._svfprintf_r.str1.1
                0x000000000800f7dc       0x11 c:/st/stm32cubeide_1.10.1/stm32cubeide/plugins/com.st.stm32cube.ide.mcu.externaltools.gnu-tools-for-stm32.10.3-2021.10.win32_1.0.0.202111181127/tools/bin/../lib/gcc/arm-none-eabi/10.3.1/../../../../arm-none-eabi/lib/thumb/v7e-m+fp/hard\libc_nano.a(lib_a-nano-svfprintf.o)
 .rodata._printf_i.str1.1
                0x000000000800f7ed       0x22 c:/st/stm32cubeide_1.10.1/stm32cubeide/plugins/com.st.stm32cube.ide.mcu.externaltools.gnu-tools-for-stm32.10.3-2021.10.win32_1.0.0.202111181127/tools/bin/../lib/gcc/arm-none-eabi/10.3.1/../../../../arm-none-eabi/lib/thumb/v7e-m+fp/hard\libc_nano.a(lib_a-nano-vfprintf_i.o)
                0x000000000800f810                . = ALIGN (0x4)
 *fill*         0x000000000800f80f        0x1 

.ARM.extab      0x000000000800f810        0x0
                0x000000000800f810                . = ALIGN (0x4)
 *(.ARM.extab* .gnu.linkonce.armextab.*)
                0x000000000800f810                . = ALIGN (0x4)

.ARM            0x000000000800f810        0x8
                0x000000000800f810                . = ALIGN (0x4)
                0x000000000800f810                __exidx_start = .
 *(.ARM.exidx*)
 .ARM.exidx     0x000000000800f810        0x8 c:/st/stm32cubeide_1.10.1/stm32cubeide/plugins/com.st.stm32cube.ide.mcu.externaltools.gnu-tools-for-stm32.10.3-2021.10.win32_1.0.0.202111181127/tools/bin/../lib/gcc/arm-none-eabi/10.3.1/thumb/v7e-m+fp/hard\libgcc.a(_udivmoddi4.o)
                0x000000000800f818                __exidx_end = .
                0x000000000800f818                . = ALIGN (0x4)

.rel.dyn        0x000000000800f818        0x0
 .rel.iplt      0x000000000800f818        0x0 c:/st/stm32cubeide_1.10.1/stm32cubeide/plugins/com.st.stm32cube.ide.mcu.externaltools.gnu-tools-for-stm32.10.3-2021.10.win32_1.0.0.202111181127/tools/bin/../lib/gcc/arm-none-eabi/10.3.1/thumb/v7e-m+fp/hard/crtbegin.o

.preinit_array  0x000000000800f818        0x0
                0x000000000800f818                . = ALIGN (0x4)
                0x000000000800f818                PROVIDE (__preinit_array_start = .)
 *(.preinit_array*)
                0x000000000800f818                PROVIDE (__preinit_array_end = .)
                0x000000000800f818                . = ALIGN (0x4)

.init_array     0x000000000800f818        0x8
                0x000000000800f818                . = ALIGN (0x4)
                0x000000000800f818                PROVIDE (__init_array_start = .)
 *(SORT_BY_NAME(.init_array.*))
 *(.init_array*)
 .init_array    0x000000000800f818        0x4 c:/st/stm32cubeide_1.10.1/stm32cubeide/plugins/com.st.stm32cube.ide.mcu.externaltools.gnu-tools-for-stm32.10.3-2021.10.win32_1.0.0.202111181127/tools/bin/../lib/gcc/arm-none-eabi/10.3.1/thumb/v7e-m+fp/hard/crtbegin.o
 .init_array    0x000000000800f81c        0x4 ./Core/srccpp/Ethernet/W5500.o
                0x000000000800f820                PROVIDE (__init_array_end = .)
                0x000000000800f820                . = ALIGN (0x4)

.fini_array     0x000000000800f820        0x8
                0x000000000800f820                . = ALIGN (0x4)
                [!provide]                        PROVIDE (__fini_array_start = .)
 *(SORT_BY_NAME(.fini_array.*))
 *(.fini_array*)
 .fini_array    0x000000000800f820        0x4 c:/st/stm32cubeide_1.10.1/stm32cubeide/plugins/com.st.stm32cube.ide.mcu.externaltools.gnu-tools-for-stm32.10.3-2021.10.win32_1.0.0.202111181127/tools/bin/../lib/gcc/arm-none-eabi/10.3.1/thumb/v7e-m+fp/hard/crtbegin.o
 .fini_array    0x000000000800f824        0x4 ./Core/srccpp/Ethernet/W5500.o
                [!provide]                        PROVIDE (__fini_array_end = .)
                0x000000000800f828                . = ALIGN (0x4)
                0x000000000800f828                _sidata = LOADADDR (.data)

.data           0x0000000020000000       0x70 load address 0x000000000800f828
                0x0000000020000000                . = ALIGN (0x4)
                0x0000000020000000                _sdata = .
 *(.data)
 *(.data*)
 .data.SystemCoreClock
                0x0000000020000000        0x4 ./Core/Src/system_stm32l4xx.o
                0x0000000020000000                SystemCoreClock
 .data.uwTickPrio
                0x0000000020000004        0x4 ./Drivers/STM32L4xx_HAL_Driver/Src/stm32l4xx_hal.o
                0x0000000020000004                uwTickPrio
 .data.uwTickFreq
                0x0000000020000008        0x1 ./Drivers/STM32L4xx_HAL_Driver/Src/stm32l4xx_hal.o
                0x0000000020000008                uwTickFreq
 *fill*         0x0000000020000009        0x3 
 .data._impure_ptr
                0x000000002000000c        0x4 c:/st/stm32cubeide_1.10.1/stm32cubeide/plugins/com.st.stm32cube.ide.mcu.externaltools.gnu-tools-for-stm32.10.3-2021.10.win32_1.0.0.202111181127/tools/bin/../lib/gcc/arm-none-eabi/10.3.1/../../../../arm-none-eabi/lib/thumb/v7e-m+fp/hard\libc_nano.a(lib_a-impure.o)
                0x000000002000000c                _impure_ptr
 .data.impure_data
                0x0000000020000010       0x60 c:/st/stm32cubeide_1.10.1/stm32cubeide/plugins/com.st.stm32cube.ide.mcu.externaltools.gnu-tools-for-stm32.10.3-2021.10.win32_1.0.0.202111181127/tools/bin/../lib/gcc/arm-none-eabi/10.3.1/../../../../arm-none-eabi/lib/thumb/v7e-m+fp/hard\libc_nano.a(lib_a-impure.o)
 *(.RamFunc)
 *(.RamFunc*)
                0x0000000020000070                . = ALIGN (0x4)
                0x0000000020000070                _edata = .

.igot.plt       0x0000000020000070        0x0 load address 0x000000000800f898
 .igot.plt      0x0000000020000070        0x0 c:/st/stm32cubeide_1.10.1/stm32cubeide/plugins/com.st.stm32cube.ide.mcu.externaltools.gnu-tools-for-stm32.10.3-2021.10.win32_1.0.0.202111181127/tools/bin/../lib/gcc/arm-none-eabi/10.3.1/thumb/v7e-m+fp/hard/crtbegin.o
                0x0000000020000070                . = ALIGN (0x4)

.bss            0x0000000020000070      0x7e4 load address 0x000000000800f898
                0x0000000020000070                _sbss = .
                0x0000000020000070                __bss_start__ = _sbss
 *(.bss)
 .bss           0x0000000020000070       0x1c c:/st/stm32cubeide_1.10.1/stm32cubeide/plugins/com.st.stm32cube.ide.mcu.externaltools.gnu-tools-for-stm32.10.3-2021.10.win32_1.0.0.202111181127/tools/bin/../lib/gcc/arm-none-eabi/10.3.1/thumb/v7e-m+fp/hard/crtbegin.o
 *(.bss*)
 .bss.Uart_rx_buffer
                0x000000002000008c       0x46 ./Core/Src/ESP8266/esp8266_rx.o
                0x000000002000008c                Uart_rx_buffer
 .bss.Data_bufferptr
                0x00000000200000d2        0x1 ./Core/Src/ESP8266/esp8266_rx.o
                0x00000000200000d2                Data_bufferptr
 .bss.Err_bufferptr
                0x00000000200000d3        0x1 ./Core/Src/ESP8266/esp8266_rx.o
                0x00000000200000d3                Err_bufferptr
 .bss.WifiDisplay
                0x00000000200000d4        0x1 ./Core/Src/ESP8266/esp8266_rx.o
                0x00000000200000d4                WifiDisplay
 .bss.Error_Close
                0x00000000200000d5        0x1 ./Core/Src/ESP8266/esp8266_rx.o
                0x00000000200000d5                Error_Close
 .bss.Updatetimeinfo
                0x00000000200000d6        0x1 ./Core/Src/ESP8266/esp8266_rx.o
                0x00000000200000d6                Updatetimeinfo
 .bss.RxCompleteU2C1WIFI
                0x00000000200000d7        0x1 ./Core/Src/ESP8266/esp8266_rx.o
                0x00000000200000d7                RxCompleteU2C1WIFI
 .bss.Valid_DataWifi1
                0x00000000200000d8        0x1 ./Core/Src/ESP8266/esp8266_rx.o
                0x00000000200000d8                Valid_DataWifi1
 .bss.alarmOnOff
                0x00000000200000d9        0x1 ./Core/Src/ESP8266/esp8266_rx.o
                0x00000000200000d9                alarmOnOff
 .bss.SW_Hour   0x00000000200000da        0x1 ./Core/Src/ESP8266/esp8266_rx.o
                0x00000000200000da                SW_Hour
 .bss.SW_Minute
                0x00000000200000db        0x1 ./Core/Src/ESP8266/esp8266_rx.o
                0x00000000200000db                SW_Minute
 .bss.SW_Date   0x00000000200000dc        0x1 ./Core/Src/ESP8266/esp8266_rx.o
                0x00000000200000dc                SW_Date
 .bss.SW_Month  0x00000000200000dd        0x1 ./Core/Src/ESP8266/esp8266_rx.o
                0x00000000200000dd                SW_Month
 .bss.SW_Year   0x00000000200000de        0x1 ./Core/Src/ESP8266/esp8266_rx.o
                0x00000000200000de                SW_Year
 *fill*         0x00000000200000df        0x1 
 .bss.temperatureSetOL
                0x00000000200000e0        0x2 ./Core/Src/ESP8266/esp8266_rx.o
                0x00000000200000e0                temperatureSetOL
 .bss.temperaturehighSetOL
                0x00000000200000e2        0x2 ./Core/Src/ESP8266/esp8266_rx.o
                0x00000000200000e2                temperaturehighSetOL
 .bss.temperatureLowSetOL
                0x00000000200000e4        0x2 ./Core/Src/ESP8266/esp8266_rx.o
                0x00000000200000e4                temperatureLowSetOL
 .bss.productiontimeSetOL
                0x00000000200000e6        0x2 ./Core/Src/ESP8266/esp8266_rx.o
                0x00000000200000e6                productiontimeSetOL
 .bss.productionhysPosSetOL
                0x00000000200000e8        0x1 ./Core/Src/ESP8266/esp8266_rx.o
                0x00000000200000e8                productionhysPosSetOL
 .bss.productionhysNegSetOL
                0x00000000200000e9        0x1 ./Core/Src/ESP8266/esp8266_rx.o
                0x00000000200000e9                productionhysNegSetOL
 .bss.SWCurrentShift
                0x00000000200000ea        0x1 ./Core/Src/ESP8266/esp8266_rx.o
                0x00000000200000ea                SWCurrentShift
 .bss.productChangeOL
                0x00000000200000eb        0x1 ./Core/Src/ESP8266/esp8266_rx.o
                0x00000000200000eb                productChangeOL
 .bss.Error_Retry.0
                0x00000000200000ec        0x1 ./Core/Src/ESP8266/esp8266_rx.o
 .bss.Flag1MS   0x00000000200000ed        0x1 ./Core/Src/TimerIntHandler.o
                0x00000000200000ed                Flag1MS
 .bss.Flag1Second
                0x00000000200000ee        0x1 ./Core/Src/TimerIntHandler.o
                0x00000000200000ee                Flag1Second
 .bss.Flag100milliSeconds
                0x00000000200000ef        0x1 ./Core/Src/TimerIntHandler.o
                0x00000000200000ef                Flag100milliSeconds
 .bss.SimCount  0x00000000200000f0        0x1 ./Core/Src/TimerIntHandler.o
                0x00000000200000f0                SimCount
 .bss.LocCount1S
                0x00000000200000f1        0x1 ./Core/Src/TimerIntHandler.o
                0x00000000200000f1                LocCount1S
 .bss.CountAT_Quench
                0x00000000200000f2        0x1 ./Core/Src/TimerIntHandler.o
                0x00000000200000f2                CountAT_Quench
 .bss.Status_Quench_Duration
                0x00000000200000f3        0x1 ./Core/Src/TimerIntHandler.o
                0x00000000200000f3                Status_Quench_Duration
 .bss.Write_memory_Once
                0x00000000200000f4        0x1 ./Core/Src/TimerIntHandler.o
                0x00000000200000f4                Write_memory_Once
 *fill*         0x00000000200000f5        0x1 
 .bss.seq1_count_inc
                0x00000000200000f6        0x2 ./Core/Src/TimerIntHandler.o
                0x00000000200000f6                seq1_count_inc
 .bss.seq2_count_inc
                0x00000000200000f8        0x2 ./Core/Src/TimerIntHandler.o
                0x00000000200000f8                seq2_count_inc
 .bss.seq1_remaining_time_total_min
                0x00000000200000fa        0x2 ./Core/Src/TimerIntHandler.o
                0x00000000200000fa                seq1_remaining_time_total_min
 .bss.seq2_remaining_time_total_min
                0x00000000200000fc        0x2 ./Core/Src/TimerIntHandler.o
                0x00000000200000fc                seq2_remaining_time_total_min
 .bss.seq1_remaining_time_Hr
                0x00000000200000fe        0x1 ./Core/Src/TimerIntHandler.o
                0x00000000200000fe                seq1_remaining_time_Hr
 .bss.seq1_remaining_time_min
                0x00000000200000ff        0x1 ./Core/Src/TimerIntHandler.o
                0x00000000200000ff                seq1_remaining_time_min
 .bss.seq2_remaining_time_Hr
                0x0000000020000100        0x1 ./Core/Src/TimerIntHandler.o
                0x0000000020000100                seq2_remaining_time_Hr
 .bss.seq2_remaining_time_min
                0x0000000020000101        0x1 ./Core/Src/TimerIntHandler.o
                0x0000000020000101                seq2_remaining_time_min
 .bss.Read_Quench_IP_Start
                0x0000000020000102        0x2 ./Core/Src/TimerIntHandler.o
                0x0000000020000102                Read_Quench_IP_Start
 .bss.Read_Quench_IP_Stop
                0x0000000020000104        0x2 ./Core/Src/TimerIntHandler.o
                0x0000000020000104                Read_Quench_IP_Stop
 .bss.Quenching_Seconds_Cont
                0x0000000020000106        0x2 ./Core/Src/TimerIntHandler.o
                0x0000000020000106                Quenching_Seconds_Cont
 .bss.checkbuff
                0x0000000020000108      0x12c ./Core/Src/UARTTxRxHandle.o
                0x0000000020000108                checkbuff
 .bss.refinc    0x0000000020000234        0x1 ./Core/Src/UARTTxRxHandle.o
                0x0000000020000234                refinc
 *fill*         0x0000000020000235        0x3 
 .bss.hi2c1     0x0000000020000238       0x54 ./Core/Src/main.o
                0x0000000020000238                hi2c1
 .bss.hlpuart1  0x000000002000028c       0x84 ./Core/Src/main.o
                0x000000002000028c                hlpuart1
 .bss.huart1    0x0000000020000310       0x84 ./Core/Src/main.o
                0x0000000020000310                huart1
 .bss.huart2    0x0000000020000394       0x84 ./Core/Src/main.o
                0x0000000020000394                huart2
 .bss.hspi1     0x0000000020000418       0x64 ./Core/Src/main.o
                0x0000000020000418                hspi1
 .bss.hspi2     0x000000002000047c       0x64 ./Core/Src/main.o
                0x000000002000047c                hspi2
 .bss.htim1     0x00000000200004e0       0x4c ./Core/Src/main.o
                0x00000000200004e0                htim1
 .bss.htim6     0x000000002000052c       0x4c ./Core/Src/main.o
                0x000000002000052c                htim6
 .bss.htim7     0x0000000020000578       0x4c ./Core/Src/main.o
                0x0000000020000578                htim7
 .bss.rxTempBuff
                0x00000000200005c4        0x5 ./Core/Src/main.o
                0x00000000200005c4                rxTempBuff
 *fill*         0x00000000200005c9        0x3 
 .bss.__sbrk_heap_end
                0x00000000200005cc        0x4 ./Core/Src/sysmem.o
 .bss.w25qxx    0x00000000200005d0       0x28 ./Core/Src/W25Q64/w25qxx.o
                0x00000000200005d0                w25qxx
 .bss.temperatureHighTCP
                0x00000000200005f8        0x2 ./Core/Src/W5500_C/httpClient.o
                0x00000000200005f8                temperatureHighTCP
 .bss.temperatureLowTCP
                0x00000000200005fa        0x2 ./Core/Src/W5500_C/httpClient.o
                0x00000000200005fa                temperatureLowTCP
 .bss.durationHrS1
                0x00000000200005fc        0x1 ./Core/Src/W5500_C/httpClient.o
                0x00000000200005fc                durationHrS1
 .bss.durationMinS1
                0x00000000200005fd        0x1 ./Core/Src/W5500_C/httpClient.o
                0x00000000200005fd                durationMinS1
 .bss.durationHrS2
                0x00000000200005fe        0x1 ./Core/Src/W5500_C/httpClient.o
                0x00000000200005fe                durationHrS2
 .bss.durationMinS2
                0x00000000200005ff        0x1 ./Core/Src/W5500_C/httpClient.o
                0x00000000200005ff                durationMinS2
 .bss.statusTCP
                0x0000000020000600        0x1 ./Core/Src/W5500_C/httpClient.o
                0x0000000020000600                statusTCP
 .bss.skipIdTCP
                0x0000000020000601        0x1 ./Core/Src/W5500_C/httpClient.o
                0x0000000020000601                skipIdTCP
 *fill*         0x0000000020000602        0x2 
 .bss.w5500     0x0000000020000604        0x4 ./Core/srccpp/Ethernet/W5500.o
                0x0000000020000604                w5500
 .bss.MAC_Gen_Prod_Input1_Production
                0x0000000020000608        0x2 ./Core/srccpp/HeattreatmentLogic/ApplicationSW.o
                0x0000000020000608                MAC_Gen_Prod_Input1_Production
 .bss.MAC_Gen_Rej_Input_Production
                0x000000002000060a        0x2 ./Core/srccpp/HeattreatmentLogic/ApplicationSW.o
                0x000000002000060a                MAC_Gen_Rej_Input_Production
 .bss.Manual_RejectionCount
                0x000000002000060c        0x2 ./Core/srccpp/HeattreatmentLogic/ApplicationSW.o
                0x000000002000060c                Manual_RejectionCount
 .bss.updateSetData
                0x000000002000060e        0x1 ./Core/srccpp/HeattreatmentLogic/ApplicationSW.o
                0x000000002000060e                updateSetData
 .bss.NewQuenchingReq
                0x000000002000060f        0x1 ./Core/srccpp/HeattreatmentLogic/ApplicationSW.o
                0x000000002000060f                NewQuenchingReq
 .bss.status_to_server
                0x0000000020000610        0x1 ./Core/srccpp/HeattreatmentLogic/ApplicationSW.o
                0x0000000020000610                status_to_server
 *fill*         0x0000000020000611        0x1 
 .bss.ProcessId_Value
                0x0000000020000612        0x2 ./Core/srccpp/HeattreatmentLogic/ApplicationSW.o
                0x0000000020000612                ProcessId_Value
 .bss.Seq1temperature
                0x0000000020000614        0x2 ./Core/srccpp/HeattreatmentLogic/ApplicationSW.o
                0x0000000020000614                Seq1temperature
 .bss.Seq2temperature
                0x0000000020000616        0x2 ./Core/srccpp/HeattreatmentLogic/ApplicationSW.o
                0x0000000020000616                Seq2temperature
 .bss.Seq1durationHr
                0x0000000020000618        0x1 ./Core/srccpp/HeattreatmentLogic/ApplicationSW.o
                0x0000000020000618                Seq1durationHr
 .bss.Seq1durationMin
                0x0000000020000619        0x1 ./Core/srccpp/HeattreatmentLogic/ApplicationSW.o
                0x0000000020000619                Seq1durationMin
 .bss.Seq2durationHr
                0x000000002000061a        0x1 ./Core/srccpp/HeattreatmentLogic/ApplicationSW.o
                0x000000002000061a                Seq2durationHr
 .bss.Seq2durationMin
                0x000000002000061b        0x1 ./Core/srccpp/HeattreatmentLogic/ApplicationSW.o
                0x000000002000061b                Seq2durationMin
 .bss.temperature_reference
                0x000000002000061c        0x2 ./Core/srccpp/HeattreatmentLogic/ApplicationSW.o
                0x000000002000061c                temperature_reference
 .bss.act_temperature_c1
                0x000000002000061e        0x2 ./Core/srccpp/HeattreatmentLogic/ApplicationSW.o
                0x000000002000061e                act_temperature_c1
 .bss.act_temperature_c2
                0x0000000020000620        0x2 ./Core/srccpp/HeattreatmentLogic/ApplicationSW.o
                0x0000000020000620                act_temperature_c2
 .bss.act_temperature_c3
                0x0000000020000622        0x2 ./Core/srccpp/HeattreatmentLogic/ApplicationSW.o
                0x0000000020000622                act_temperature_c3
 .bss.act_temperature_c4
                0x0000000020000624        0x2 ./Core/srccpp/HeattreatmentLogic/ApplicationSW.o
                0x0000000020000624                act_temperature_c4
 .bss.SEQMONITOR
                0x0000000020000626        0x1 ./Core/srccpp/HeattreatmentLogic/ApplicationSW.o
                0x0000000020000626                SEQMONITOR
 .bss.start_process_control_timer
                0x0000000020000627        0x1 ./Core/srccpp/HeattreatmentLogic/ApplicationSW.o
                0x0000000020000627                start_process_control_timer
 .bss.stop_timer_count
                0x0000000020000628        0x1 ./Core/srccpp/HeattreatmentLogic/ApplicationSW.o
                0x0000000020000628                stop_timer_count
 .bss.process_complete
                0x0000000020000629        0x1 ./Core/srccpp/HeattreatmentLogic/ApplicationSW.o
                0x0000000020000629                process_complete
 .bss.seq1_duration_total
                0x000000002000062a        0x2 ./Core/srccpp/HeattreatmentLogic/ApplicationSW.o
                0x000000002000062a                seq1_duration_total
 .bss.seq2_duration_total
                0x000000002000062c        0x2 ./Core/srccpp/HeattreatmentLogic/ApplicationSW.o
                0x000000002000062c                seq2_duration_total
 *fill*         0x000000002000062e        0x2 
 .bss.u8rxbuf   0x0000000020000630       0xff ./Core/srccpp/Modbus/Modbusrtu.o
                0x0000000020000630                u8rxbuf
 .bss.TxSeqComplete
                0x000000002000072f        0x1 ./Core/srccpp/Modbus/Modbusrtu.o
                0x000000002000072f                TxSeqComplete
 .bss.SEQMONITOR_K1
                0x0000000020000730        0x1 ./Core/srccpp/OfflineStorage/OfflineStorage.o
                0x0000000020000730                SEQMONITOR_K1
 *fill*         0x0000000020000731        0x1 
 .bss.ProcessId_Value_K1
                0x0000000020000732        0x2 ./Core/srccpp/OfflineStorage/OfflineStorage.o
                0x0000000020000732                ProcessId_Value_K1
 .bss.wifi_command
                0x0000000020000734        0x1 ./Core/srccpp/WifiEsp8266/ESP8266.o
                0x0000000020000734                wifi_command
 *fill*         0x0000000020000735        0x3 
 .bss.ESP8266TXData
                0x0000000020000738       0xfa ./Core/srccpp/WifiEsp8266/ESP8266.o
                0x0000000020000738                ESP8266TXData
 .bss.bufferptr
                0x0000000020000832        0x1 ./Core/srccpp/WifiEsp8266/ESP8266.o
                0x0000000020000832                bufferptr
 .bss.Rxseqdecoder
                0x0000000020000833        0x1 ./Core/srccpp/WifiEsp8266/ESP8266.o
                0x0000000020000833                Rxseqdecoder
 .bss.Check_CWMODE_For_Hang
                0x0000000020000834        0x1 ./Core/srccpp/WifiEsp8266/ESP8266.o
                0x0000000020000834                Check_CWMODE_For_Hang
 *fill*         0x0000000020000835        0x1 
 .bss.NoOfdata_byte
                0x0000000020000836        0x2 ./Core/srccpp/WifiEsp8266/ESP8266.o
                0x0000000020000836                NoOfdata_byte
 .bss.Timerdelay
                0x0000000020000838        0x1 ./Core/srccpp/WifiEsp8266/ESP8266.o
                0x0000000020000838                Timerdelay
 .bss.RefreshBlockInfo
                0x0000000020000839        0x1 ./Core/srccpp/WifiEsp8266/ESP8266.o
                0x0000000020000839                RefreshBlockInfo
 .bss.powercycleRefresh
                0x000000002000083a        0x1 ./Core/srccpp/WifiEsp8266/ESP8266.o
                0x000000002000083a                powercycleRefresh
 *fill*         0x000000002000083b        0x1 
 .bss.lenOfURl  0x000000002000083c        0x2 ./Core/srccpp/WifiEsp8266/ESP8266.o
                0x000000002000083c                lenOfURl
 *fill*         0x000000002000083e        0x2 
 .bss.uwTick    0x0000000020000840        0x4 ./Drivers/STM32L4xx_HAL_Driver/Src/stm32l4xx_hal.o
                0x0000000020000840                uwTick
 .bss.__malloc_free_list
                0x0000000020000844        0x4 c:/st/stm32cubeide_1.10.1/stm32cubeide/plugins/com.st.stm32cube.ide.mcu.externaltools.gnu-tools-for-stm32.10.3-2021.10.win32_1.0.0.202111181127/tools/bin/../lib/gcc/arm-none-eabi/10.3.1/../../../../arm-none-eabi/lib/thumb/v7e-m+fp/hard\libc_nano.a(lib_a-nano-mallocr.o)
                0x0000000020000844                __malloc_free_list
 .bss.__malloc_sbrk_start
                0x0000000020000848        0x4 c:/st/stm32cubeide_1.10.1/stm32cubeide/plugins/com.st.stm32cube.ide.mcu.externaltools.gnu-tools-for-stm32.10.3-2021.10.win32_1.0.0.202111181127/tools/bin/../lib/gcc/arm-none-eabi/10.3.1/../../../../arm-none-eabi/lib/thumb/v7e-m+fp/hard\libc_nano.a(lib_a-nano-mallocr.o)
                0x0000000020000848                __malloc_sbrk_start
 .bss.__lock___malloc_recursive_mutex
                0x000000002000084c        0x1 c:/st/stm32cubeide_1.10.1/stm32cubeide/plugins/com.st.stm32cube.ide.mcu.externaltools.gnu-tools-for-stm32.10.3-2021.10.win32_1.0.0.202111181127/tools/bin/../lib/gcc/arm-none-eabi/10.3.1/../../../../arm-none-eabi/lib/thumb/v7e-m+fp/hard\libc_nano.a(lib_a-lock.o)
                0x000000002000084c                __lock___malloc_recursive_mutex
 *fill*         0x000000002000084d        0x3 
 .bss.errno     0x0000000020000850        0x4 c:/st/stm32cubeide_1.10.1/stm32cubeide/plugins/com.st.stm32cube.ide.mcu.externaltools.gnu-tools-for-stm32.10.3-2021.10.win32_1.0.0.202111181127/tools/bin/../lib/gcc/arm-none-eabi/10.3.1/../../../../arm-none-eabi/lib/thumb/v7e-m+fp/hard\libc_nano.a(lib_a-reent.o)
                0x0000000020000850                errno
 *(COMMON)
                0x0000000020000854                . = ALIGN (0x4)
                0x0000000020000854                _ebss = .
                0x0000000020000854                __bss_end__ = _ebss

._user_heap_stack
                0x0000000020000854      0x604 load address 0x000000000800f898
                0x0000000020000858                . = ALIGN (0x8)
 *fill*         0x0000000020000854        0x4 
                [!provide]                        PROVIDE (end = .)
                0x0000000020000858                PROVIDE (_end = .)
                0x0000000020000a58                . = (. + _Min_Heap_Size)
 *fill*         0x0000000020000858      0x200 
                0x0000000020000e58                . = (. + _Min_Stack_Size)
 *fill*         0x0000000020000a58      0x400 
                0x0000000020000e58                . = ALIGN (0x8)

/DISCARD/
 libc.a(*)
 libm.a(*)
 libgcc.a(*)

.ARM.attributes
                0x0000000000000000       0x30
 *(.ARM.attributes)
 .ARM.attributes
                0x0000000000000000       0x1e c:/st/stm32cubeide_1.10.1/stm32cubeide/plugins/com.st.stm32cube.ide.mcu.externaltools.gnu-tools-for-stm32.10.3-2021.10.win32_1.0.0.202111181127/tools/bin/../lib/gcc/arm-none-eabi/10.3.1/thumb/v7e-m+fp/hard/crti.o
 .ARM.attributes
                0x000000000000001e       0x34 c:/st/stm32cubeide_1.10.1/stm32cubeide/plugins/com.st.stm32cube.ide.mcu.externaltools.gnu-tools-for-stm32.10.3-2021.10.win32_1.0.0.202111181127/tools/bin/../lib/gcc/arm-none-eabi/10.3.1/thumb/v7e-m+fp/hard/crtbegin.o
 .ARM.attributes
                0x0000000000000052       0x34 ./Core/Src/ESP8266/esp8266_rx.o
 .ARM.attributes
                0x0000000000000086       0x34 ./Core/Src/TimerIntHandler.o
 .ARM.attributes
                0x00000000000000ba       0x34 ./Core/Src/UARTTxRxHandle.o
 .ARM.attributes
                0x00000000000000ee       0x34 ./Core/Src/main.o
 .ARM.attributes
                0x0000000000000122       0x34 ./Core/Src/stm32l4xx_hal_msp.o
 .ARM.attributes
                0x0000000000000156       0x34 ./Core/Src/stm32l4xx_it.o
 .ARM.attributes
                0x000000000000018a       0x34 ./Core/Src/sysmem.o
 .ARM.attributes
                0x00000000000001be       0x34 ./Core/Src/system_stm32l4xx.o
 .ARM.attributes
                0x00000000000001f2       0x34 ./Core/Src/W25Q64/w25qxx.o
 .ARM.attributes
                0x0000000000000226       0x34 ./Core/Src/W5500_C/httpClient.o
 .ARM.attributes
                0x000000000000025a       0x21 ./Core/Startup/startup_stm32l433rctx.o
 .ARM.attributes
                0x000000000000027b       0x34 ./Core/srccpp/Common/common.o
 .ARM.attributes
                0x00000000000002af       0x34 ./Core/srccpp/DisplayCPP/DisplayRoutine.o
 .ARM.attributes
                0x00000000000002e3       0x34 ./Core/srccpp/DisplayCPP/GLCD.o
 .ARM.attributes
                0x0000000000000317       0x34 ./Core/srccpp/Ethernet/W5500.o
 .ARM.attributes
                0x000000000000034b       0x34 ./Core/srccpp/HeattreatmentLogic/ApplicationSW.o
 .ARM.attributes
                0x000000000000037f       0x34 ./Core/srccpp/Modbus/Modbusrtu.o
 .ARM.attributes
                0x00000000000003b3       0x34 ./Core/srccpp/OfflineStorage/OfflineStorage.o
 .ARM.attributes
                0x00000000000003e7       0x34 ./Core/srccpp/WifiEsp8266/ESP8266.o
 .ARM.attributes
                0x000000000000041b       0x34 ./Core/srccpp/main.o
 .ARM.attributes
                0x000000000000044f       0x34 ./Drivers/STM32L4xx_HAL_Driver/Src/stm32l4xx_hal.o
 .ARM.attributes
                0x0000000000000483       0x34 ./Drivers/STM32L4xx_HAL_Driver/Src/stm32l4xx_hal_cortex.o
 .ARM.attributes
                0x00000000000004b7       0x34 ./Drivers/STM32L4xx_HAL_Driver/Src/stm32l4xx_hal_dma.o
 .ARM.attributes
                0x00000000000004eb       0x34 ./Drivers/STM32L4xx_HAL_Driver/Src/stm32l4xx_hal_gpio.o
 .ARM.attributes
                0x000000000000051f       0x34 ./Drivers/STM32L4xx_HAL_Driver/Src/stm32l4xx_hal_i2c.o
 .ARM.attributes
                0x0000000000000553       0x34 ./Drivers/STM32L4xx_HAL_Driver/Src/stm32l4xx_hal_i2c_ex.o
 .ARM.attributes
                0x0000000000000587       0x34 ./Drivers/STM32L4xx_HAL_Driver/Src/stm32l4xx_hal_pwr_ex.o
 .ARM.attributes
                0x00000000000005bb       0x34 ./Drivers/STM32L4xx_HAL_Driver/Src/stm32l4xx_hal_rcc.o
 .ARM.attributes
                0x00000000000005ef       0x34 ./Drivers/STM32L4xx_HAL_Driver/Src/stm32l4xx_hal_rcc_ex.o
 .ARM.attributes
                0x0000000000000623       0x34 ./Drivers/STM32L4xx_HAL_Driver/Src/stm32l4xx_hal_spi.o
 .ARM.attributes
                0x0000000000000657       0x34 ./Drivers/STM32L4xx_HAL_Driver/Src/stm32l4xx_hal_tim.o
 .ARM.attributes