../Core/srccpp/Modbus/Modbusrtu.cpp:17:1:Modbusrtu::~Modbusrtu()	0	static
../Core/srccpp/Modbus/Modbusrtu.cpp:17:1:virtual Modbusrtu::~Modbusrtu()	8	static
../Core/srccpp/Modbus/Modbusrtu.cpp:12:1:Modbusrtu::Modbusrtu()	16	static
../Core/srccpp/Modbus/Modbusrtu.cpp:43:6:void HAL_UART_TxCpltCallback(UART_HandleTypeDef*)	0	static
../Core/srccpp/Modbus/Modbusrtu.cpp:48:10:uint16_t Modbusrtu::ASCChecksum(uint8_t*, uint8_t)	12	static
../Core/srccpp/Modbus/Modbusrtu.cpp:21:6:void Modbusrtu::ModbusReadTransaction()	16	static
