../Core/srccpp/OfflineStorage/OfflineStorage.cpp:56:1:OfflineStorage::OfflineStorage()	16	static
../Core/srccpp/OfflineStorage/OfflineStorage.cpp:61:1:OfflineStorage::~OfflineStorage()	16	static
../Core/srccpp/OfflineStorage/OfflineStorage.cpp:61:1:virtual OfflineStorage::~OfflineStorage()	16	static
../Core/srccpp/OfflineStorage/OfflineStorage.cpp:65:6:void OfflineStorage::run()	16	static
../Core/srccpp/OfflineStorage/OfflineStorage.cpp:72:6:void OfflineStorage::m_writeSeqMonitor()	16	static
../Core/srccpp/OfflineStorage/OfflineStorage.cpp:81:6:void OfflineStorage::m_writeHeattreatmentData()	16	static
../Core/srccpp/OfflineStorage/OfflineStorage.cpp:120:6:void OfflineStorage::m_writeCountinc()	16	static
../Core/srccpp/OfflineStorage/OfflineStorage.cpp:134:6:void OfflineStorage::m_quenchCount()	16	static
../Core/srccpp/OfflineStorage/OfflineStorage.cpp:143:6:void OfflineStorage::m_writeWifidata()	24	static
../Core/srccpp/OfflineStorage/OfflineStorage.cpp:160:6:void OfflineStorage::m_readSeqMonitor()	16	static
../Core/srccpp/OfflineStorage/OfflineStorage.cpp:163:6:void OfflineStorage::m_readHeattreatmentData()	24	static
../Core/srccpp/OfflineStorage/OfflineStorage.cpp:197:6:void OfflineStorage::m_readCountinc()	16	static
../Core/srccpp/OfflineStorage/OfflineStorage.cpp:204:6:void OfflineStorage::m_readquenchcount()	16	static
../Core/srccpp/OfflineStorage/OfflineStorage.cpp:210:6:void OfflineStorage::m_readWifiData()	24	static
../Core/srccpp/OfflineStorage/OfflineStorage.cpp:231:6:void OfflineStorage::ReadOfflinedataInit()	16	static
../Core/srccpp/OfflineStorage/OfflineStorage.cpp:238:6:void OfflineStorage::ECUProductionInit()	16	static
