Archive member included to satisfy reference by file (symbol)

c:/st/stm32cubeide_1.11.0/stm32cubeide/plugins/com.st.stm32cube.ide.mcu.externaltools.gnu-tools-for-stm32.10.3-2021.10.win32_1.0.100.202210260954/tools/bin/../lib/gcc/arm-none-eabi/10.3.1/../../../../arm-none-eabi/lib/thumb/v7e-m+fp/hard\libstdc++_nano.a(del_ops.o)
                              ./Core/srccpp/Common/common.o (operator delete(void*, unsigned int))
c:/st/stm32cubeide_1.11.0/stm32cubeide/plugins/com.st.stm32cube.ide.mcu.externaltools.gnu-tools-for-stm32.10.3-2021.10.win32_1.0.100.202210260954/tools/bin/../lib/gcc/arm-none-eabi/10.3.1/../../../../arm-none-eabi/lib/thumb/v7e-m+fp/hard\libstdc++_nano.a(del_op.o)
                              c:/st/stm32cubeide_1.11.0/stm32cubeide/plugins/com.st.stm32cube.ide.mcu.externaltools.gnu-tools-for-stm32.10.3-2021.10.win32_1.0.100.202210260954/tools/bin/../lib/gcc/arm-none-eabi/10.3.1/../../../../arm-none-eabi/lib/thumb/v7e-m+fp/hard\libstdc++_nano.a(del_ops.o) (operator delete(void*))
c:/st/stm32cubeide_1.11.0/stm32cubeide/plugins/com.st.stm32cube.ide.mcu.externaltools.gnu-tools-for-stm32.10.3-2021.10.win32_1.0.100.202210260954/tools/bin/../lib/gcc/arm-none-eabi/10.3.1/../../../../arm-none-eabi/lib/thumb/v7e-m+fp/hard\libc_nano.a(lib_a-errno.o)
                              ./Core/Src/syscalls.o (__errno)
c:/st/stm32cubeide_1.11.0/stm32cubeide/plugins/com.st.stm32cube.ide.mcu.externaltools.gnu-tools-for-stm32.10.3-2021.10.win32_1.0.100.202210260954/tools/bin/../lib/gcc/arm-none-eabi/10.3.1/../../../../arm-none-eabi/lib/thumb/v7e-m+fp/hard\libc_nano.a(lib_a-exit.o)
                              c:/st/stm32cubeide_1.11.0/stm32cubeide/plugins/com.st.stm32cube.ide.mcu.externaltools.gnu-tools-for-stm32.10.3-2021.10.win32_1.0.100.202210260954/tools/bin/../lib/gcc/arm-none-eabi/10.3.1/../../../../arm-none-eabi/lib/thumb/v7e-m+fp/hard/crt0.o (exit)
c:/st/stm32cubeide_1.11.0/stm32cubeide/plugins/com.st.stm32cube.ide.mcu.externaltools.gnu-tools-for-stm32.10.3-2021.10.win32_1.0.100.202210260954/tools/bin/../lib/gcc/arm-none-eabi/10.3.1/../../../../arm-none-eabi/lib/thumb/v7e-m+fp/hard\libc_nano.a(lib_a-impure.o)
                              c:/st/stm32cubeide_1.11.0/stm32cubeide/plugins/com.st.stm32cube.ide.mcu.externaltools.gnu-tools-for-stm32.10.3-2021.10.win32_1.0.100.202210260954/tools/bin/../lib/gcc/arm-none-eabi/10.3.1/../../../../arm-none-eabi/lib/thumb/v7e-m+fp/hard\libc_nano.a(lib_a-exit.o) (_global_impure_ptr)
c:/st/stm32cubeide_1.11.0/stm32cubeide/plugins/com.st.stm32cube.ide.mcu.externaltools.gnu-tools-for-stm32.10.3-2021.10.win32_1.0.100.202210260954/tools/bin/../lib/gcc/arm-none-eabi/10.3.1/../../../../arm-none-eabi/lib/thumb/v7e-m+fp/hard\libc_nano.a(lib_a-init.o)
                              c:/st/stm32cubeide_1.11.0/stm32cubeide/plugins/com.st.stm32cube.ide.mcu.externaltools.gnu-tools-for-stm32.10.3-2021.10.win32_1.0.100.202210260954/tools/bin/../lib/gcc/arm-none-eabi/10.3.1/../../../../arm-none-eabi/lib/thumb/v7e-m+fp/hard/crt0.o (__libc_init_array)
c:/st/stm32cubeide_1.11.0/stm32cubeide/plugins/com.st.stm32cube.ide.mcu.externaltools.gnu-tools-for-stm32.10.3-2021.10.win32_1.0.100.202210260954/tools/bin/../lib/gcc/arm-none-eabi/10.3.1/../../../../arm-none-eabi/lib/thumb/v7e-m+fp/hard\libc_nano.a(lib_a-malloc.o)
                              c:/st/stm32cubeide_1.11.0/stm32cubeide/plugins/com.st.stm32cube.ide.mcu.externaltools.gnu-tools-for-stm32.10.3-2021.10.win32_1.0.100.202210260954/tools/bin/../lib/gcc/arm-none-eabi/10.3.1/../../../../arm-none-eabi/lib/thumb/v7e-m+fp/hard\libstdc++_nano.a(del_op.o) (free)
c:/st/stm32cubeide_1.11.0/stm32cubeide/plugins/com.st.stm32cube.ide.mcu.externaltools.gnu-tools-for-stm32.10.3-2021.10.win32_1.0.100.202210260954/tools/bin/../lib/gcc/arm-none-eabi/10.3.1/../../../../arm-none-eabi/lib/thumb/v7e-m+fp/hard\libc_nano.a(lib_a-memcpy-stub.o)
                              ./Core/srccpp/Modbus/Modbusrtu.o (memcpy)
c:/st/stm32cubeide_1.11.0/stm32cubeide/plugins/com.st.stm32cube.ide.mcu.externaltools.gnu-tools-for-stm32.10.3-2021.10.win32_1.0.100.202210260954/tools/bin/../lib/gcc/arm-none-eabi/10.3.1/../../../../arm-none-eabi/lib/thumb/v7e-m+fp/hard\libc_nano.a(lib_a-memset.o)
                              c:/st/stm32cubeide_1.11.0/stm32cubeide/plugins/com.st.stm32cube.ide.mcu.externaltools.gnu-tools-for-stm32.10.3-2021.10.win32_1.0.100.202210260954/tools/bin/../lib/gcc/arm-none-eabi/10.3.1/../../../../arm-none-eabi/lib/thumb/v7e-m+fp/hard/crt0.o (memset)
c:/st/stm32cubeide_1.11.0/stm32cubeide/plugins/com.st.stm32cube.ide.mcu.externaltools.gnu-tools-for-stm32.10.3-2021.10.win32_1.0.100.202210260954/tools/bin/../lib/gcc/arm-none-eabi/10.3.1/../../../../arm-none-eabi/lib/thumb/v7e-m+fp/hard\libc_nano.a(lib_a-nano-freer.o)
[...]
Memory Configuration

Name             Origin             Length             Attributes
RAM              0x0000000020000000 0x0000000000010000 xrw
RAM2             0x0000000010000000 0x0000000000004000 xrw
FLASH            0x0000000008000000 0x0000000000040000 xr
*default*        0x0000000000000000 0xffffffffffffffff

Linker script and memory map

LOAD c:/st/stm32cubeide_1.11.0/stm32cubeide/plugins/com.st.stm32cube.ide.mcu.externaltools.gnu-tools-for-stm32.10.3-2021.10.win32_1.0.100.202210260954/tools/bin/../lib/gcc/arm-none-eabi/10.3.1/thumb/v7e-m+fp/hard/crti.o
LOAD c:/st/stm32cubeide_1.11.0/stm32cubeide/plugins/com.st.stm32cube.ide.mcu.externaltools.gnu-tools-for-stm32.10.3-2021.10.win32_1.0.100.202210260954/tools/bin/../lib/gcc/arm-none-eabi/10.3.1/thumb/v7e-m+fp/hard/crtbegin.o
LOAD c:/st/stm32cubeide_1.11.0/stm32cubeide/plugins/com.st.stm32cube.ide.mcu.externaltools.gnu-tools-for-stm32.10.3-2021.10.win32_1.0.100.202210260954/tools/bin/../lib/gcc/arm-none-eabi/10.3.1/../../../../arm-none-eabi/lib/thumb/v7e-m+fp/hard/crt0.o
LOAD ./Core/Src/ESP8266/esp8266.o
LOAD ./Core/Src/ESP8266/esp8266_rx.o
LOAD ./Core/Src/GLCD_clib.o
LOAD ./Core/Src/TimerIntHandler.o
LOAD ./Core/Src/UARTTxRxHandle.o
LOAD ./Core/Src/main.o
LOAD ./Core/Src/stm32l4xx_hal_msp.o
LOAD ./Core/Src/stm32l4xx_it.o
LOAD ./Core/Src/syscalls.o
LOAD ./Core/Src/sysmem.o
LOAD ./Core/Src/system_stm32l4xx.o
LOAD ./Core/Src/RTC/ds1307.o
LOAD ./Core/Src/W25Q64/w25qxx.o
LOAD ./Core/Src/W5500_C/W5500/w5500.o
LOAD ./Core/Src/W5500_C/socket.o
LOAD ./Core/Src/W5500_C/w5500_spi.o
LOAD ./Core/Src/W5500_C/wizchip_conf.o
LOAD ./Core/Startup/startup_stm32l433rctx.o
LOAD ./Core/srccpp/Common/common.o
LOAD ./Core/srccpp/DisplayCPP/DisplayRoutine.o
LOAD ./Core/srccpp/DisplayCPP/GLCD.o
LOAD ./Core/srccpp/Ethernet/W5500.o
LOAD ./Core/srccpp/LpdcLogic/LpdcLogic.o
LOAD ./Core/srccpp/Modbus/Modbusrtu.o
LOAD ./Core/srccpp/OfflineStorage/OfflineStorage.o
LOAD ./Core/srccpp/Shift/SHIFT.o
LOAD ./Core/srccpp/WifiEsp8266/ESP8266.o
LOAD ./Core/srccpp/main.o
LOAD ./Drivers/STM32L4xx_HAL_Driver/Src/stm32l4xx_hal.o
LOAD ./Drivers/STM32L4xx_HAL_Driver/Src/stm32l4xx_hal_cortex.o
LOAD ./Drivers/STM32L4xx_HAL_Driver/Src/stm32l4xx_hal_dma.o
LOAD ./Drivers/STM32L4xx_HAL_Driver/Src/stm32l4xx_hal_dma_ex.o
LOAD ./Drivers/STM32L4xx_HAL_Driver/Src/stm32l4xx_hal_exti.o
LOAD ./Drivers/STM32L4xx_HAL_Driver/Src/stm32l4xx_hal_flash.o
LOAD ./Drivers/STM32L4xx_HAL_Driver/Src/stm32l4xx_hal_flash_ex.o
LOAD ./Drivers/STM32L4xx_HAL_Driver/Src/stm32l4xx_hal_flash_ramfunc.o
LOAD ./Drivers/STM32L4xx_HAL_Driver/Src/stm32l4xx_hal_gpio.o
LOAD ./Drivers/STM32L4xx_HAL_Driver/Src/stm32l4xx_hal_i2c.o
LOAD ./Drivers/STM32L4xx_HAL_Driver/Src/stm32l4xx_hal_i2c_ex.o
LOAD ./Drivers/STM32L4xx_HAL_Driver/Src/stm32l4xx_hal_pwr.o
LOAD ./Drivers/STM32L4xx_HAL_Driver/Src/stm32l4xx_hal_pwr_ex.o
LOAD ./Drivers/STM32L4xx_HAL_Driver/Src/stm32l4xx_hal_rcc.o
LOAD ./Drivers/STM32L4xx_HAL_Driver/Src/stm32l4xx_hal_rcc_ex.o
LOAD ./Drivers/STM32L4xx_HAL_Driver/Src/stm32l4xx_hal_spi.o
LOAD ./Drivers/STM32L4xx_HAL_Driver/Src/stm32l4xx_hal_spi_ex.o
LOAD ./Drivers/STM32L4xx_HAL_Driver/Src/stm32l4xx_hal_tim.o
LOAD ./Drivers/STM32L4xx_HAL_Driver/Src/stm32l4xx_hal_tim_ex.o
LOAD ./Drivers/STM32L4xx_HAL_Driver/Src/stm32l4xx_hal_uart.o
LOAD ./Drivers/STM32L4xx_HAL_Driver/Src/stm32l4xx_hal_uart_ex.o
START GROUP
LOAD c:/st/stm32cubeide_1.11.0/stm32cubeide/plugins/com.st.stm32cube.ide.mcu.externaltools.gnu-tools-for-stm32.10.3-2021.10.win32_1.0.100.202210260954/tools/bin/../lib/gcc/arm-none-eabi/10.3.1/../../../../arm-none-eabi/lib/thumb/v7e-m+fp/hard\libstdc++_nano.a
LOAD c:/st/stm32cubeide_1.11.0/stm32cubeide/plugins/com.st.stm32cube.ide.mcu.externaltools.gnu-tools-for-stm32.10.3-2021.10.win32_1.0.100.202210260954/tools/bin/../lib/gcc/arm-none-eabi/10.3.1/../../../../arm-none-eabi/lib/thumb/v7e-m+fp/hard\libsupc++_nano.a
END GROUP
LOAD c:/st/stm32cubeide_1.11.0/stm32cubeide/plugins/com.st.stm32cube.ide.mcu.externaltools.gnu-tools-for-stm32.10.3-2021.10.win32_1.0.100.202210260954/tools/bin/../lib/gcc/arm-none-eabi/10.3.1/../../../../arm-none-eabi/lib/thumb/v7e-m+fp/hard\libstdc++_nano.a
LOAD c:/st/stm32cubeide_1.11.0/stm32cubeide/plugins/com.st.stm32cube.ide.mcu.externaltools.gnu-tools-for-stm32.10.3-2021.10.win32_1.0.100.202210260954/tools/bin/../lib/gcc/arm-none-eabi/10.3.1/../../../../arm-none-eabi/lib/thumb/v7e-m+fp/hard\libm.a
LOAD c:/st/stm32cubeide_1.11.0/stm32cubeide/plugins/com.st.stm32cube.ide.mcu.externaltools.gnu-tools-for-stm32.10.3-2021.10.win32_1.0.100.202210260954/tools/bin/../lib/gcc/arm-none-eabi/10.3.1/../../../../arm-none-eabi/lib/thumb/v7e-m+fp/hard\libc_nano.a
START GROUP
LOAD c:/st/stm32cubeide_1.11.0/stm32cubeide/plugins/com.st.stm32cube.ide.mcu.externaltools.gnu-tools-for-stm32.10.3-2021.10.win32_1.0.100.202210260954/tools/bin/../lib/gcc/arm-none-eabi/10.3.1/thumb/v7e-m+fp/hard\libgcc.a
LOAD c:/st/stm32cubeide_1.11.0/stm32cubeide/plugins/com.st.stm32cube.ide.mcu.externaltools.gnu-tools-for-stm32.10.3-2021.10.win32_1.0.100.202210260954/tools/bin/../lib/gcc/arm-none-eabi/10.3.1/../../../../arm-none-eabi/lib/thumb/v7e-m+fp/hard\libc_nano.a
END GROUP
START GROUP
LOAD c:/st/stm32cubeide_1.11.0/stm32cubeide/plugins/com.st.stm32cube.ide.mcu.externaltools.gnu-tools-for-stm32.10.3-2021.10.win32_1.0.100.202210260954/tools/bin/../lib/gcc/arm-none-eabi/10.3.1/thumb/v7e-m+fp/hard\libgcc.a
LOAD c:/st/stm32cubeide_1.11.0/stm32cubeide/plugins/com.st.stm32cube.ide.mcu.externaltools.gnu-tools-for-stm32.10.3-2021.10.win32_1.0.100.202210260954/tools/bin/../lib/gcc/arm-none-eabi/10.3.1/../../../../arm-none-eabi/lib/thumb/v7e-m+fp/hard\libc_nano.a
LOAD c:/st/stm32cubeide_1.11.0/stm32cubeide/plugins/com.st.stm32cube.ide.mcu.externaltools.gnu-tools-for-stm32.10.3-2021.10.win32_1.0.100.202210260954/tools/bin/../lib/gcc/arm-none-eabi/10.3.1/../../../../arm-none-eabi/lib/thumb/v7e-m+fp/hard\libnosys.a
END GROUP
START GROUP
LOAD c:/st/stm32cubeide_1.11.0/stm32cubeide/plugins/com.st.stm32cube.ide.mcu.externaltools.gnu-tools-for-stm32.10.3-2021.10.win32_1.0.100.202210260954/tools/bin/../lib/gcc/arm-none-eabi/10.3.1/thumb/v7e-m+fp/hard\libgcc.a
LOAD c:/st/stm32cubeide_1.11.0/stm32cubeide/plugins/com.st.stm32cube.ide.mcu.externaltools.gnu-tools-for-stm32.10.3-2021.10.win32_1.0.100.202210260954/tools/bin/../lib/gcc/arm-none-eabi/10.3.1/../../../../arm-none-eabi/lib/thumb/v7e-m+fp/hard\libc_nano.a
LOAD c:/st/stm32cubeide_1.11.0/stm32cubeide/plugins/com.st.stm32cube.ide.mcu.externaltools.gnu-tools-for-stm32.10.3-2021.10.win32_1.0.100.202210260954/tools/bin/../lib/gcc/arm-none-eabi/10.3.1/../../../../arm-none-eabi/lib/thumb/v7e-m+fp/hard\libnosys.a
END GROUP
LOAD c:/st/stm32cubeide_1.11.0/stm32cubeide/plugins/com.st.stm32cube.ide.mcu.externaltools.gnu-tools-for-stm32.10.3-2021.10.win32_1.0.100.202210260954/tools/bin/../lib/gcc/arm-none-eabi/10.3.1/thumb/v7e-m+fp/hard/crtend.o
LOAD c:/st/stm32cubeide_1.11.0/stm32cubeide/plugins/com.st.stm32cube.ide.mcu.externaltools.gnu-tools-for-stm32.10.3-2021.10.win32_1.0.100.202210260954/tools/bin/../lib/gcc/arm-none-eabi/10.3.1/thumb/v7e-m+fp/hard/crtn.o
                0x0000000020010000                _estack = (ORIGIN (RAM) + LENGTH (RAM))
                0x0000000000000200                _Min_Heap_Size = 0x200
                0x0000000000000400                _Min_Stack_Size = 0x400

.isr_vector     0x0000000008000000      0x18c
                0x0000000008000000                . = ALIGN (0x4)
 *(.isr_vector)
 .isr_vector    0x0000000008000000      0x18c ./Core/Startup/startup_stm32l433rctx.o
                0x0000000008000000                g_pfnVectors
                0x000000000800018c                . = ALIGN (0x4)

.text           0x0000000008000190     0x8ba0
                0x0000000008000190                . = ALIGN (0x4)
 *(.text)
 .text          0x0000000008000190       0x40 c:/st/stm32cubeide_1.11.0/stm32cubeide/plugins/com.st.stm32cube.ide.mcu.externaltools.gnu-tools-for-stm32.10.3-2021.10.win32_1.0.100.202210260954/tools/bin/../lib/gcc/arm-none-eabi/10.3.1/thumb/v7e-m+fp/hard/crtbegin.o
 .text          0x00000000080001d0       0x10 c:/st/stm32cubeide_1.11.0/stm32cubeide/plugins/com.st.stm32cube.ide.mcu.externaltools.gnu-tools-for-stm32.10.3-2021.10.win32_1.0.100.202210260954/tools/bin/../lib/gcc/arm-none-eabi/10.3.1/../../../../arm-none-eabi/lib/thumb/v7e-m+fp/hard\libc_nano.a(lib_a-strlen.o)
                0x00000000080001d0                strlen
 .text          0x00000000080001e0       0xa0 c:/st/stm32cubeide_1.11.0/stm32cubeide/plugins/com.st.stm32cube.ide.mcu.externaltools.gnu-tools-for-stm32.10.3-2021.10.win32_1.0.100.202210260954/tools/bin/../lib/gcc/arm-none-eabi/10.3.1/../../../../arm-none-eabi/lib/thumb/v7e-m+fp/hard\libc_nano.a(lib_a-memchr.o)
                0x00000000080001e0                memchr
 .text          0x0000000008000280       0x30 c:/st/stm32cubeide_1.11.0/stm32cubeide/plugins/com.st.stm32cube.ide.mcu.externaltools.gnu-tools-for-stm32.10.3-2021.10.win32_1.0.100.202210260954/tools/bin/../lib/gcc/arm-none-eabi/10.3.1/thumb/v7e-m+fp/hard\libgcc.a(_aeabi_uldivmod.o)
                0x0000000008000280                __aeabi_uldivmod
 .text          0x00000000080002b0      0x2d0 c:/st/stm32cubeide_1.11.0/stm32cubeide/plugins/com.st.stm32cube.ide.mcu.externaltools.gnu-tools-for-stm32.10.3-2021.10.win32_1.0.100.202210260954/tools/bin/../lib/gcc/arm-none-eabi/10.3.1/thumb/v7e-m+fp/hard\libgcc.a(_udivmoddi4.o)
                0x00000000080002b0                __udivmoddi4
 .text          0x0000000008000580        0x4 c:/st/stm32cubeide_1.11.0/stm32cubeide/plugins/com.st.stm32cube.ide.mcu.externaltools.gnu-tools-for-stm32.10.3-2021.10.win32_1.0.100.202210260954/tools/bin/../lib/gcc/arm-none-eabi/10.3.1/thumb/v7e-m+fp/hard\libgcc.a(_dvmd_tls.o)
                0x0000000008000580                __aeabi_idiv0
                0x0000000008000580                __aeabi_ldiv0
 *(.text*)
 .text.ESPRXDataSeg
                0x0000000008000584      0x288 ./Core/Src/ESP8266/esp8266_rx.o
                0x0000000008000584                ESPRXDataSeg
 .text.ReadOnlineData
                0x000000000800080c       0x60 ./Core/Src/ESP8266/esp8266_rx.o
                0x000000000800080c                ReadOnlineData
 .text.DecToASCIIFun
                0x000000000800086c       0x66 ./Core/Src/ESP8266/esp8266_rx.o
                0x000000000800086c                DecToASCIIFun
 *fill*         0x00000000080008d2        0x2 
 .text.ESPRxDecoder
                0x00000000080008d4      0xa0c ./Core/Src/ESP8266/esp8266_rx.o
                0x00000000080008d4                ESPRxDecoder
 .text.HAL_TIM_PeriodElapsedCallback
                0x00000000080012e0       0x84 ./Core/Src/TimerIntHandler.o
                0x00000000080012e0                HAL_TIM_PeriodElapsedCallback
 .text.HAL_UART_RxCpltCallback
                0x0000000008001364       0x8c ./Core/Src/UARTTxRxHandle.o
                0x0000000008001364                HAL_UART_RxCpltCallback
 .text.SystemClock_Config
                0x00000000080013f0       0x76 ./Core/Src/main.o
                0x00000000080013f0                SystemClock_Config
 *fill*         0x0000000008001466        0x2 
 .text.startup.main
                0x0000000008001468      0x434 ./Core/Src/main.o
                0x0000000008001468                main
 .text.Error_Handler
                0x000000000800189c        0x4 ./Core/Src/main.o
                0x000000000800189c                Error_Handler
 .text.HAL_MspInit
                0x00000000080018a0       0x30 ./Core/Src/stm32l4xx_hal_msp.o
                0x00000000080018a0                HAL_MspInit
 .text.HAL_I2C_MspInit
                0x00000000080018d0       0x88 ./Core/Src/stm32l4xx_hal_msp.o
                0x00000000080018d0                HAL_I2C_MspInit
 .text.HAL_UART_MspInit
                0x0000000008001958      0x160 ./Core/Src/stm32l4xx_hal_msp.o
                0x0000000008001958                HAL_UART_MspInit
 .text.HAL_SPI_MspInit
                0x0000000008001ab8       0xb4 ./Core/Src/stm32l4xx_hal_msp.o
                0x0000000008001ab8                HAL_SPI_MspInit
 .text.HAL_TIM_Base_MspInit
                0x0000000008001b6c       0x8c ./Core/Src/stm32l4xx_hal_msp.o
                0x0000000008001b6c                HAL_TIM_Base_MspInit
 .text.NMI_Handler
                0x0000000008001bf8        0x2 ./Core/Src/stm32l4xx_it.o
                0x0000000008001bf8                NMI_Handler
 .text.HardFault_Handler
                0x0000000008001bfa        0x2 ./Core/Src/stm32l4xx_it.o
                0x0000000008001bfa                HardFault_Handler
 .text.MemManage_Handler
                0x0000000008001bfc        0x2 ./Core/Src/stm32l4xx_it.o
                0x0000000008001bfc                MemManage_Handler
 .text.BusFault_Handler
                0x0000000008001bfe        0x2 ./Core/Src/stm32l4xx_it.o
                0x0000000008001bfe                BusFault_Handler
 .text.UsageFault_Handler
                0x0000000008001c00        0x2 ./Core/Src/stm32l4xx_it.o
                0x0000000008001c00                UsageFault_Handler
 .text.SVC_Handler
                0x0000000008001c02        0x2 ./Core/Src/stm32l4xx_it.o
                0x0000000008001c02                SVC_Handler
 .text.DebugMon_Handler
                0x0000000008001c04        0x2 ./Core/Src/stm32l4xx_it.o
                0x0000000008001c04                DebugMon_Handler
 .text.PendSV_Handler
                0x0000000008001c06        0x2 ./Core/Src/stm32l4xx_it.o
                0x0000000008001c06                PendSV_Handler
 .text.SysTick_Handler
                0x0000000008001c08        0x4 ./Core/Src/stm32l4xx_it.o
                0x0000000008001c08                SysTick_Handler
 .text.USART1_IRQHandler
                0x0000000008001c0c        0xc ./Core/Src/stm32l4xx_it.o
                0x0000000008001c0c                USART1_IRQHandler
 .text.TIM6_DAC_IRQHandler
                0x0000000008001c18        0xc ./Core/Src/stm32l4xx_it.o
                0x0000000008001c18                TIM6_DAC_IRQHandler
 .text.TIM7_IRQHandler
                0x0000000008001c24        0xc ./Core/Src/stm32l4xx_it.o
                0x0000000008001c24                TIM7_IRQHandler
 .text.LPUART1_IRQHandler
                0x0000000008001c30        0xc ./Core/Src/stm32l4xx_it.o
                0x0000000008001c30                LPUART1_IRQHandler
 .text._sbrk    0x0000000008001c3c       0x40 ./Core/Src/sysmem.o
                0x0000000008001c3c                _sbrk
 .text.SystemInit
                0x0000000008001c7c       0x14 ./Core/Src/system_stm32l4xx.o
                0x0000000008001c7c                SystemInit
 .text.bcd2bin  0x0000000008001c90       0x12 ./Core/Src/RTC/ds1307.o
                0x0000000008001c90                bcd2bin
 .text.bin2bcd  0x0000000008001ca2       0x12 ./Core/Src/RTC/ds1307.o
                0x0000000008001ca2                bin2bcd
 .text.rtc_get_time
                0x0000000008001cb4       0x4c ./Core/Src/RTC/ds1307.o
                0x0000000008001cb4                rtc_get_time
 .text.rtc_set_time
                0x0000000008001d00       0x48 ./Core/Src/RTC/ds1307.o
                0x0000000008001d00                rtc_set_time
 .text.rtc_get_date
                0x0000000008001d48       0x58 ./Core/Src/RTC/ds1307.o
                0x0000000008001d48                rtc_get_date
 .text.rtc_set_date
                0x0000000008001da0       0x50 ./Core/Src/RTC/ds1307.o
                0x0000000008001da0                rtc_set_date
 .text.W25qxx_Spi
                0x0000000008001df0       0x28 ./Core/Src/W25Q64/w25qxx.o
                0x0000000008001df0                W25qxx_Spi
 .text.W25qxx_ReadID
                0x0000000008001e18       0x48 ./Core/Src/W25Q64/w25qxx.o
                0x0000000008001e18                W25qxx_ReadID
 .text.W25qxx_ReadUniqID
                0x0000000008001e60       0x54 ./Core/Src/W25Q64/w25qxx.o
                0x0000000008001e60                W25qxx_ReadUniqID
 .text.W25qxx_WriteEnable
                0x0000000008001eb4       0x2c ./Core/Src/W25Q64/w25qxx.o
                0x0000000008001eb4                W25qxx_WriteEnable
 .text.W25qxx_ReadStatusRegister
                0x0000000008001ee0       0x68 ./Core/Src/W25Q64/w25qxx.o
                0x0000000008001ee0                W25qxx_ReadStatusRegister
 .text.W25qxx_WaitForWriteEnd
                0x0000000008001f48       0x48 ./Core/Src/W25Q64/w25qxx.o
                0x0000000008001f48                W25qxx_WaitForWriteEnd
 .text.W25qxx_Init
                0x0000000008001f90       0xf4 ./Core/Src/W25Q64/w25qxx.o
                0x0000000008001f90                W25qxx_Init
 .text.W25qxx_EraseSector
                0x0000000008002084       0x80 ./Core/Src/W25Q64/w25qxx.o
                0x0000000008002084                W25qxx_EraseSector
 .text.W25qxx_SectorToPage
                0x0000000008002104       0x14 ./Core/Src/W25Q64/w25qxx.o
                0x0000000008002104                W25qxx_SectorToPage
 .text.W25qxx_IsEmptySector
                0x0000000008002118      0x13c ./Core/Src/W25Q64/w25qxx.o
                0x0000000008002118                W25qxx_IsEmptySector
 .text.W25qxx_WritePage
                0x0000000008002254       0xa8 ./Core/Src/W25Q64/w25qxx.o
                0x0000000008002254                W25qxx_WritePage
 .text.W25qxx_WriteSector
                0x00000000080022fc       0x6c ./Core/Src/W25Q64/w25qxx.o
                0x00000000080022fc                W25qxx_WriteSector
 .text.W25qxx_ReadPage
                0x0000000008002368       0xac ./Core/Src/W25Q64/w25qxx.o
                0x0000000008002368                W25qxx_ReadPage
 .text.W25qxx_ReadSector
                0x0000000008002414       0x6c ./Core/Src/W25Q64/w25qxx.o
                0x0000000008002414                W25qxx_ReadSector
 .text.Reset_Handler
                0x0000000008002480       0x50 ./Core/Startup/startup_stm32l433rctx.o
                0x0000000008002480                Reset_Handler
 .text.Default_Handler
                0x00000000080024d0        0x2 ./Core/Startup/startup_stm32l433rctx.o
                0x00000000080024d0                RTC_Alarm_IRQHandler
                0x00000000080024d0                EXTI2_IRQHandler
                0x00000000080024d0                TIM1_CC_IRQHandler
                0x00000000080024d0                TSC_IRQHandler
                0x00000000080024d0                TAMP_STAMP_IRQHandler
                0x00000000080024d0                EXTI3_IRQHandler
                0x00000000080024d0                LPTIM2_IRQHandler
                0x00000000080024d0                I2C3_ER_IRQHandler
                0x00000000080024d0                EXTI0_IRQHandler
                0x00000000080024d0                I2C2_EV_IRQHandler
                0x00000000080024d0                CAN1_RX0_IRQHandler
                0x00000000080024d0                FPU_IRQHandler
                0x00000000080024d0                TIM1_UP_TIM16_IRQHandler
                0x00000000080024d0                SPI1_IRQHandler
                0x00000000080024d0                DMA2_Channel2_IRQHandler
                0x00000000080024d0                DMA1_Channel4_IRQHandler
                0x00000000080024d0                ADC1_IRQHandler
                0x00000000080024d0                USART3_IRQHandler
                0x00000000080024d0                DMA1_Channel7_IRQHandler
                0x00000000080024d0                CAN1_RX1_IRQHandler
                0x00000000080024d0                LCD_IRQHandler
                0x00000000080024d0                DMA2_Channel1_IRQHandler
                0x00000000080024d0                QUADSPI_IRQHandler
                0x00000000080024d0                I2C1_EV_IRQHandler
                0x00000000080024d0                DMA1_Channel6_IRQHandler
                0x00000000080024d0                DMA2_Channel4_IRQHandler
                0x00000000080024d0                RCC_IRQHandler
                0x00000000080024d0                TIM1_TRG_COM_IRQHandler
                0x00000000080024d0                DMA1_Channel1_IRQHandler
                0x00000000080024d0                Default_Handler
                0x00000000080024d0                DMA2_Channel7_IRQHandler
                0x00000000080024d0                EXTI15_10_IRQHandler
                0x00000000080024d0                SDMMC1_IRQHandler
                0x00000000080024d0                I2C3_EV_IRQHandler
                0x00000000080024d0                USB_IRQHandler
                0x00000000080024d0                EXTI9_5_IRQHandler
                0x00000000080024d0                RTC_WKUP_IRQHandler
                0x00000000080024d0                PVD_PVM_IRQHandler
                0x00000000080024d0                SPI2_IRQHandler
                0x00000000080024d0                CAN1_TX_IRQHandler
                0x00000000080024d0                DMA2_Channel5_IRQHandler
                0x00000000080024d0                CRS_IRQHandler
                0x00000000080024d0                DMA1_Channel5_IRQHandler
                0x00000000080024d0                EXTI4_IRQHandler
                0x00000000080024d0                RNG_IRQHandler
                0x00000000080024d0                DMA1_Channel3_IRQHandler
                0x00000000080024d0                COMP_IRQHandler
                0x00000000080024d0                WWDG_IRQHandler
                0x00000000080024d0                DMA2_Channel6_IRQHandler
                0x00000000080024d0                TIM2_IRQHandler
                0x00000000080024d0                EXTI1_IRQHandler
                0x00000000080024d0                USART2_IRQHandler
                0x00000000080024d0                I2C2_ER_IRQHandler
                0x00000000080024d0                DMA1_Channel2_IRQHandler
                0x00000000080024d0                CAN1_SCE_IRQHandler
                0x00000000080024d0                FLASH_IRQHandler
                0x00000000080024d0                SPI3_IRQHandler
                0x00000000080024d0                I2C1_ER_IRQHandler
                0x00000000080024d0                SWPMI1_IRQHandler
                0x00000000080024d0                LPTIM1_IRQHandler
                0x00000000080024d0                SAI1_IRQHandler
                0x00000000080024d0                DMA2_Channel3_IRQHandler
                0x00000000080024d0                TIM1_BRK_TIM15_IRQHandler
 .text._ZN6commonD2Ev
                0x00000000080024d2        0x2 ./Core/srccpp/Common/common.o
                0x00000000080024d2                common::~common()
                0x00000000080024d2                common::~common()
 .text._ZN6commonD0Ev
                0x00000000080024d4        0xe ./Core/srccpp/Common/common.o
                0x00000000080024d4                common::~common()
 *fill*         0x00000000080024e2        0x2 
 .text._ZN6commonC2Ev
                0x00000000080024e4        0xc ./Core/srccpp/Common/common.o
                0x00000000080024e4                common::common()
                0x00000000080024e4                common::common()
 .text._ZN14DisplayRoutineC2Ev
                0x00000000080024f0       0xc0 ./Core/srccpp/DisplayCPP/DisplayRoutine.o
                0x00000000080024f0                DisplayRoutine::DisplayRoutine()
                0x00000000080024f0                DisplayRoutine::DisplayRoutine()
 .text._ZN14DisplayRoutine11value2DigitEhhh
                0x00000000080025b0       0x38 ./Core/srccpp/DisplayCPP/DisplayRoutine.o
                0x00000000080025b0                DisplayRoutine::value2Digit(unsigned char, unsigned char, unsigned char)
 .text._ZN14DisplayRoutine11value4DigitEthh
                0x00000000080025e8       0x68 ./Core/srccpp/DisplayCPP/DisplayRoutine.o
                0x00000000080025e8                DisplayRoutine::value4Digit(unsigned short, unsigned char, unsigned char)
 .text._ZN14DisplayRoutine3runEv
                0x0000000008002650      0x160 ./Core/srccpp/DisplayCPP/DisplayRoutine.o
                0x0000000008002650                DisplayRoutine::run()
 .text._ZN14DisplayRoutine4InitEv
                0x00000000080027b0       0x1e ./Core/srccpp/DisplayCPP/DisplayRoutine.o
                0x00000000080027b0                DisplayRoutine::Init()
 *fill*         0x00000000080027ce        0x2 
 .text._ZN14DisplayRoutineD2Ev
                0x00000000080027d0       0x18 ./Core/srccpp/DisplayCPP/DisplayRoutine.o
                0x00000000080027d0                DisplayRoutine::~DisplayRoutine()
                0x00000000080027d0                DisplayRoutine::~DisplayRoutine()
 .text._ZN14DisplayRoutineD0Ev
                0x00000000080027e8       0x16 ./Core/srccpp/DisplayCPP/DisplayRoutine.o
                0x00000000080027e8                DisplayRoutine::~DisplayRoutine()
 *fill*         0x00000000080027fe        0x2 
 .text._ZN4GLCDD2Ev
                0x0000000008002800       0x14 ./Core/srccpp/DisplayCPP/GLCD.o
                0x0000000008002800                GLCD::~GLCD()
                0x0000000008002800                GLCD::~GLCD()
 .text._ZN4GLCDD0Ev
                0x0000000008002814       0x16 ./Core/srccpp/DisplayCPP/GLCD.o
                0x0000000008002814                GLCD::~GLCD()
 *fill*         0x000000000800282a        0x2 
 .text._ZN4GLCDC2Ev
                0x000000000800282c     0x1940 ./Core/srccpp/DisplayCPP/GLCD.o
                0x000000000800282c                GLCD::GLCD()
                0x000000000800282c                GLCD::GLCD()
 .text._ZN4GLCD9m_ctrloffEv
                0x000000000800416c       0x4c ./Core/srccpp/DisplayCPP/GLCD.o
                0x000000000800416c                GLCD::m_ctrloff()
 .text._ZN4GLCD16m_IOWritethedataEh
                0x00000000080041b8       0x74 ./Core/srccpp/DisplayCPP/GLCD.o
                0x00000000080041b8                GLCD::m_IOWritethedata(unsigned char)
 .text._ZN4GLCD11m_displayonEv
                0x000000000800422c       0x64 ./Core/srccpp/DisplayCPP/GLCD.o
                0x000000000800422c                GLCD::m_displayon()
 .text._ZN4GLCD11m_setcolumnEh
                0x0000000008004290       0x88 ./Core/srccpp/DisplayCPP/GLCD.o
                0x0000000008004290                GLCD::m_setcolumn(unsigned char)
 .text._ZN4GLCD9m_setpageEh
                0x0000000008004318       0x68 ./Core/srccpp/DisplayCPP/GLCD.o
                0x0000000008004318                GLCD::m_setpage(unsigned char)
 .text._ZN4GLCD14m_setstartlineEh
                0x0000000008004380       0x68 ./Core/srccpp/DisplayCPP/GLCD.o
                0x0000000008004380                GLCD::m_setstartline(unsigned char)
 .text._ZN4GLCD9m_lcddataEPht
                0x00000000080043e8       0xa4 ./Core/srccpp/DisplayCPP/GLCD.o
                0x00000000080043e8                GLCD::m_lcddata(unsigned char*, unsigned short)
 .text._ZN4GLCD10m_lcdputs1EhhPh
                0x000000000800448c       0x30 ./Core/srccpp/DisplayCPP/GLCD.o
                0x000000000800448c                GLCD::m_lcdputs1(unsigned char, unsigned char, unsigned char*)
 .text._ZN4GLCD8m_clrlcdEv
                0x00000000080044bc       0x36 ./Core/srccpp/DisplayCPP/GLCD.o
                0x00000000080044bc                GLCD::m_clrlcd()
 .text._ZN10W5500ClassD2Ev
                0x00000000080044f2        0x2 ./Core/srccpp/Ethernet/W5500.o
                0x00000000080044f2                W5500Class::~W5500Class()
                0x00000000080044f2                W5500Class::~W5500Class()
 .text._ZN10W5500ClassD0Ev
                0x00000000080044f4        0xe ./Core/srccpp/Ethernet/W5500.o
                0x00000000080044f4                W5500Class::~W5500Class()
 *fill*         0x0000000008004502        0x2 
 .text.startup._GLOBAL__sub_I_w5500
                0x0000000008004504       0x10 ./Core/srccpp/Ethernet/W5500.o
 .text._ZN9LpdcLogicD2Ev
                0x0000000008004514        0x2 ./Core/srccpp/LpdcLogic/LpdcLogic.o
                0x0000000008004514                LpdcLogic::~LpdcLogic()
                0x0000000008004514                LpdcLogic::~LpdcLogic()
 .text._ZN9LpdcLogicD0Ev
                0x0000000008004516        0xe ./Core/srccpp/LpdcLogic/LpdcLogic.o
                0x0000000008004516                LpdcLogic::~LpdcLogic()
 .text._ZN9LpdcLogicC2Ev
                0x0000000008004524       0x10 ./Core/srccpp/LpdcLogic/LpdcLogic.o
                0x0000000008004524                LpdcLogic::LpdcLogic()
                0x0000000008004524                LpdcLogic::LpdcLogic()
 .text._ZN9LpdcLogic11shiftChangeEv
                0x0000000008004534       0x50 ./Core/srccpp/LpdcLogic/LpdcLogic.o
                0x0000000008004534                LpdcLogic::shiftChange()
 .text._ZN9LpdcLogic13productChangeEv
                0x0000000008004584       0x48 ./Core/srccpp/LpdcLogic/LpdcLogic.o
                0x0000000008004584                LpdcLogic::productChange()
 .text._ZN9LpdcLogic10productionEv
                0x00000000080045cc       0xcc ./Core/srccpp/LpdcLogic/LpdcLogic.o
                0x00000000080045cc                LpdcLogic::production()
 .text._ZN9LpdcLogic15manualRejectionEv
                0x0000000008004698       0x38 ./Core/srccpp/LpdcLogic/LpdcLogic.o
                0x0000000008004698                LpdcLogic::manualRejection()
 .text._ZN9LpdcLogic3runEv
                0x00000000080046d0       0x1a ./Core/srccpp/LpdcLogic/LpdcLogic.o
                0x00000000080046d0                LpdcLogic::run()
 .text._ZN9ModbusrtuD2Ev
                0x00000000080046ea        0x2 ./Core/srccpp/Modbus/Modbusrtu.o
                0x00000000080046ea                Modbusrtu::~Modbusrtu()
                0x00000000080046ea                Modbusrtu::~Modbusrtu()
 .text._ZN9ModbusrtuD0Ev
                0x00000000080046ec       0x10 ./Core/srccpp/Modbus/Modbusrtu.o
                0x00000000080046ec                Modbusrtu::~Modbusrtu()
 .text._ZN9ModbusrtuC2Ev
                0x00000000080046fc       0x30 ./Core/srccpp/Modbus/Modbusrtu.o
                0x00000000080046fc                Modbusrtu::Modbusrtu()
                0x00000000080046fc                Modbusrtu::Modbusrtu()
 .text.HAL_UART_TxCpltCallback
                0x000000000800472c       0x14 ./Core/srccpp/Modbus/Modbusrtu.o
                0x000000000800472c                HAL_UART_TxCpltCallback
 .text._ZN9Modbusrtu11ASCChecksumEPhh
                0x0000000008004740       0x24 ./Core/srccpp/Modbus/Modbusrtu.o
                0x0000000008004740                Modbusrtu::ASCChecksum(unsigned char*, unsigned char)
 .text._ZN9Modbusrtu21ModbusReadTransactionEv
                0x0000000008004764       0x3c ./Core/srccpp/Modbus/Modbusrtu.o
                0x0000000008004764                Modbusrtu::ModbusReadTransaction()
 .text._ZN14OfflineStorageD2Ev
                0x00000000080047a0        0x2 ./Core/srccpp/OfflineStorage/OfflineStorage.o
                0x00000000080047a0                OfflineStorage::~OfflineStorage()
                0x00000000080047a0                OfflineStorage::~OfflineStorage()
 .text._ZN14OfflineStorageD0Ev
                0x00000000080047a2        0xe ./Core/srccpp/OfflineStorage/OfflineStorage.o
                0x00000000080047a2                OfflineStorage::~OfflineStorage()
 .text._ZN14OfflineStorageC2Ev
                0x00000000080047b0        0xc ./Core/srccpp/OfflineStorage/OfflineStorage.o
                0x00000000080047b0                OfflineStorage::OfflineStorage()
                0x00000000080047b0                OfflineStorage::OfflineStorage()
 .text._ZN14OfflineStorage3runEv
                0x00000000080047bc      0x24c ./Core/srccpp/OfflineStorage/OfflineStorage.o
                0x00000000080047bc                OfflineStorage::run()
 .text._ZN14OfflineStorage19ReadOfflinedataInitEv
                0x0000000008004a08       0xd4 ./Core/srccpp/OfflineStorage/OfflineStorage.o
                0x0000000008004a08                OfflineStorage::ReadOfflinedataInit()
 .text._ZN5SHIFTD2Ev
                0x0000000008004adc        0x2 ./Core/srccpp/Shift/SHIFT.o
                0x0000000008004adc                SHIFT::~SHIFT()
                0x0000000008004adc                SHIFT::~SHIFT()
 .text._ZN5SHIFTD0Ev
                0x0000000008004ade        0xe ./Core/srccpp/Shift/SHIFT.o
                0x0000000008004ade                SHIFT::~SHIFT()
 .text._ZN5SHIFTC2Ev
                0x0000000008004aec        0xc ./Core/srccpp/Shift/SHIFT.o
                0x0000000008004aec                SHIFT::SHIFT()
                0x0000000008004aec                SHIFT::SHIFT()
 .text._ZN5SHIFT16shiftCalculationEv
                0x0000000008004af8      0x12c ./Core/srccpp/Shift/SHIFT.o
                0x0000000008004af8                SHIFT::shiftCalculation()
 .text._ZN5SHIFT3runEv
                0x0000000008004c24        0x4 ./Core/srccpp/Shift/SHIFT.o
                0x0000000008004c24                SHIFT::run()
 .text._ZN7ESP8266D2Ev
                0x0000000008004c28        0x2 ./Core/srccpp/WifiEsp8266/ESP8266.o
                0x0000000008004c28                ESP8266::~ESP8266()
                0x0000000008004c28                ESP8266::~ESP8266()
 .text._ZN7ESP8266D0Ev
                0x0000000008004c2a       0x10 ./Core/srccpp/WifiEsp8266/ESP8266.o
                0x0000000008004c2a                ESP8266::~ESP8266()
 *fill*         0x0000000008004c3a        0x2 
 .text._ZN7ESP8266C2Ev
                0x0000000008004c3c      0x200 ./Core/srccpp/WifiEsp8266/ESP8266.o
                0x0000000008004c3c                ESP8266::ESP8266()
                0x0000000008004c3c                ESP8266::ESP8266()
 .text._ZN7ESP826612Send_WifiCmdEv
                0x0000000008004e3c      0x480 ./Core/srccpp/WifiEsp8266/ESP8266.o
                0x0000000008004e3c                ESP8266::Send_WifiCmd()
 .text._ZN7ESP826615RefreshWifiDataEv
                0x00000000080052bc      0x13c ./Core/srccpp/WifiEsp8266/ESP8266.o
                0x00000000080052bc                ESP8266::RefreshWifiData()
 .text._ZN7ESP82663runEv
                0x00000000080053f8       0x12 ./Core/srccpp/WifiEsp8266/ESP8266.o
                0x00000000080053f8                ESP8266::run()
 *fill*         0x000000000800540a        0x2 
 .text._ZN7ESP82664InitEv
                0x000000000800540c       0x54 ./Core/srccpp/WifiEsp8266/ESP8266.o
                0x000000000800540c                ESP8266::Init()
 .text.cppMain  0x0000000008005460       0xb0 ./Core/srccpp/main.o
                0x0000000008005460                cppMain
 .text.HAL_InitTick
                0x0000000008005510       0x4c ./Drivers/STM32L4xx_HAL_Driver/Src/stm32l4xx_hal.o
                0x0000000008005510                HAL_InitTick
 .text.HAL_Init
                0x000000000800555c       0x1e ./Drivers/STM32L4xx_HAL_Driver/Src/stm32l4xx_hal.o
                0x000000000800555c                HAL_Init
 *fill*         0x000000000800557a        0x2 
 .text.HAL_IncTick
                0x000000000800557c       0x18 ./Drivers/STM32L4xx_HAL_Driver/Src/stm32l4xx_hal.o
                0x000000000800557c                HAL_IncTick
 .text.HAL_GetTick
                0x0000000008005594        0xc ./Drivers/STM32L4xx_HAL_Driver/Src/stm32l4xx_hal.o
                0x0000000008005594                HAL_GetTick
 .text.HAL_Delay
                0x00000000080055a0       0x28 ./Drivers/STM32L4xx_HAL_Driver/Src/stm32l4xx_hal.o
                0x00000000080055a0                HAL_Delay
 .text.HAL_NVIC_SetPriorityGrouping
                0x00000000080055c8       0x24 ./Drivers/STM32L4xx_HAL_Driver/Src/stm32l4xx_hal_cortex.o
                0x00000000080055c8                HAL_NVIC_SetPriorityGrouping
 .text.HAL_NVIC_SetPriority
                0x00000000080055ec       0x64 ./Drivers/STM32L4xx_HAL_Driver/Src/stm32l4xx_hal_cortex.o
                0x00000000080055ec                HAL_NVIC_SetPriority
 .text.HAL_NVIC_EnableIRQ
                0x0000000008005650       0x1c ./Drivers/STM32L4xx_HAL_Driver/Src/stm32l4xx_hal_cortex.o
                0x0000000008005650                HAL_NVIC_EnableIRQ
 .text.HAL_SYSTICK_Config
                0x000000000800566c       0x28 ./Drivers/STM32L4xx_HAL_Driver/Src/stm32l4xx_hal_cortex.o
                0x000000000800566c                HAL_SYSTICK_Config
 .text.HAL_DMA_Abort
                0x0000000008005694       0x46 ./Drivers/STM32L4xx_HAL_Driver/Src/stm32l4xx_hal_dma.o
                0x0000000008005694                HAL_DMA_Abort
 .text.HAL_DMA_Abort_IT
                0x00000000080056da       0x4c ./Drivers/STM32L4xx_HAL_Driver/Src/stm32l4xx_hal_dma.o
                0x00000000080056da                HAL_DMA_Abort_IT
 *fill*         0x0000000008005726        0x2 
 .text.HAL_GPIO_Init
                0x0000000008005728      0x188 ./Drivers/STM32L4xx_HAL_Driver/Src/stm32l4xx_hal_gpio.o
                0x0000000008005728                HAL_GPIO_Init
 .text.HAL_GPIO_ReadPin
                0x00000000080058b0        0xc ./Drivers/STM32L4xx_HAL_Driver/Src/stm32l4xx_hal_gpio.o
                0x00000000080058b0                HAL_GPIO_ReadPin
 .text.HAL_GPIO_WritePin
                0x00000000080058bc        0xa ./Drivers/STM32L4xx_HAL_Driver/Src/stm32l4xx_hal_gpio.o
                0x00000000080058bc                HAL_GPIO_WritePin
 .text.HAL_GPIO_TogglePin
                0x00000000080058c6       0x12 ./Drivers/STM32L4xx_HAL_Driver/Src/stm32l4xx_hal_gpio.o
                0x00000000080058c6                HAL_GPIO_TogglePin
 .text.I2C_Flush_TXDR
                0x00000000080058d8       0x1c ./Drivers/STM32L4xx_HAL_Driver/Src/stm32l4xx_hal_i2c.o
 .text.I2C_TransferConfig
                0x00000000080058f4       0x2c ./Drivers/STM32L4xx_HAL_Driver/Src/stm32l4xx_hal_i2c.o
 .text.I2C_IsErrorOccurred
                0x0000000008005920      0x116 ./Drivers/STM32L4xx_HAL_Driver/Src/stm32l4xx_hal_i2c.o
 .text.I2C_WaitOnTXISFlagUntilTimeout
                0x0000000008005a36       0x4e ./Drivers/STM32L4xx_HAL_Driver/Src/stm32l4xx_hal_i2c.o
 .text.I2C_WaitOnFlagUntilTimeout
                0x0000000008005a84       0x54 ./Drivers/STM32L4xx_HAL_Driver/Src/stm32l4xx_hal_i2c.o
 .text.I2C_WaitOnSTOPFlagUntilTimeout
                0x0000000008005ad8       0x4a ./Drivers/STM32L4xx_HAL_Driver/Src/stm32l4xx_hal_i2c.o
 .text.HAL_I2C_Init
                0x0000000008005b22       0xa2 ./Drivers/STM32L4xx_HAL_Driver/Src/stm32l4xx_hal_i2c.o
                0x0000000008005b22                HAL_I2C_Init
 .text.HAL_I2C_Mem_Write
                0x0000000008005bc4      0x1b4 ./Drivers/STM32L4xx_HAL_Driver/Src/stm32l4xx_hal_i2c.o
                0x0000000008005bc4                HAL_I2C_Mem_Write
 .text.HAL_I2C_Mem_Read
                0x0000000008005d78      0x1bc ./Drivers/STM32L4xx_HAL_Driver/Src/stm32l4xx_hal_i2c.o
                0x0000000008005d78                HAL_I2C_Mem_Read
 .text.HAL_I2CEx_ConfigAnalogFilter
                0x0000000008005f34       0x4c ./Drivers/STM32L4xx_HAL_Driver/Src/stm32l4xx_hal_i2c_ex.o
                0x0000000008005f34                HAL_I2CEx_ConfigAnalogFilter
 .text.HAL_I2CEx_ConfigDigitalFilter
                0x0000000008005f80       0x4a ./Drivers/STM32L4xx_HAL_Driver/Src/stm32l4xx_hal_i2c_ex.o
                0x0000000008005f80                HAL_I2CEx_ConfigDigitalFilter
 *fill*         0x0000000008005fca        0x2 
 .text.HAL_PWREx_GetVoltageRange
                0x0000000008005fcc       0x10 ./Drivers/STM32L4xx_HAL_Driver/Src/stm32l4xx_hal_pwr_ex.o
                0x0000000008005fcc                HAL_PWREx_GetVoltageRange
 .text.HAL_PWREx_ControlVoltageScaling
                0x0000000008005fdc       0x6c ./Drivers/STM32L4xx_HAL_Driver/Src/stm32l4xx_hal_pwr_ex.o
                0x0000000008005fdc                HAL_PWREx_ControlVoltageScaling
 .text.RCC_SetFlashLatencyFromMSIRange
                0x0000000008006048       0x84 ./Drivers/STM32L4xx_HAL_Driver/Src/stm32l4xx_hal_rcc.o
 .text.HAL_RCC_GetSysClockFreq
                0x00000000080060cc       0x9c ./Drivers/STM32L4xx_HAL_Driver/Src/stm32l4xx_hal_rcc.o
                0x00000000080060cc                HAL_RCC_GetSysClockFreq
 .text.HAL_RCC_OscConfig
                0x0000000008006168      0x548 ./Drivers/STM32L4xx_HAL_Driver/Src/stm32l4xx_hal_rcc.o
                0x0000000008006168                HAL_RCC_OscConfig
 .text.HAL_RCC_ClockConfig
                0x00000000080066b0      0x154 ./Drivers/STM32L4xx_HAL_Driver/Src/stm32l4xx_hal_rcc.o
                0x00000000080066b0                HAL_RCC_ClockConfig
 .text.HAL_RCC_GetPCLK1Freq
                0x0000000008006804       0x24 ./Drivers/STM32L4xx_HAL_Driver/Src/stm32l4xx_hal_rcc.o
                0x0000000008006804                HAL_RCC_GetPCLK1Freq
 .text.HAL_RCC_GetPCLK2Freq
                0x0000000008006828       0x24 ./Drivers/STM32L4xx_HAL_Driver/Src/stm32l4xx_hal_rcc.o
                0x0000000008006828                HAL_RCC_GetPCLK2Freq
 .text.RCCEx_PLLSAI1_Config
                0x000000000800684c      0x114 ./Drivers/STM32L4xx_HAL_Driver/Src/stm32l4xx_hal_rcc_ex.o
 .text.HAL_RCCEx_PeriphCLKConfig
                0x0000000008006960      0x2f0 ./Drivers/STM32L4xx_HAL_Driver/Src/stm32l4xx_hal_rcc_ex.o
                0x0000000008006960                HAL_RCCEx_PeriphCLKConfig
 .text.SPI_WaitFifoStateUntilTimeout.constprop.0
                0x0000000008006c50       0xcc ./Drivers/STM32L4xx_HAL_Driver/Src/stm32l4xx_hal_spi.o
 .text.SPI_WaitFlagStateUntilTimeout.constprop.0
                0x0000000008006d1c       0xa4 ./Drivers/STM32L4xx_HAL_Driver/Src/stm32l4xx_hal_spi.o
 .text.SPI_EndRxTransaction
                0x0000000008006dc0       0x72 ./Drivers/STM32L4xx_HAL_Driver/Src/stm32l4xx_hal_spi.o
 .text.SPI_EndRxTxTransaction
                0x0000000008006e32       0x4a ./Drivers/STM32L4xx_HAL_Driver/Src/stm32l4xx_hal_spi.o
 .text.HAL_SPI_Init
                0x0000000008006e7c       0xd4 ./Drivers/STM32L4xx_HAL_Driver/Src/stm32l4xx_hal_spi.o
                0x0000000008006e7c                HAL_SPI_Init
 .text.HAL_SPI_Transmit
                0x0000000008006f50      0x192 ./Drivers/STM32L4xx_HAL_Driver/Src/stm32l4xx_hal_spi.o
                0x0000000008006f50                HAL_SPI_Transmit
 .text.HAL_SPI_TransmitReceive
                0x00000000080070e2      0x258 ./Drivers/STM32L4xx_HAL_Driver/Src/stm32l4xx_hal_spi.o
                0x00000000080070e2                HAL_SPI_TransmitReceive
 .text.HAL_SPI_Receive
                0x000000000800733a      0x170 ./Drivers/STM32L4xx_HAL_Driver/Src/stm32l4xx_hal_spi.o
                0x000000000800733a                HAL_SPI_Receive
 *fill*         0x00000000080074aa        0x2 
 .text.HAL_TIM_Base_Start
                0x00000000080074ac       0x4c ./Drivers/STM32L4xx_HAL_Driver/Src/stm32l4xx_hal_tim.o
                0x00000000080074ac                HAL_TIM_Base_Start
 .text.HAL_TIM_Base_Start_IT
                0x00000000080074f8       0x54 ./Drivers/STM32L4xx_HAL_Driver/Src/stm32l4xx_hal_tim.o
                0x00000000080074f8                HAL_TIM_Base_Start_IT
 .text.HAL_TIM_OC_DelayElapsedCallback
                0x000000000800754c        0x2 ./Drivers/STM32L4xx_HAL_Driver/Src/stm32l4xx_hal_tim.o
                0x000000000800754c                HAL_TIM_OC_DelayElapsedCallback
 .text.HAL_TIM_IC_CaptureCallback
                0x000000000800754e        0x2 ./Drivers/STM32L4xx_HAL_Driver/Src/stm32l4xx_hal_tim.o
                0x000000000800754e                HAL_TIM_IC_CaptureCallback
 .text.HAL_TIM_PWM_PulseFinishedCallback
                0x0000000008007550        0x2 ./Drivers/STM32L4xx_HAL_Driver/Src/stm32l4xx_hal_tim.o
                0x0000000008007550                HAL_TIM_PWM_PulseFinishedCallback
 .text.HAL_TIM_TriggerCallback
                0x0000000008007552        0x2 ./Drivers/STM32L4xx_HAL_Driver/Src/stm32l4xx_hal_tim.o
                0x0000000008007552                HAL_TIM_TriggerCallback
 .text.HAL_TIM_IRQHandler
                0x0000000008007554      0x160 ./Drivers/STM32L4xx_HAL_Driver/Src/stm32l4xx_hal_tim.o
                0x0000000008007554                HAL_TIM_IRQHandler
 .text.TIM_Base_SetConfig
                0x00000000080076b4       0x74 ./Drivers/STM32L4xx_HAL_Driver/Src/stm32l4xx_hal_tim.o
                0x00000000080076b4                TIM_Base_SetConfig
 .text.HAL_TIM_Base_Init
                0x0000000008007728       0x60 ./Drivers/STM32L4xx_HAL_Driver/Src/stm32l4xx_hal_tim.o
                0x0000000008007728                HAL_TIM_Base_Init
 .text.TIM_ETR_SetConfig
                0x0000000008007788       0x14 ./Drivers/STM32L4xx_HAL_Driver/Src/stm32l4xx_hal_tim.o
                0x0000000008007788                TIM_ETR_SetConfig
 .text.HAL_TIM_ConfigClockSource
                0x000000000800779c      0x138 ./Drivers/STM32L4xx_HAL_Driver/Src/stm32l4xx_hal_tim.o
                0x000000000800779c                HAL_TIM_ConfigClockSource
 .text.HAL_TIMEx_MasterConfigSynchronization
                0x00000000080078d4       0x64 ./Drivers/STM32L4xx_HAL_Driver/Src/stm32l4xx_hal_tim_ex.o
                0x00000000080078d4                HAL_TIMEx_MasterConfigSynchronization
 .text.HAL_TIMEx_CommutCallback
                0x0000000008007938        0x2 ./Drivers/STM32L4xx_HAL_Driver/Src/stm32l4xx_hal_tim_ex.o
                0x0000000008007938                HAL_TIMEx_CommutCallback
 .text.HAL_TIMEx_BreakCallback
                0x000000000800793a        0x2 ./Drivers/STM32L4xx_HAL_Driver/Src/stm32l4xx_hal_tim_ex.o
                0x000000000800793a                HAL_TIMEx_BreakCallback
 .text.HAL_TIMEx_Break2Callback
                0x000000000800793c        0x2 ./Drivers/STM32L4xx_HAL_Driver/Src/stm32l4xx_hal_tim_ex.o
                0x000000000800793c                HAL_TIMEx_Break2Callback
 .text.UART_EndRxTransfer
                0x000000000800793e       0x4e ./Drivers/STM32L4xx_HAL_Driver/Src/stm32l4xx_hal_uart.o
 .text.UART_TxISR_8BIT.part.0
                0x000000000800798c       0x26 ./Drivers/STM32L4xx_HAL_Driver/Src/stm32l4xx_hal_uart.o
 .text.UART_TxISR_8BIT
                0x00000000080079b2       0x2e ./Drivers/STM32L4xx_HAL_Driver/Src/stm32l4xx_hal_uart.o
 .text.UART_TxISR_16BIT
                0x00000000080079e0       0x32 ./Drivers/STM32L4xx_HAL_Driver/Src/stm32l4xx_hal_uart.o
 *fill*         0x0000000008007a12        0x2 
 .text.HAL_UART_Transmit_IT
                0x0000000008007a14       0x6c ./Drivers/STM32L4xx_HAL_Driver/Src/stm32l4xx_hal_uart.o
                0x0000000008007a14                HAL_UART_Transmit_IT
 .text.HAL_UART_ErrorCallback
                0x0000000008007a80        0x2 ./Drivers/STM32L4xx_HAL_Driver/Src/stm32l4xx_hal_uart.o
                0x0000000008007a80                HAL_UART_ErrorCallback
 .text.UART_DMAAbortOnError
                0x0000000008007a82       0x14 ./Drivers/STM32L4xx_HAL_Driver/Src/stm32l4xx_hal_uart.o
 .text.HAL_UARTEx_RxEventCallback
                0x0000000008007a96        0x2 ./Drivers/STM32L4xx_HAL_Driver/Src/stm32l4xx_hal_uart.o
                0x0000000008007a96                HAL_UARTEx_RxEventCallback
 .text.HAL_UART_IRQHandler
                0x0000000008007a98      0x28c ./Drivers/STM32L4xx_HAL_Driver/Src/stm32l4xx_hal_uart.o
                0x0000000008007a98                HAL_UART_IRQHandler
 .text.UART_RxISR_8BIT
                0x0000000008007d24       0xa0 ./Drivers/STM32L4xx_HAL_Driver/Src/stm32l4xx_hal_uart.o
 .text.UART_RxISR_16BIT
                0x0000000008007dc4       0x9a ./Drivers/STM32L4xx_HAL_Driver/Src/stm32l4xx_hal_uart.o
 *fill*         0x0000000008007e5e        0x2 
 .text.UART_SetConfig
                0x0000000008007e60      0x224 ./Drivers/STM32L4xx_HAL_Driver/Src/stm32l4xx_hal_uart.o
                0x0000000008007e60                UART_SetConfig
 .text.UART_AdvFeatureConfig
                0x0000000008008084       0xa8 ./Drivers/STM32L4xx_HAL_Driver/Src/stm32l4xx_hal_uart.o
                0x0000000008008084                UART_AdvFeatureConfig
 .text.UART_WaitOnFlagUntilTimeout
                0x000000000800812c       0xbc ./Drivers/STM32L4xx_HAL_Driver/Src/stm32l4xx_hal_uart.o
                0x000000000800812c                UART_WaitOnFlagUntilTimeout
 .text.UART_CheckIdleState
                0x00000000080081e8       0x66 ./Drivers/STM32L4xx_HAL_Driver/Src/stm32l4xx_hal_uart.o
                0x00000000080081e8                UART_CheckIdleState
 .text.HAL_UART_Init
                0x000000000800824e       0x5c ./Drivers/STM32L4xx_HAL_Driver/Src/stm32l4xx_hal_uart.o
                0x000000000800824e                HAL_UART_Init
 *fill*         0x00000000080082aa        0x2 
 .text.UART_Start_Receive_IT
                0x00000000080082ac       0xc0 ./Drivers/STM32L4xx_HAL_Driver/Src/stm32l4xx_hal_uart.o
                0x00000000080082ac                UART_Start_Receive_IT
 .text.HAL_UART_Receive_IT
                0x000000000800836c       0x50 ./Drivers/STM32L4xx_HAL_Driver/Src/stm32l4xx_hal_uart.o
                0x000000000800836c                HAL_UART_Receive_IT
 .text.HAL_UARTEx_WakeupCallback
                0x00000000080083bc        0x2 ./Drivers/STM32L4xx_HAL_Driver/Src/stm32l4xx_hal_uart_ex.o
                0x00000000080083bc                HAL_UARTEx_WakeupCallback
 .text._ZdlPvj  0x00000000080083be        0x4 c:/st/stm32cubeide_1.11.0/stm32cubeide/plugins/com.st.stm32cube.ide.mcu.externaltools.gnu-tools-for-stm32.10.3-2021.10.win32_1.0.100.202210260954/tools/bin/../lib/gcc/arm-none-eabi/10.3.1/../../../../arm-none-eabi/lib/thumb/v7e-m+fp/hard\libstdc++_nano.a(del_ops.o)
                0x00000000080083be                operator delete(void*, unsigned int)
 .text._ZdlPv   0x00000000080083c2        0x4 c:/st/stm32cubeide_1.11.0/stm32cubeide/plugins/com.st.stm32cube.ide.mcu.externaltools.gnu-tools-for-stm32.10.3-2021.10.win32_1.0.100.202210260954/tools/bin/../lib/gcc/arm-none-eabi/10.3.1/../../../../arm-none-eabi/lib/thumb/v7e-m+fp/hard\libstdc++_nano.a(del_op.o)
                0x00000000080083c2                operator delete(void*)
 *fill*         0x00000000080083c6        0x2 
 .text.__errno  0x00000000080083c8        0xc c:/st/stm32cubeide_1.11.0/stm32cubeide/plugins/com.st.stm32cube.ide.mcu.externaltools.gnu-tools-for-stm32.10.3-2021.10.win32_1.0.100.202210260954/tools/bin/../lib/gcc/arm-none-eabi/10.3.1/../../../../arm-none-eabi/lib/thumb/v7e-m+fp/hard\libc_nano.a(lib_a-errno.o)
                0x00000000080083c8                __errno
 .text.__libc_init_array
                0x00000000080083d4       0x48 c:/st/stm32cubeide_1.11.0/stm32cubeide/plugins/com.st.stm32cube.ide.mcu.externaltools.gnu-tools-for-stm32.10.3-2021.10.win32_1.0.100.202210260954/tools/bin/../lib/gcc/arm-none-eabi/10.3.1/../../../../arm-none-eabi/lib/thumb/v7e-m+fp/hard\libc_nano.a(lib_a-init.o)
                0x00000000080083d4                __libc_init_array
 .text.free     0x000000000800841c       0x10 c:/st/stm32cubeide_1.11.0/stm32cubeide/plugins/com.st.stm32cube.ide.mcu.externaltools.gnu-tools-for-stm32.10.3-2021.10.win32_1.0.100.202210260954/tools/bin/../lib/gcc/arm-none-eabi/10.3.1/../../../../arm-none-eabi/lib/thumb/v7e-m+fp/hard\libc_nano.a(lib_a-malloc.o)
                0x000000000800841c                free
 .text.memcpy   0x000000000800842c       0x1c c:/st/stm32cubeide_1.11.0/stm32cubeide/plugins/com.st.stm32cube.ide.mcu.externaltools.gnu-tools-for-stm32.10.3-2021.10.win32_1.0.100.202210260954/tools/bin/../lib/gcc/arm-none-eabi/10.3.1/../../../../arm-none-eabi/lib/thumb/v7e-m+fp/hard\libc_nano.a(lib_a-memcpy-stub.o)
                0x000000000800842c                memcpy
 .text.memset   0x0000000008008448       0x10 c:/st/stm32cubeide_1.11.0/stm32cubeide/plugins/com.st.stm32cube.ide.mcu.externaltools.gnu-tools-for-stm32.10.3-2021.10.win32_1.0.100.202210260954/tools/bin/../lib/gcc/arm-none-eabi/10.3.1/../../../../arm-none-eabi/lib/thumb/v7e-m+fp/hard\libc_nano.a(lib_a-memset.o)
                0x0000000008008448                memset
 .text._free_r  0x0000000008008458       0x98 c:/st/stm32cubeide_1.11.0/stm32cubeide/plugins/com.st.stm32cube.ide.mcu.externaltools.gnu-tools-for-stm32.10.3-2021.10.win32_1.0.100.202210260954/tools/bin/../lib/gcc/arm-none-eabi/10.3.1/../../../../arm-none-eabi/lib/thumb/v7e-m+fp/hard\libc_nano.a(lib_a-nano-freer.o)
                0x0000000008008458                _free_r
 .text.sbrk_aligned
                0x00000000080084f0       0x40 c:/st/stm32cubeide_1.11.0/stm32cubeide/plugins/com.st.stm32cube.ide.mcu.externaltools.gnu-tools-for-stm32.10.3-2021.10.win32_1.0.100.202210260954/tools/bin/../lib/gcc/arm-none-eabi/10.3.1/../../../../arm-none-eabi/lib/thumb/v7e-m+fp/hard\libc_nano.a(lib_a-nano-mallocr.o)
 .text._malloc_r
                0x0000000008008530       0xe8 c:/st/stm32cubeide_1.11.0/stm32cubeide/plugins/com.st.stm32cube.ide.mcu.externaltools.gnu-tools-for-stm32.10.3-2021.10.win32_1.0.100.202210260954/tools/bin/../lib/gcc/arm-none-eabi/10.3.1/../../../../arm-none-eabi/lib/thumb/v7e-m+fp/hard\libc_nano.a(lib_a-nano-mallocr.o)
                0x0000000008008530                _malloc_r
 .text._sbrk_r  0x0000000008008618       0x20 c:/st/stm32cubeide_1.11.0/stm32cubeide/plugins/com.st.stm32cube.ide.mcu.externaltools.gnu-tools-for-stm32.10.3-2021.10.win32_1.0.100.202210260954/tools/bin/../lib/gcc/arm-none-eabi/10.3.1/../../../../arm-none-eabi/lib/thumb/v7e-m+fp/hard\libc_nano.a(lib_a-sbrkr.o)
                0x0000000008008618                _sbrk_r
 .text.sprintf  0x0000000008008638       0x40 c:/st/stm32cubeide_1.11.0/stm32cubeide/plugins/com.st.stm32cube.ide.mcu.externaltools.gnu-tools-for-stm32.10.3-2021.10.win32_1.0.100.202210260954/tools/bin/../lib/gcc/arm-none-eabi/10.3.1/../../../../arm-none-eabi/lib/thumb/v7e-m+fp/hard\libc_nano.a(lib_a-sprintf.o)
                0x0000000008008638                siprintf
                0x0000000008008638                sprintf
 .text.__malloc_lock
                0x0000000008008678        0xc c:/st/stm32cubeide_1.11.0/stm32cubeide/plugins/com.st.stm32cube.ide.mcu.externaltools.gnu-tools-for-stm32.10.3-2021.10.win32_1.0.100.202210260954/tools/bin/../lib/gcc/arm-none-eabi/10.3.1/../../../../arm-none-eabi/lib/thumb/v7e-m+fp/hard\libc_nano.a(lib_a-mlock.o)
                0x0000000008008678                __malloc_lock
 .text.__malloc_unlock
                0x0000000008008684        0xc c:/st/stm32cubeide_1.11.0/stm32cubeide/plugins/com.st.stm32cube.ide.mcu.externaltools.gnu-tools-for-stm32.10.3-2021.10.win32_1.0.100.202210260954/tools/bin/../lib/gcc/arm-none-eabi/10.3.1/../../../../arm-none-eabi/lib/thumb/v7e-m+fp/hard\libc_nano.a(lib_a-mlock.o)
                0x0000000008008684                __malloc_unlock
 .text.__ssputs_r
                0x0000000008008690       0xb6 c:/st/stm32cubeide_1.11.0/stm32cubeide/plugins/com.st.stm32cube.ide.mcu.externaltools.gnu-tools-for-stm32.10.3-2021.10.win32_1.0.100.202210260954/tools/bin/../lib/gcc/arm-none-eabi/10.3.1/../../../../arm-none-eabi/lib/thumb/v7e-m+fp/hard\libc_nano.a(lib_a-nano-svfprintf.o)
                0x0000000008008690                __ssputs_r
 *fill*         0x0000000008008746        0x2 
 .text._svfprintf_r
                0x0000000008008748      0x200 c:/st/stm32cubeide_1.11.0/stm32cubeide/plugins/com.st.stm32cube.ide.mcu.externaltools.gnu-tools-for-stm32.10.3-2021.10.win32_1.0.100.202210260954/tools/bin/../lib/gcc/arm-none-eabi/10.3.1/../../../../arm-none-eabi/lib/thumb/v7e-m+fp/hard\libc_nano.a(lib_a-nano-svfprintf.o)
                0x0000000008008748                _svfiprintf_r
                0x0000000008008748                _svfprintf_r
 .text._printf_common
                0x0000000008008948       0xda c:/st/stm32cubeide_1.11.0/stm32cubeide/plugins/com.st.stm32cube.ide.mcu.externaltools.gnu-tools-for-stm32.10.3-2021.10.win32_1.0.100.202210260954/tools/bin/../lib/gcc/arm-none-eabi/10.3.1/../../../../arm-none-eabi/lib/thumb/v7e-m+fp/hard\libc_nano.a(lib_a-nano-vfprintf_i.o)
                0x0000000008008948                _printf_common
 *fill*         0x0000000008008a22        0x2 
 .text._printf_i
                0x0000000008008a24      0x24c c:/st/stm32cubeide_1.11.0/stm32cubeide/plugins/com.st.stm32cube.ide.mcu.externaltools.gnu-tools-for-stm32.10.3-2021.10.win32_1.0.100.202210260954/tools/bin/../lib/gcc/arm-none-eabi/10.3.1/../../../../arm-none-eabi/lib/thumb/v7e-m+fp/hard\libc_nano.a(lib_a-nano-vfprintf_i.o)
                0x0000000008008a24                _printf_i
 .text.__retarget_lock_acquire_recursive
                0x0000000008008c70        0x2 c:/st/stm32cubeide_1.11.0/stm32cubeide/plugins/com.st.stm32cube.ide.mcu.externaltools.gnu-tools-for-stm32.10.3-2021.10.win32_1.0.100.202210260954/tools/bin/../lib/gcc/arm-none-eabi/10.3.1/../../../../arm-none-eabi/lib/thumb/v7e-m+fp/hard\libc_nano.a(lib_a-lock.o)
                0x0000000008008c70                __retarget_lock_acquire_recursive
 .text.__retarget_lock_release_recursive
                0x0000000008008c72        0x2 c:/st/stm32cubeide_1.11.0/stm32cubeide/plugins/com.st.stm32cube.ide.mcu.externaltools.gnu-tools-for-stm32.10.3-2021.10.win32_1.0.100.202210260954/tools/bin/../lib/gcc/arm-none-eabi/10.3.1/../../../../arm-none-eabi/lib/thumb/v7e-m+fp/hard\libc_nano.a(lib_a-lock.o)
                0x0000000008008c72                __retarget_lock_release_recursive
 .text.memmove  0x0000000008008c74       0x34 c:/st/stm32cubeide_1.11.0/stm32cubeide/plugins/com.st.stm32cube.ide.mcu.externaltools.gnu-tools-for-stm32.10.3-2021.10.win32_1.0.100.202210260954/tools/bin/../lib/gcc/arm-none-eabi/10.3.1/../../../../arm-none-eabi/lib/thumb/v7e-m+fp/hard\libc_nano.a(lib_a-memmove.o)
                0x0000000008008c74                memmove
 .text._realloc_r
                0x0000000008008ca8       0x5e c:/st/stm32cubeide_1.11.0/stm32cubeide/plugins/com.st.stm32cube.ide.mcu.externaltools.gnu-tools-for-stm32.10.3-2021.10.win32_1.0.100.202210260954/tools/bin/../lib/gcc/arm-none-eabi/10.3.1/../../../../arm-none-eabi/lib/thumb/v7e-m+fp/hard\libc_nano.a(lib_a-nano-reallocr.o)
                0x0000000008008ca8                _realloc_r
 .text._malloc_usable_size_r
                0x0000000008008d06       0x10 c:/st/stm32cubeide_1.11.0/stm32cubeide/plugins/com.st.stm32cube.ide.mcu.externaltools.gnu-tools-for-stm32.10.3-2021.10.win32_1.0.100.202210260954/tools/bin/../lib/gcc/arm-none-eabi/10.3.1/../../../../arm-none-eabi/lib/thumb/v7e-m+fp/hard\libc_nano.a(lib_a-nano-msizer.o)
                0x0000000008008d06                _malloc_usable_size_r
 *(.glue_7)
 .glue_7        0x0000000008008d16        0x0 linker stubs
 *(.glue_7t)
 .glue_7t       0x0000000008008d16        0x0 linker stubs
 *(.eh_frame)
 *fill*         0x0000000008008d16        0x2 
 .eh_frame      0x0000000008008d18        0x0 c:/st/stm32cubeide_1.11.0/stm32cubeide/plugins/com.st.stm32cube.ide.mcu.externaltools.gnu-tools-for-stm32.10.3-2021.10.win32_1.0.100.202210260954/tools/bin/../lib/gcc/arm-none-eabi/10.3.1/thumb/v7e-m+fp/hard/crtbegin.o
 *(.init)
 .init          0x0000000008008d18        0x4 c:/st/stm32cubeide_1.11.0/stm32cubeide/plugins/com.st.stm32cube.ide.mcu.externaltools.gnu-tools-for-stm32.10.3-2021.10.win32_1.0.100.202210260954/tools/bin/../lib/gcc/arm-none-eabi/10.3.1/thumb/v7e-m+fp/hard/crti.o
                0x0000000008008d18                _init
 .init          0x0000000008008d1c        0x8 c:/st/stm32cubeide_1.11.0/stm32cubeide/plugins/com.st.stm32cube.ide.mcu.externaltools.gnu-tools-for-stm32.10.3-2021.10.win32_1.0.100.202210260954/tools/bin/../lib/gcc/arm-none-eabi/10.3.1/thumb/v7e-m+fp/hard/crtn.o
 *(.fini)
 .fini          0x0000000008008d24        0x4 c:/st/stm32cubeide_1.11.0/stm32cubeide/plugins/com.st.stm32cube.ide.mcu.externaltools.gnu-tools-for-stm32.10.3-2021.10.win32_1.0.100.202210260954/tools/bin/../lib/gcc/arm-none-eabi/10.3.1/thumb/v7e-m+fp/hard/crti.o
                0x0000000008008d24                _fini
 .fini          0x0000000008008d28        0x8 c:/st/stm32cubeide_1.11.0/stm32cubeide/plugins/com.st.stm32cube.ide.mcu.externaltools.gnu-tools-for-stm32.10.3-2021.10.win32_1.0.100.202210260954/tools/bin/../lib/gcc/arm-none-eabi/10.3.1/thumb/v7e-m+fp/hard/crtn.o
                0x0000000008008d30                . = ALIGN (0x4)
                0x0000000008008d30                _etext = .

.vfp11_veneer   0x0000000008008d30        0x0
 .vfp11_veneer  0x0000000008008d30        0x0 linker stubs

.v4_bx          0x0000000008008d30        0x0
 .v4_bx         0x0000000008008d30        0x0 linker stubs

.iplt           0x0000000008008d30        0x0
 .iplt          0x0000000008008d30        0x0 c:/st/stm32cubeide_1.11.0/stm32cubeide/plugins/com.st.stm32cube.ide.mcu.externaltools.gnu-tools-for-stm32.10.3-2021.10.win32_1.0.100.202210260954/tools/bin/../lib/gcc/arm-none-eabi/10.3.1/thumb/v7e-m+fp/hard/crtbegin.o

.rodata         0x0000000008008d30      0x4b0
                0x0000000008008d30                . = ALIGN (0x4)
 *(.rodata)
 .rodata        0x0000000008008d30       0x3a ./Core/srccpp/DisplayCPP/DisplayRoutine.o
 .rodata        0x0000000008008d6a        0xf ./Core/srccpp/DisplayCPP/GLCD.o
 .rodata        0x0000000008008d79      0x200 ./Core/srccpp/Modbus/Modbusrtu.o
 .rodata        0x0000000008008f79       0x40 ./Core/srccpp/WifiEsp8266/ESP8266.o
 *(.rodata*)
 .rodata.AHBPrescTable
                0x0000000008008fb9       0x10 ./Core/Src/system_stm32l4xx.o
                0x0000000008008fb9                AHBPrescTable
 .rodata.APBPrescTable
                0x0000000008008fc9        0x8 ./Core/Src/system_stm32l4xx.o
                0x0000000008008fc9                APBPrescTable
 *fill*         0x0000000008008fd1        0x3 
 .rodata.MSIRangeTable
                0x0000000008008fd4       0x30 ./Core/Src/system_stm32l4xx.o
                0x0000000008008fd4                MSIRangeTable
 .rodata._ZTV6common
                0x0000000008009004       0x10 ./Core/srccpp/Common/common.o
                0x0000000008009004                vtable for common
 .rodata._ZN14DisplayRoutineC2Ev.str1.1
                0x0000000008009014        0x4 ./Core/srccpp/DisplayCPP/DisplayRoutine.o
 .rodata._ZTV14DisplayRoutine
                0x0000000008009018       0x10 ./Core/srccpp/DisplayCPP/DisplayRoutine.o
                0x0000000008009018                vtable for DisplayRoutine
 .rodata._ZTV4GLCD
                0x0000000008009028       0x10 ./Core/srccpp/DisplayCPP/GLCD.o
                0x0000000008009028                vtable for GLCD
 .rodata._ZTV10W5500Class
                0x0000000008009038       0x10 ./Core/srccpp/Ethernet/W5500.o
                0x0000000008009038                vtable for W5500Class
 .rodata._ZTV9LpdcLogic
                0x0000000008009048       0x10 ./Core/srccpp/LpdcLogic/LpdcLogic.o
                0x0000000008009048                vtable for LpdcLogic
 .rodata._ZTV9Modbusrtu
                0x0000000008009058       0x10 ./Core/srccpp/Modbus/Modbusrtu.o
                0x0000000008009058                vtable for Modbusrtu
 .rodata._ZN14OfflineStorage3runEv.str1.1
                0x0000000008009068       0x4a ./Core/srccpp/OfflineStorage/OfflineStorage.o
 *fill*         0x00000000080090b2        0x2 
 .rodata._ZTV14OfflineStorage
                0x00000000080090b4       0x10 ./Core/srccpp/OfflineStorage/OfflineStorage.o
                0x00000000080090b4                vtable for OfflineStorage
 .rodata._ZTV5SHIFT
                0x00000000080090c4       0x10 ./Core/srccpp/Shift/SHIFT.o
                0x00000000080090c4                vtable for SHIFT
 .rodata._ZN7ESP8266C2Ev.str1.1
                0x00000000080090d4       0x10 ./Core/srccpp/WifiEsp8266/ESP8266.o
 .rodata._ZN7ESP826612Send_WifiCmdEv.str1.1
                0x00000000080090e4       0xa7 ./Core/srccpp/WifiEsp8266/ESP8266.o
 .rodata._ZN7ESP82664InitEv.str1.1
                0x000000000800918b       0x4a ./Core/srccpp/WifiEsp8266/ESP8266.o
 *fill*         0x000000000800918b        0x1 
 .rodata._ZTV7ESP8266
                0x000000000800918c       0x10 ./Core/srccpp/WifiEsp8266/ESP8266.o
                0x000000000800918c                vtable for ESP8266
 .rodata.CSWTCH.53
                0x000000000800919c        0x3 ./Drivers/STM32L4xx_HAL_Driver/Src/stm32l4xx_hal_uart.o
 .rodata.CSWTCH.54
                0x000000000800919f        0xd ./Drivers/STM32L4xx_HAL_Driver/Src/stm32l4xx_hal_uart.o
 .rodata._svfprintf_r.str1.1
                0x00000000080091ac       0x11 c:/st/stm32cubeide_1.11.0/stm32cubeide/plugins/com.st.stm32cube.ide.mcu.externaltools.gnu-tools-for-stm32.10.3-2021.10.win32_1.0.100.202210260954/tools/bin/../lib/gcc/arm-none-eabi/10.3.1/../../../../arm-none-eabi/lib/thumb/v7e-m+fp/hard\libc_nano.a(lib_a-nano-svfprintf.o)
 .rodata._printf_i.str1.1
                0x00000000080091bd       0x22 c:/st/stm32cubeide_1.11.0/stm32cubeide/plugins/com.st.stm32cube.ide.mcu.externaltools.gnu-tools-for-stm32.10.3-2021.10.win32_1.0.100.202210260954/tools/bin/../lib/gcc/arm-none-eabi/10.3.1/../../../../arm-none-eabi/lib/thumb/v7e-m+fp/hard\libc_nano.a(lib_a-nano-vfprintf_i.o)
                0x00000000080091e0                . = ALIGN (0x4)
 *fill*         0x00000000080091df        0x1 

.ARM.extab      0x00000000080091e0        0x0
                0x00000000080091e0                . = ALIGN (0x4)
 *(.ARM.extab* .gnu.linkonce.armextab.*)
                0x00000000080091e0                . = ALIGN (0x4)

.ARM            0x00000000080091e0        0x8
                0x00000000080091e0                . = ALIGN (0x4)
                0x00000000080091e0                __exidx_start = .
 *(.ARM.exidx*)
 .ARM.exidx     0x00000000080091e0        0x8 c:/st/stm32cubeide_1.11.0/stm32cubeide/plugins/com.st.stm32cube.ide.mcu.externaltools.gnu-tools-for-stm32.10.3-2021.10.win32_1.0.100.202210260954/tools/bin/../lib/gcc/arm-none-eabi/10.3.1/thumb/v7e-m+fp/hard\libgcc.a(_udivmoddi4.o)
                0x00000000080091e8                __exidx_end = .
                0x00000000080091e8                . = ALIGN (0x4)

.rel.dyn        0x00000000080091e8        0x0
 .rel.iplt      0x00000000080091e8        0x0 c:/st/stm32cubeide_1.11.0/stm32cubeide/plugins/com.st.stm32cube.ide.mcu.externaltools.gnu-tools-for-stm32.10.3-2021.10.win32_1.0.100.202210260954/tools/bin/../lib/gcc/arm-none-eabi/10.3.1/thumb/v7e-m+fp/hard/crtbegin.o

.preinit_array  0x00000000080091e8        0x0
                0x00000000080091e8                . = ALIGN (0x4)
                0x00000000080091e8                PROVIDE (__preinit_array_start = .)
 *(.preinit_array*)
                0x00000000080091e8                PROVIDE (__preinit_array_end = .)
                0x00000000080091e8                . = ALIGN (0x4)

.init_array     0x00000000080091e8        0x8
                0x00000000080091e8                . = ALIGN (0x4)
                0x00000000080091e8                PROVIDE (__init_array_start = .)
 *(SORT_BY_NAME(.init_array.*))
 *(.init_array*)
 .init_array    0x00000000080091e8        0x4 c:/st/stm32cubeide_1.11.0/stm32cubeide/plugins/com.st.stm32cube.ide.mcu.externaltools.gnu-tools-for-stm32.10.3-2021.10.win32_1.0.100.202210260954/tools/bin/../lib/gcc/arm-none-eabi/10.3.1/thumb/v7e-m+fp/hard/crtbegin.o
 .init_array    0x00000000080091ec        0x4 ./Core/srccpp/Ethernet/W5500.o
                0x00000000080091f0                PROVIDE (__init_array_end = .)
                0x00000000080091f0                . = ALIGN (0x4)

.fini_array     0x00000000080091f0        0x4
                0x00000000080091f0                . = ALIGN (0x4)
                [!provide]                        PROVIDE (__fini_array_start = .)
 *(SORT_BY_NAME(.fini_array.*))
 *(.fini_array*)
 .fini_array    0x00000000080091f0        0x4 c:/st/stm32cubeide_1.11.0/stm32cubeide/plugins/com.st.stm32cube.ide.mcu.externaltools.gnu-tools-for-stm32.10.3-2021.10.win32_1.0.100.202210260954/tools/bin/../lib/gcc/arm-none-eabi/10.3.1/thumb/v7e-m+fp/hard/crtbegin.o
                [!provide]                        PROVIDE (__fini_array_end = .)
                0x00000000080091f4                . = ALIGN (0x4)
                0x00000000080091f4                _sidata = LOADADDR (.data)

.data           0x0000000020000000       0x70 load address 0x00000000080091f4
                0x0000000020000000                . = ALIGN (0x4)
                0x0000000020000000                _sdata = .
 *(.data)
 *(.data*)
 .data.SystemCoreClock
                0x0000000020000000        0x4 ./Core/Src/system_stm32l4xx.o
                0x0000000020000000                SystemCoreClock
 .data.uwTickFreq
                0x0000000020000004        0x1 ./Drivers/STM32L4xx_HAL_Driver/Src/stm32l4xx_hal.o
                0x0000000020000004                uwTickFreq
 *fill*         0x0000000020000005        0x3 
 .data.uwTickPrio
                0x0000000020000008        0x4 ./Drivers/STM32L4xx_HAL_Driver/Src/stm32l4xx_hal.o
                0x0000000020000008                uwTickPrio
 .data._impure_ptr
                0x000000002000000c        0x4 c:/st/stm32cubeide_1.11.0/stm32cubeide/plugins/com.st.stm32cube.ide.mcu.externaltools.gnu-tools-for-stm32.10.3-2021.10.win32_1.0.100.202210260954/tools/bin/../lib/gcc/arm-none-eabi/10.3.1/../../../../arm-none-eabi/lib/thumb/v7e-m+fp/hard\libc_nano.a(lib_a-impure.o)
                0x000000002000000c                _impure_ptr
 .data.impure_data
                0x0000000020000010       0x60 c:/st/stm32cubeide_1.11.0/stm32cubeide/plugins/com.st.stm32cube.ide.mcu.externaltools.gnu-tools-for-stm32.10.3-2021.10.win32_1.0.100.202210260954/tools/bin/../lib/gcc/arm-none-eabi/10.3.1/../../../../arm-none-eabi/lib/thumb/v7e-m+fp/hard\libc_nano.a(lib_a-impure.o)
 *(.RamFunc)
 *(.RamFunc*)
                0x0000000020000070                . = ALIGN (0x4)
                0x0000000020000070                _edata = .

.igot.plt       0x0000000020000070        0x0 load address 0x0000000008009264
 .igot.plt      0x0000000020000070        0x0 c:/st/stm32cubeide_1.11.0/stm32cubeide/plugins/com.st.stm32cube.ide.mcu.externaltools.gnu-tools-for-stm32.10.3-2021.10.win32_1.0.100.202210260954/tools/bin/../lib/gcc/arm-none-eabi/10.3.1/thumb/v7e-m+fp/hard/crtbegin.o
                0x0000000020000070                . = ALIGN (0x4)

.bss            0x0000000020000070      0xc60 load address 0x0000000008009264
                0x0000000020000070                _sbss = .
                0x0000000020000070                __bss_start__ = _sbss
 *(.bss)
 .bss           0x0000000020000070       0x1c c:/st/stm32cubeide_1.11.0/stm32cubeide/plugins/com.st.stm32cube.ide.mcu.externaltools.gnu-tools-for-stm32.10.3-2021.10.win32_1.0.100.202210260954/tools/bin/../lib/gcc/arm-none-eabi/10.3.1/thumb/v7e-m+fp/hard/crtbegin.o
 *(.bss*)
 .bss.Data_bufferptr
                0x000000002000008c        0x1 ./Core/Src/ESP8266/esp8266_rx.o
                0x000000002000008c                Data_bufferptr
 .bss.Err_bufferptr
                0x000000002000008d        0x1 ./Core/Src/ESP8266/esp8266_rx.o
                0x000000002000008d                Err_bufferptr
 .bss.Error_Close
                0x000000002000008e        0x1 ./Core/Src/ESP8266/esp8266_rx.o
                0x000000002000008e                Error_Close
 .bss.Error_Retry.0
                0x000000002000008f        0x1 ./Core/Src/ESP8266/esp8266_rx.o
 .bss.RxCompleteU2C1WIFI
                0x0000000020000090        0x1 ./Core/Src/ESP8266/esp8266_rx.o
                0x0000000020000090                RxCompleteU2C1WIFI
 .bss.SWCurrentShift
                0x0000000020000091        0x1 ./Core/Src/ESP8266/esp8266_rx.o
                0x0000000020000091                SWCurrentShift
 .bss.SW_Date   0x0000000020000092        0x1 ./Core/Src/ESP8266/esp8266_rx.o
                0x0000000020000092                SW_Date
 .bss.SW_Hour   0x0000000020000093        0x1 ./Core/Src/ESP8266/esp8266_rx.o
                0x0000000020000093                SW_Hour
 .bss.SW_Minute
                0x0000000020000094        0x1 ./Core/Src/ESP8266/esp8266_rx.o
                0x0000000020000094                SW_Minute
 .bss.SW_Month  0x0000000020000095        0x1 ./Core/Src/ESP8266/esp8266_rx.o
                0x0000000020000095                SW_Month
 .bss.SW_Year   0x0000000020000096        0x1 ./Core/Src/ESP8266/esp8266_rx.o
                0x0000000020000096                SW_Year
 .bss.Uart_rx_buffer
                0x0000000020000097       0x46 ./Core/Src/ESP8266/esp8266_rx.o
                0x0000000020000097                Uart_rx_buffer
 .bss.Updatetimeinfo
                0x00000000200000dd        0x1 ./Core/Src/ESP8266/esp8266_rx.o
                0x00000000200000dd                Updatetimeinfo
 .bss.Valid_DataWifi1
                0x00000000200000de        0x1 ./Core/Src/ESP8266/esp8266_rx.o
                0x00000000200000de                Valid_DataWifi1
 .bss.WifiDisplay
                0x00000000200000df        0x1 ./Core/Src/ESP8266/esp8266_rx.o
                0x00000000200000df                WifiDisplay
 .bss.productChangeOL
                0x00000000200000e0        0x1 ./Core/Src/ESP8266/esp8266_rx.o
                0x00000000200000e0                productChangeOL
 .bss.productionhysNegSetOL
                0x00000000200000e1        0x1 ./Core/Src/ESP8266/esp8266_rx.o
                0x00000000200000e1                productionhysNegSetOL
 .bss.productionhysPosSetOL
                0x00000000200000e2        0x1 ./Core/Src/ESP8266/esp8266_rx.o
                0x00000000200000e2                productionhysPosSetOL
 *fill*         0x00000000200000e3        0x1 
 .bss.productiontimeSetOL
                0x00000000200000e4        0x2 ./Core/Src/ESP8266/esp8266_rx.o
                0x00000000200000e4                productiontimeSetOL
 .bss.temperatureLowSetOL
                0x00000000200000e6        0x2 ./Core/Src/ESP8266/esp8266_rx.o
                0x00000000200000e6                temperatureLowSetOL
 .bss.temperatureSetOL
                0x00000000200000e8        0x2 ./Core/Src/ESP8266/esp8266_rx.o
                0x00000000200000e8                temperatureSetOL
 .bss.temperaturehighSetOL
                0x00000000200000ea        0x2 ./Core/Src/ESP8266/esp8266_rx.o
                0x00000000200000ea                temperaturehighSetOL
 .bss.Flag100milliSeconds
                0x00000000200000ec        0x1 ./Core/Src/TimerIntHandler.o
                0x00000000200000ec                Flag100milliSeconds
 .bss.Flag1MS   0x00000000200000ed        0x1 ./Core/Src/TimerIntHandler.o
                0x00000000200000ed                Flag1MS
 .bss.Flag1Second
                0x00000000200000ee        0x1 ./Core/Src/TimerIntHandler.o
                0x00000000200000ee                Flag1Second
 .bss.LocCount1S
                0x00000000200000ef        0x1 ./Core/Src/TimerIntHandler.o
                0x00000000200000ef                LocCount1S
 .bss.SimCount  0x00000000200000f0        0x1 ./Core/Src/TimerIntHandler.o
                0x00000000200000f0                SimCount
 *fill*         0x00000000200000f1        0x1 
 .bss.Connector_Temperature
                0x00000000200000f2        0x2 ./Core/Src/UARTTxRxHandle.o
                0x00000000200000f2                Connector_Temperature
 .bss.Dye_Temperature
                0x00000000200000f4        0x2 ./Core/Src/UARTTxRxHandle.o
                0x00000000200000f4                Dye_Temperature
 .bss.checkbuff
                0x00000000200000f6       0xc8 ./Core/Src/UARTTxRxHandle.o
                0x00000000200000f6                checkbuff
 .bss.refinc    0x00000000200001be        0x1 ./Core/Src/UARTTxRxHandle.o
                0x00000000200001be                refinc
 *fill*         0x00000000200001bf        0x1 
 .bss.hi2c1     0x00000000200001c0       0x54 ./Core/Src/main.o
                0x00000000200001c0                hi2c1
 .bss.hlpuart1  0x0000000020000214       0x84 ./Core/Src/main.o
                0x0000000020000214                hlpuart1
 .bss.hspi1     0x0000000020000298       0x64 ./Core/Src/main.o
                0x0000000020000298                hspi1
 .bss.hspi2     0x00000000200002fc       0x64 ./Core/Src/main.o
                0x00000000200002fc                hspi2
 .bss.htim1     0x0000000020000360       0x4c ./Core/Src/main.o
                0x0000000020000360                htim1
 .bss.htim6     0x00000000200003ac       0x4c ./Core/Src/main.o
                0x00000000200003ac                htim6
 .bss.htim7     0x00000000200003f8       0x4c ./Core/Src/main.o
                0x00000000200003f8                htim7
 .bss.huart1    0x0000000020000444       0x84 ./Core/Src/main.o
                0x0000000020000444                huart1
 .bss.huart2    0x00000000200004c8       0x84 ./Core/Src/main.o
                0x00000000200004c8                huart2
 .bss.rxTempBuff
                0x000000002000054c        0x5 ./Core/Src/main.o
                0x000000002000054c                rxTempBuff
 *fill*         0x0000000020000551        0x3 
 .bss.__sbrk_heap_end
                0x0000000020000554        0x4 ./Core/Src/sysmem.o
 .bss.w25qxx    0x0000000020000558       0x28 ./Core/Src/W25Q64/w25qxx.o
                0x0000000020000558                w25qxx
 .bss.w5500     0x0000000020000580        0x4 ./Core/srccpp/Ethernet/W5500.o
                0x0000000020000580                w5500
 .bss.CurrentShift_K1
                0x0000000020000584        0x1 ./Core/srccpp/LpdcLogic/LpdcLogic.o
                0x0000000020000584                CurrentShift_K1
 .bss.GPIO_PinStateMac
                0x0000000020000585        0x1 ./Core/srccpp/LpdcLogic/LpdcLogic.o
                0x0000000020000585                GPIO_PinStateMac
 .bss.GPIO_PinStateRej
                0x0000000020000586        0x1 ./Core/srccpp/LpdcLogic/LpdcLogic.o
                0x0000000020000586                GPIO_PinStateRej
 *fill*         0x0000000020000587        0x1 
 .bss.MAC_A_Prod_Input1_CountBase
                0x0000000020000588        0x2 ./Core/srccpp/LpdcLogic/LpdcLogic.o
                0x0000000020000588                MAC_A_Prod_Input1_CountBase
 .bss.MAC_A_Prod_Input1_StartTimer
                0x000000002000058a        0x1 ./Core/srccpp/LpdcLogic/LpdcLogic.o
                0x000000002000058a                MAC_A_Prod_Input1_StartTimer
 *fill*         0x000000002000058b        0x1 
 .bss.MAC_Gen_Prod_Input1_Production
                0x000000002000058c        0x2 ./Core/srccpp/LpdcLogic/LpdcLogic.o
                0x000000002000058c                MAC_Gen_Prod_Input1_Production
 .bss.MAC_Gen_Rej_Input_Production
                0x000000002000058e        0x2 ./Core/srccpp/LpdcLogic/LpdcLogic.o
                0x000000002000058e                MAC_Gen_Rej_Input_Production
 .bss.Manual_RejectionCount
                0x0000000020000590        0x2 ./Core/srccpp/LpdcLogic/LpdcLogic.o
                0x0000000020000590                Manual_RejectionCount
 .bss.Production_Zeit
                0x0000000020000592        0x2 ./Core/srccpp/LpdcLogic/LpdcLogic.o
                0x0000000020000592                Production_Zeit
 .bss.Rejection_Zeit
                0x0000000020000594        0x2 ./Core/srccpp/LpdcLogic/LpdcLogic.o
                0x0000000020000594                Rejection_Zeit
 .bss.TxSeqComplete
                0x0000000020000596        0x1 ./Core/srccpp/Modbus/Modbusrtu.o
                0x0000000020000596                TxSeqComplete
 .bss.u8rxbuf   0x0000000020000597       0xff ./Core/srccpp/Modbus/Modbusrtu.o
                0x0000000020000597                u8rxbuf
 .bss.BlockStatusOffline
                0x0000000020000696       0x28 ./Core/srccpp/OfflineStorage/OfflineStorage.o
                0x0000000020000696                BlockStatusOffline
 .bss.MAC_Gen_Prod_Input1_Production_K1
                0x00000000200006be        0x2 ./Core/srccpp/OfflineStorage/OfflineStorage.o
                0x00000000200006be                MAC_Gen_Prod_Input1_Production_K1
 .bss.MAC_Gen_Rej_Input_Production_K1
                0x00000000200006c0        0x2 ./Core/srccpp/OfflineStorage/OfflineStorage.o
                0x00000000200006c0                MAC_Gen_Rej_Input_Production_K1
 .bss.Manual_RejectionCount_K1
                0x00000000200006c2        0x2 ./Core/srccpp/OfflineStorage/OfflineStorage.o
                0x00000000200006c2                Manual_RejectionCount_K1
 .bss.ProductionSet_charFormat
                0x00000000200006c4       0x64 ./Core/srccpp/OfflineStorage/OfflineStorage.o
                0x00000000200006c4                ProductionSet_charFormat
 .bss.ProductionSet_uintFormat
                0x0000000020000728       0x64 ./Core/srccpp/OfflineStorage/OfflineStorage.o
                0x0000000020000728                ProductionSet_uintFormat
 .bss.SectorPos
                0x000000002000078c        0x2 ./Core/srccpp/OfflineStorage/OfflineStorage.o
                0x000000002000078c                SectorPos
 .bss.CurrentShift
                0x000000002000078e        0x1 ./Core/srccpp/Shift/SHIFT.o
                0x000000002000078e                CurrentShift
 .bss.UpdateShiftInfo
                0x000000002000078f        0x1 ./Core/srccpp/Shift/SHIFT.o
                0x000000002000078f                UpdateShiftInfo
 .bss.Wdate_Rtc
                0x0000000020000790        0x1 ./Core/srccpp/Shift/SHIFT.o
                0x0000000020000790                Wdate_Rtc
 .bss.date_Rtc  0x0000000020000791        0x1 ./Core/srccpp/Shift/SHIFT.o
                0x0000000020000791                date_Rtc
 .bss.hour_t    0x0000000020000792        0x1 ./Core/srccpp/Shift/SHIFT.o
                0x0000000020000792                hour_t
 .bss.min_t     0x0000000020000793        0x1 ./Core/srccpp/Shift/SHIFT.o
                0x0000000020000793                min_t
 .bss.month_Rtc
                0x0000000020000794        0x1 ./Core/srccpp/Shift/SHIFT.o
                0x0000000020000794                month_Rtc
 .bss.sec_t     0x0000000020000795        0x1 ./Core/srccpp/Shift/SHIFT.o
                0x0000000020000795                sec_t
 .bss.year_Rtc  0x0000000020000796        0x1 ./Core/srccpp/Shift/SHIFT.o
                0x0000000020000796                year_Rtc
 .bss.Check_CWMODE_For_Hang
                0x0000000020000797        0x1 ./Core/srccpp/WifiEsp8266/ESP8266.o
                0x0000000020000797                Check_CWMODE_For_Hang
 .bss.Dyn_data_calc
                0x0000000020000798        0x2 ./Core/srccpp/WifiEsp8266/ESP8266.o
                0x0000000020000798                Dyn_data_calc
 .bss.ESP8266TXData
                0x000000002000079a       0xfa ./Core/srccpp/WifiEsp8266/ESP8266.o
                0x000000002000079a                ESP8266TXData
 .bss.Framecheck
                0x0000000020000894        0x1 ./Core/srccpp/WifiEsp8266/ESP8266.o
                0x0000000020000894                Framecheck
 *fill*         0x0000000020000895        0x1 
 .bss.NoOfdata_byte
                0x0000000020000896        0x2 ./Core/srccpp/WifiEsp8266/ESP8266.o
                0x0000000020000896                NoOfdata_byte
 .bss.OnlineData_buffer
                0x0000000020000898       0xc8 ./Core/srccpp/WifiEsp8266/ESP8266.o
                0x0000000020000898                OnlineData_buffer
 .bss.ProductionSet_uintFormat_MEM
                0x0000000020000960      0x352 ./Core/srccpp/WifiEsp8266/ESP8266.o
                0x0000000020000960                ProductionSet_uintFormat_MEM
 .bss.RefreshBlockInfo
                0x0000000020000cb2        0x1 ./Core/srccpp/WifiEsp8266/ESP8266.o
                0x0000000020000cb2                RefreshBlockInfo
 .bss.Rxseqdecoder
                0x0000000020000cb3        0x1 ./Core/srccpp/WifiEsp8266/ESP8266.o
                0x0000000020000cb3                Rxseqdecoder
 .bss.Timerdelay
                0x0000000020000cb4        0x1 ./Core/srccpp/WifiEsp8266/ESP8266.o
                0x0000000020000cb4                Timerdelay
 .bss.bufferptr
                0x0000000020000cb5        0x1 ./Core/srccpp/WifiEsp8266/ESP8266.o
                0x0000000020000cb5                bufferptr
 .bss.powercycleRefresh
                0x0000000020000cb6        0x1 ./Core/srccpp/WifiEsp8266/ESP8266.o
                0x0000000020000cb6                powercycleRefresh
 .bss.url_buffer
                0x0000000020000cb7        0x1 ./Core/srccpp/WifiEsp8266/ESP8266.o
                0x0000000020000cb7                url_buffer
 .bss.wifi_command
                0x0000000020000cb8        0x1 ./Core/srccpp/WifiEsp8266/ESP8266.o
                0x0000000020000cb8                wifi_command
 *fill*         0x0000000020000cb9        0x3 
 .bss.uwTick    0x0000000020000cbc        0x4 ./Drivers/STM32L4xx_HAL_Driver/Src/stm32l4xx_hal.o
                0x0000000020000cbc                uwTick
 .bss.__malloc_free_list
                0x0000000020000cc0        0x4 c:/st/stm32cubeide_1.11.0/stm32cubeide/plugins/com.st.stm32cube.ide.mcu.externaltools.gnu-tools-for-stm32.10.3-2021.10.win32_1.0.100.202210260954/tools/bin/../lib/gcc/arm-none-eabi/10.3.1/../../../../arm-none-eabi/lib/thumb/v7e-m+fp/hard\libc_nano.a(lib_a-nano-mallocr.o)
                0x0000000020000cc0                __malloc_free_list
 .bss.__malloc_sbrk_start
                0x0000000020000cc4        0x4 c:/st/stm32cubeide_1.11.0/stm32cubeide/plugins/com.st.stm32cube.ide.mcu.externaltools.gnu-tools-for-stm32.10.3-2021.10.win32_1.0.100.202210260954/tools/bin/../lib/gcc/arm-none-eabi/10.3.1/../../../../arm-none-eabi/lib/thumb/v7e-m+fp/hard\libc_nano.a(lib_a-nano-mallocr.o)
                0x0000000020000cc4                __malloc_sbrk_start
 .bss.errno     0x0000000020000cc8        0x4 c:/st/stm32cubeide_1.11.0/stm32cubeide/plugins/com.st.stm32cube.ide.mcu.externaltools.gnu-tools-for-stm32.10.3-2021.10.win32_1.0.100.202210260954/tools/bin/../lib/gcc/arm-none-eabi/10.3.1/../../../../arm-none-eabi/lib/thumb/v7e-m+fp/hard\libc_nano.a(lib_a-reent.o)
                0x0000000020000cc8                errno
 .bss.__lock___malloc_recursive_mutex
                0x0000000020000ccc        0x1 c:/st/stm32cubeide_1.11.0/stm32cubeide/plugins/com.st.stm32cube.ide.mcu.externaltools.gnu-tools-for-stm32.10.3-2021.10.win32_1.0.100.202210260954/tools/bin/../lib/gcc/arm-none-eabi/10.3.1/../../../../arm-none-eabi/lib/thumb/v7e-m+fp/hard\libc_nano.a(lib_a-lock.o)
                0x0000000020000ccc                __lock___malloc_recursive_mutex
 *(COMMON)
                0x0000000020000cd0                . = ALIGN (0x4)
 *fill*         0x0000000020000ccd        0x3 
                0x0000000020000cd0                _ebss = .
                0x0000000020000cd0                __bss_end__ = _ebss

._user_heap_stack
                0x0000000020000cd0      0x600 load address 0x0000000008009264
                0x0000000020000cd0                . = ALIGN (0x8)
                [!provide]                        PROVIDE (end = .)
                0x0000000020000cd0                PROVIDE (_end = .)
                0x0000000020000ed0                . = (. + _Min_Heap_Size)
 *fill*         0x0000000020000cd0      0x200 
                0x00000000200012d0                . = (. + _Min_Stack_Size)
 *fill*         0x0000000020000ed0      0x400 
                0x00000000200012d0                . = ALIGN (0x8)

/DISCARD/
 libc.a(*)
 libm.a(*)
 libgcc.a(*)

.ARM.attributes
                0x0000000000000000       0x30
 *(.ARM.attributes)
 .ARM.attributes
                0x0000000000000000       0x1e c:/st/stm32cubeide_1.11.0/stm32cubeide/plugins/com.st.stm32cube.ide.mcu.externaltools.gnu-tools-for-stm32.10.3-2021.10.win32_1.0.100.202210260954/tools/bin/../lib/gcc/arm-none-eabi/10.3.1/thumb/v7e-m+fp/hard/crti.o
 .ARM.attributes
                0x000000000000001e       0x34 c:/st/stm32cubeide_1.11.0/stm32cubeide/plugins/com.st.stm32cube.ide.mcu.externaltools.gnu-tools-for-stm32.10.3-2021.10.win32_1.0.100.202210260954/tools/bin/../lib/gcc/arm-none-eabi/10.3.1/thumb/v7e-m+fp/hard/crtbegin.o
 .ARM.attributes
                0x0000000000000052       0x34 ./Core/Src/ESP8266/esp8266_rx.o
 .ARM.attributes
                0x0000000000000086       0x34 ./Core/Src/TimerIntHandler.o
 .ARM.attributes
                0x00000000000000ba       0x34 ./Core/Src/UARTTxRxHandle.o
 .ARM.attributes
                0x00000000000000ee       0x34 ./Core/Src/main.o
 .ARM.attributes
                0x0000000000000122       0x34 ./Core/Src/stm32l4xx_hal_msp.o
 .ARM.attributes
                0x0000000000000156       0x34 ./Core/Src/stm32l4xx_it.o
 .ARM.attributes
                0x000000000000018a       0x34 ./Core/Src/sysmem.o
 .ARM.attributes
                0x00000000000001be       0x34 ./Core/Src/system_stm32l4xx.o
 .ARM.attributes
                0x00000000000001f2       0x34 ./Core/Src/RTC/ds1307.o
 .ARM.attributes
                0x0000000000000226       0x34 ./Core/Src/W25Q64/w25qxx.o
 .ARM.attributes
                0x000000000000025a       0x21 ./Core/Startup/startup_stm32l433rctx.o
 .ARM.attributes
                0x000000000000027b       0x34 ./Core/srccpp/Common/common.o
 .ARM.attributes
                0x00000000000002af       0x34 ./Core/srccpp/DisplayCPP/DisplayRoutine.o
 .ARM.attributes
                0x00000000000002e3       0x34 ./Core/srccpp/DisplayCPP/GLCD.o
 .ARM.attributes
                0x0000000000000317       0x34 ./Core/srccpp/Ethernet/W5500.o
 .ARM.attributes
                0x000000000000034b       0x34 ./Core/srccpp/LpdcLogic/LpdcLogic.o
 .ARM.attributes
                0x000000000000037f       0x34 ./Core/srccpp/Modbus/Modbusrtu.o
 .ARM.attributes
                0x00000000000003b3       0x34 ./Core/srccpp/OfflineStorage/OfflineStorage.o
 .ARM.attributes
                0x00000000000003e7       0x34 ./Core/srccpp/Shift/SHIFT.o
 .ARM.attributes
                0x000000000000041b       0x34 ./Core/srccpp/WifiEsp8266/ESP8266.o
 .ARM.attributes
                0x000000000000044f       0x34 ./Core/srccpp/main.o
 .ARM.attributes
                0x0000000000000483       0x34 ./Drivers/STM32L4xx_HAL_Driver/Src/stm32l4xx_hal.o
 .ARM.attributes
                0x00000000000004b7       0x34 ./Drivers/STM32L4xx_HAL_Driver/Src/stm32l4xx_hal_cortex.o
 .ARM.attributes
                0x00000000000004eb       0x34 ./Drivers/STM32L4xx_HAL_Driver/Src/stm32l4xx_hal_dma.o
 .ARM.attributes
                0x000000000000051f       0x34 ./Drivers/STM32L4xx_HAL_Driver/Src/stm32l4xx_hal_gpio.o
 .ARM.attributes
                0x0000000000000553       0x34 ./Drivers/STM32L4xx_HAL_Driver/Src/stm32l4xx_hal_i2c.o
 .ARM.attributes
                0x0000000000000587       0x34 ./Drivers/STM32L4xx_HAL_Driver/Src/stm32l4xx_hal_i2c_ex.o
 .ARM.attributes
                0x00000000000005bb       0x34 ./Drivers/STM32L4xx_HAL_Driver/Src/stm32l4xx_hal_pwr_ex.o
 .ARM.attributes
                0x00000000000005ef       0x34 ./Drivers/STM32L4xx_HAL_Driver/Src/stm32l4xx_hal_rcc.o
 .ARM.attributes
                0x0000000000000623       0x34 ./Drivers/STM32L4xx_HAL_Driver/Src/stm32l4xx_hal_rcc_ex.o
 .ARM.attributes
                0x0000000000000657       0x34 ./Drivers/STM32L4xx_HAL_Driver/Src/stm32l4xx_hal_spi.o
 .ARM.attributes
                0x000000000000068b       0x34 ./Drivers/STM32L4xx_HAL_Driver/Src/stm32l4xx_hal_tim.o
 .ARM.attributes
                0x00000000000006bf       0x34 ./Drivers/STM32L4xx_HAL_Driver/Src/stm32l4xx_hal_tim_ex.o
 .ARM.attributes
                0x00000000000006f3       0x34 ./Drivers/STM32L4xx_HAL_Driver/Src/stm32l4xx_hal_uart.o
 .ARM.attributes
                0x0000000000000727       0x34 ./Drivers/STM32L4xx_HAL_Driver/Src/stm32l4xx_hal_uart_ex.o
 .ARM.attributes
                0x000000000000075b       0x34 c:/st/stm32cubeide_1.11.0/stm32cubeide/plugins/com.st.stm32cube.ide.mcu.externaltools.gnu-tools-for-stm32.10.3-2021.10.win32_1.0.100.202210260954/tools/bin/../lib/gcc/arm-none-eabi/10.3.1/../../../../arm-none-eabi/lib/thumb/v7e-m+fp/hard\libstdc++_nano.a(del_ops.o)
 .ARM.attributes
                0x000000000000078f       0x34 c:/st/stm32cubeide_1.11.0/stm32cubeide/plugins/com.st.stm32cube.ide.mcu.externaltools.gnu-tools-for-stm32.10.3-2021.10.win32_1.0.100.202210260954/tools/bin/../lib/gcc/arm-none-eabi/10.3.1/../../../../arm-none-eabi/lib/thumb/v7e-m+fp/hard\libstdc++_nano.a(del_op.o)
 .ARM.attributes
                0x00000000000007c3       0x34 c:/st/stm32cubeide_1.11.0/stm32cubeide/plugins/com.st.stm32cube.ide.mcu.externaltools.gnu-tools-for-stm32.10.3-2021.10.win32_1.0.100.202210260954/tools/bin/../lib/gcc/arm-none-eabi/10.3.1/../../../../arm-none-eabi/lib/thumb/v7e-m+fp/hard\libc_nano.a(lib_a-errno.o)
 .ARM.attributes
                0x00000000000007f7       0x34 c:/st/stm32cubeide_1.11.0/stm32cubeide/plugins/com.st.stm32cube.ide.mcu.externaltools.gnu-tools-for-stm32.10.3-2021.10.win32_1.0.100.202210260954/tools/bin/../lib/gcc/arm-none-eabi/10.3.1/../../../../arm-none-eabi/lib/thumb/v7e-m+fp/hard\libc_nano.a(lib_a-impure.o)
 .ARM.attributes
                0x000000000000082b       0x34 c:/st/stm32cubeide_1.11.0/stm32cubeide/plugins/com.st.stm32cube.ide.mcu.externaltools.gnu-tools-for-stm32.10.3-2021.10.win32_1.0.100.202210260954/tools/bin/../lib/gcc/arm-none-eabi/10.3.1/../../../../arm-none-eabi/lib/thumb/v7e-m+fp/hard\libc_nano.a(lib_a-init.o)
 .ARM.attributes
                0x000000000000085f       0x34 c:/st/stm32cubeide_1.11.0/stm32cubeide/plugins/com.st.stm32cube.ide.mcu.externaltools.gnu-tools-for-stm32.10.3-2021.10.win32_1.0.100.202210260954/tools/bin/../lib/gcc/arm-none-eabi/10.3.1/../../../../arm-none-eabi/lib/thumb/v7e-m+fp/hard\libc_nano.a(lib_a-malloc.o)
 .ARM.attributes
                0x0000000000000893       0x34 c:/st/stm32cubeide_1.11.0/stm32cubeide/plugins/com.st.stm32cube.ide.mcu.externaltools.gnu-tools-for-stm32.10.3-2021.10.win32_1.0.100.202210260954/tools/bin/../lib/gcc/arm-none-eabi/10.3.1/../../../../arm-none-eabi/lib/thumb/v7e-m+fp/hard\libc_nano.a(lib_a-memcpy-stub.o)
 .ARM.attributes
                0x00000000000008c7       0x34 c:/st/stm32cubeide_1.11.0/stm32cubeide/plugins/com.st.stm32cube.ide.mcu.externaltools.gnu-tools-for-stm32.10.3-2021.10.win32_1.0.100.202210260954/tools/bin/../lib/gcc/arm-none-eabi/10.3.1/../../../../arm-none-eabi/lib/thumb/v7e-m+fp/hard\libc_nano.a(lib_a-memset.o)
 .ARM.attributes
                0x00000000000008fb       0x34 c:/st/stm32cubeide_1.11.0/stm32cubeide/plugins/com.st.stm32cube.ide.mcu.externaltools.gnu-tools-for-stm32.10.3-2021.10.win32_1.0.100.202210260954/tools/bin/../lib/gcc/arm-none-eabi/10.3.1/../../../../arm-none-eabi/lib/thumb/v7e-m+fp/hard\libc_nano.a(lib_a-nano-freer.o)
 .ARM.attributes
                0x000000000000092f       0x34 c:/st/stm32cubeide_1.11.0/stm32cubeide/plugins/com.st.stm32cube.ide.mcu.externaltools.gnu-tools-for-stm32.10.3-2021.10.win32_1.0.100.202210260954/tools/bin/../lib/gcc/arm-none-eabi/10.3.1/../../../../arm-none-eabi/lib/thumb/v7e-m+fp/hard\libc_nano.a(lib_a-nano-mallocr.o)